Using device: cuda
Loaded scalers and UR stats: use_ur_context=Truemean=7.3045, std=1.4560
y_scaler: mean=0.097555  scale=0.265595
[bridge] Ur=6.7385  U=15.9999 m/s  fn=0.32  D(Ur,rel,h/D)=7.42  B(force)=25.9
  m=2.460400e+04  c=9.893855e+02  k=9.946388e+04  rho=1.225  t_release=9.2751s

Loading CFD trajectory at Ur=6.7385 for warm-start...
[cache] loading preprocessed bridge df from /scratch/jote9827/Github/Cylinder/data/cache/bridge_ds20_trim100_v1.parquet
  CFD trajectory has 127609 steps
  [bridge] Newmark dt = 0.001999s  (1563 steps/cycle)
  Warm-start window: CFD steps 9133]  (post-release)
  Handoff at t=18.2760s   (5.00s after release)
  Initial state at handoff: h=0.017205  h_dot=-0.058792  h_ddot=-0.085019
  Warm-start raw stats:
    disp range: [-0.00054, 0.03977]
    vel  range: [-0.05861, 0.03751]
    acc  range: [-0.11765, 0.07807]
Model loaded: input_size=4  hidden_size=64
Model/input check: input_size=4, history_shape=(2500, 4)

TF-vs-coupled diagnostic over full post-release record: 118475 steps (236.8s)
[info] --make_tf_residual not set; skipping TF diagnostic (diag plot and residual generation)
[info] --run_replay_diag not set; skipping Newmark replay diagnostic

Running coupled inference for 200.0s (90911 steps)...
90911 steps) ...
[stochastic] mode=surrogate scale=1.0 resid_std=0.0108 e_std=0.0108
[closure] CFD RMS A/D=0.0283  a_ref(peak)=0.2967 m
Saved coupled trajectory -> /scratch/jote9827/Github/Cylinder/results/coupled_bridge_Ur6.7385_gru_bridge_noise0.05_forc-v1_additive_noise-surrogate_s1_seed0.npz

Saved coupled VIV plot to /scratch/jote9827/Github/Cylinder/results/coupled_viv_Ur_6.7385_gru_best.pt_offset_2000_gru_bridge_noise0.05_forc-v1_additive_noise-surrogate_s1_seed0.png

Steady-state A/D = 0.0057
Displacement range: -0.0632 to 0.0632 m
CL range: -0.9560 to 1.1661

------------------------------------------------------------
Sender: LSF System <schwan@makalu88>
Subject: Job 1404620[1]: <bridge_forcing[1-5]> in cluster <wuerfel> Done

Job <bridge_forcing[1-5]> was submitted from host <makalu56> by user <jote9827> in cluster <wuerfel> at Sat Jul  4 19:14:52 2026
Job was executed on host(s) <makalu88>, in queue <BatchGPU>, as user <jote9827> in cluster <wuerfel> at Sat Jul  4 19:15:52 2026
</home/jote9827> was used as the home directory.
</scratch/jote9827/Github/Cylinder> was used as the working directory.
Started at Sat Jul  4 19:15:52 2026
Terminated at Sat Jul  4 19:21:54 2026
Results reported at Sat Jul  4 19:21:54 2026

Your job looked like:

------------------------------------------------------------
# LSBATCH: User input
#!/bin/bash
#BSUB -J bridge_forcing[1-5]
#BSUB -q BatchGPU
#BSUB -gpu "num=1:mode=shared"
#BSUB -R "rusage[mem=24000]"
#BSUB -W 3:00
#BSUB -o bridge_%J_%I.log
cd /scratch/jote9827/Github/Cylinder
source .venv/bin/activate
export VIV_NUM_WORKERS=0
export OMP_NUM_THREADS=4
export PYTORCH_CUDA_ALLOC_CONF=expandable_segments:True
RES=results/tf_residual_Ur6.7385.npz
COMMON="--Ur 6.7385 --cfd_dataset bridge --model_subdir gru_bridge_noise0.05 \
  --total_time 200 --handoff_offset 2000 --residual_npz $RES --noise_seed 0"
case $LSB_JOBINDEX in
  1) python -u -m src.viv_analysis.coupled_inference $COMMON --noise_mode surrogate --noise_scale 1.0 --forcing_mode v1_additive ;;
  2) python -u -m src.viv_analysis.coupled_inference $COMMON --noise_mode surrogate --noise_scale 1.0 --forcing_mode v2_multiplicative ;;
  3) python -u -m src.viv_analysis.coupled_inference $COMMON --noise_mode surrogate --noise_scale 1.0 --forcing_mode v3_coherent ;;
  4) python -u -m src.viv_analysis.coupled_inference $COMMON --noise_mode none --forcing_mode v3_coherent --gru_off ;;
  5) python -u -m src.viv_analysis.coupled_inference $COMMON --noise_mode surrogate --noise_scale 1.0 --forcing_mode v3_coherent --gru_off ;;
  6) python -u -m src.viv_analysis.coupled_inference $COMMON --noise_mode surrogate --noise_scale 1.0 --forcing_mode v3_coherent --mu 0.40 ;;
  7) python -u -m src.viv_analysis.coupled_inference $COMMON --noise_mode surrogate --noise_scale 1.0 --forcing_mode v3_coherent --mu 0.65 ;;
esac
------------------------------------------------------------

Successfully completed.

Resource usage summary:

    CPU time :                                   298.09 sec.
    Max Memory :                                 781.80 MB
    Average Memory :                             695.63 MB
    Total Requested Memory :                     24000.00 MB
    Delta Memory :                               23218.20 MB
    Max Swap :                                   288 KB
    Max Processes :                              4
    Max Threads :                                20
    Run time :                                   359 sec.
    Turnaround time :                            422 sec.

The output (if any) is above this job summary.

