Starting LSF Control Job on node: makalu157
[cache] no cache found — building (this is the slow path, ~1h)
Computing velocity and acceleration...
[compute_kinematics] m=2.460400e+04  c=9.893855e+02  k=9.946388e+04
[cache] wrote /scratch/jote9827/Github/Cylinder/data/cache/bridge_ds20_trim100_v1.parquet  (104 MB)
(3620533, 8)
case
Ur10.1078    149996
Ur4.6327     149996
Ur4.8433     149996
Ur5.0539     149996
Ur5.2645     149996
Ur5.4751      85718
Ur5.5804     149996
Ur5.6856     149996
Ur5.8962     149996
Ur6.0015     149996
Ur6.1068     149996
Ur6.3174     149996
Ur6.4227     126526
Ur6.528      136703
Ur6.7385     127609
Ur6.8438     116983
Ur6.9491      98750
Ur7.1597      12533
Ur7.265       64142
Ur7.3703      98290
Ur7.5809     117413
Ur7.7914     112106
Ur8.002      123824
Ur8.2126     149996
Ur8.4232     149996
Ur8.6338     149996
Ur8.8443     149996
Ur9.2655     149996
dtype: int64
               disp           vel           acc            cl
count  3.620533e+06  3.620533e+06  3.620533e+06  3.620533e+06
mean   3.110845e-03  2.671499e-06  1.801272e-03  1.226291e-01
std    6.072355e-02  1.204512e-01  2.427570e-01  3.124528e-01
min   -4.392774e-01 -8.851550e-01 -1.800887e+00 -1.259396e+00
25%   -9.319667e-03 -1.494759e-02 -2.820094e-02 -7.253984e-02
50%    4.771669e-03  0.000000e+00  1.169392e-03  6.969168e-02
75%    1.735407e-02  1.512810e-02  3.052623e-02  3.149090e-01
max    4.394378e-01  8.890906e-01  1.787431e+00  1.334509e+00

------------------------------------------------------------
Sender: LSF System <schwan@makalu157>
Subject: Job 1404158: <cache> in cluster <wuerfel> Done

Job <cache> was submitted from host <makalu56> by user <jote9827> in cluster <wuerfel> at Sat Jul  4 14:43:55 2026
Job was executed on host(s) <makalu157>, in queue <BatchXL>, as user <jote9827> in cluster <wuerfel> at Sat Jul  4 14:44:00 2026
</home/jote9827> was used as the home directory.
</scratch/jote9827/Github/Cylinder> was used as the working directory.
Started at Sat Jul  4 14:44:00 2026
Terminated at Sat Jul  4 15:42:35 2026
Results reported at Sat Jul  4 15:42:35 2026

Your job looked like:

------------------------------------------------------------
# LSBATCH: User input
#!/bin/bash
#BSUB -J cache                # Job name
#BSUB -q BatchXL          # or whatever your CPU queue is
#BSUB -R "rusage[mem=32000]"
#BSUB -W 2:00
#BSUB -o cache_%J.log          # Output log file (%J is the LSF Job ID)


echo "Starting LSF Control Job on node: $HOSTNAME"

# 1. Activate your Conda environment

# 2. Navigate to your project folder
cd /scratch/jote9827/Github/Cylinder
source .venv/bin/activate


python -c "
from viv_analysis.config import config, bridge_structural_params
from viv_analysis.preprocess import load_bridge_df_cached
bsp = bridge_structural_params()
df = load_bridge_df_cached(fn_hz=config['bridge_fn_hz'],
                           d_ref=config['bridge_D_ref'],
                           bridge_structural_params=bsp)
print(df.shape)
print(df.groupby('case').size())
print(df[['disp','vel','acc','cl']].describe())
"
------------------------------------------------------------

Successfully completed.

Resource usage summary:

    CPU time :                                   3495.46 sec.
    Max Memory :                                 14412.54 MB
    Average Memory :                             9046.26 MB
    Total Requested Memory :                     32000.00 MB
    Delta Memory :                               17587.46 MB
    Max Swap :                                   256 KB
    Max Processes :                              4
    Max Threads :                                12
    Run time :                                   3515 sec.
    Turnaround time :                            3520 sec.

The output (if any) is above this job summary.

