Using device: cuda
Loaded scalers and UR stats: use_ur_context=Truemean=6.5000, std=2.5909
y_scaler: mean=0.000299  scale=0.269071
[cylinder1000] Ur=4.0  U=0.3200 m/s  fn=0.2  D(Ur,rel,h/D)=0.4  B(force)=0.4
  m=2.513274e-01  c=4.421583e-03  k=3.968803e-01  rho=1.0  t_release=100.0000s

Loading CFD trajectory at Ur=4.0 for warm-start...
Computing velocity and acceleration...
[compute_kinematics] m=2.513274e-01  c=4.421583e-03  k=3.968803e-01
  CFD trajectory has 139901 steps
  Warm-start window: CFD steps 22900]  (post-release)
  Handoff at t=115.0000s   (5.00s after release)
  Initial state at handoff: h=0.090706  h_dot=0.125372  h_ddot=-0.101886
  Warm-start raw stats:
    disp range: [-0.11598, 0.09008]
    vel  range: [-0.11511, 0.15122]
    acc  range: [-0.11014, 0.15360]
Model loaded: input_size=4  hidden_size=64
Model/input check: input_size=4, history_shape=(1000, 4)

TF-vs-coupled diagnostic over full post-release record: 117000 steps (585.0s)

Teacher-forcing vs coupled diagnostic
--------------------------------------
n_steps = 117000
RMSE TF CL vs CFD CL       = 0.013634
RMSE coupled CL vs TF CL   = 0.161243
RMSE coupled CL vs CFD CL  = 0.165199
Max |coupled CL - TF CL|   = 0.682627
Max |coupled h - CFD h|/D  = 0.668914

By horizon:
    10 steps (0.050s): TF-CFD CL RMSE=0.00281, CPL-TF CL RMSE=0.00037, max |h_err|/D=0.00003
    50 steps (0.250s): TF-CFD CL RMSE=0.02340, CPL-TF CL RMSE=0.01143, max |h_err|/D=0.00031
   100 steps (0.500s): TF-CFD CL RMSE=0.05200, CPL-TF CL RMSE=0.04576, max |h_err|/D=0.00170
   250 steps (1.250s): TF-CFD CL RMSE=0.09158, CPL-TF CL RMSE=0.23130, max |h_err|/D=0.02515
   500 steps (2.500s): TF-CFD CL RMSE=0.07322, CPL-TF CL RMSE=0.41400, max |h_err|/D=0.12470
Saved TF residual arrays to /scratch/jote9827/Github/Cylinder/results/tf_residual_Ur4.0.npz
Saved diagnostic plot to /scratch/jote9827/Github/Cylinder/results/diagnostic_tf_vs_coupled_Ur_4.0_gru_best.pt_handoff_2000_gru_cylinder_re_1000_noise0.05.png_gru_best.pt
[info] --run_replay_diag not set; skipping Newmark replay diagnostic

Running coupled inference for 700.0s (117000 steps)...
117000 steps) ...
[closure] CFD RMS A/D=0.3503  a_ref(peak)=0.1981 m
Saved coupled trajectory -> /scratch/jote9827/Github/Cylinder/results/coupled_cylinder1000_Ur4.0_gru_cylinder_re_1000_noise0.05_forc-v1_additive_noise-none_s1_seed0_handoff_2000_muNone.npz

Saved coupled VIV plot to /scratch/jote9827/Github/Cylinder/results/coupled_viv_Ur=4.0 — v1_additive, none, mu=None.png

Steady-state A/D = 0.0007
Displacement range: -0.1334 to 0.1480 m
CL range: -0.6786 to 0.8160

------------------------------------------------------------
Sender: LSF System <schwan@makalu83>
Subject: Job 1556381[2]: <cylinder_forcing[2]> in cluster <wuerfel> Done

Job <cylinder_forcing[2]> was submitted from host <makalu56> by user <jote9827> in cluster <wuerfel> at Wed Jul  8 14:47:36 2026
Job was executed on host(s) <makalu83>, in queue <BatchGPU>, as user <jote9827> in cluster <wuerfel> at Wed Jul  8 14:47:56 2026
</home/jote9827> was used as the home directory.
</scratch/jote9827/Github/Cylinder> was used as the working directory.
Started at Wed Jul  8 14:47:56 2026
Terminated at Wed Jul  8 14:54:32 2026
Results reported at Wed Jul  8 14:54:32 2026

Your job looked like:

------------------------------------------------------------
# LSBATCH: User input
#!/bin/bash
#BSUB -J cylinder_forcing[2]
#BSUB -q BatchGPU
#BSUB -gpu "num=1:mode=shared"
#BSUB -R "rusage[mem=24000]"
#BSUB -W 3:00
#BSUB -o cylinder_%J_%I.log
cd /scratch/jote9827/Github/Cylinder
source .venv/bin/activate
export VIV_NUM_WORKERS=0
export OMP_NUM_THREADS=4
export PYTORCH_CUDA_ALLOC_CONF=expandable_segments:True

case $LSB_JOBINDEX in
  2) python -u -m src.viv_analysis.coupled_inference --Ur 4 --cfd_dataset cylinder1000 \
     --model_subdir gru_cylinder_re_1000_noise0.05 --model_dataset cylinder_re_1000 \
     --handoff_offset 2000 --total_time 700 --make_tf_residual ;;   # the never-asked question
esac
------------------------------------------------------------

Successfully completed.

Resource usage summary:

    CPU time :                                   377.95 sec.
    Max Memory :                                 823.33 MB
    Average Memory :                             764.61 MB
    Total Requested Memory :                     24000.00 MB
    Delta Memory :                               23176.67 MB
    Max Swap :                                   -
    Max Processes :                              4
    Max Threads :                                14
    Run time :                                   396 sec.
    Turnaround time :                            416 sec.

The output (if any) is above this job summary.

