Using device: cuda
Loaded scalers and UR stats: use_ur_context=Truemean=6.5000, std=2.5909
y_scaler: mean=0.000299  scale=0.269071
[cylinder1000] Ur=4.0  U=0.3200 m/s  fn=0.2  D(Ur,rel,h/D)=0.4  B(force)=0.4
  m=2.513274e-01  c=4.421583e-03  k=3.968803e-01  rho=1.0  t_release=100.0000s

Loading CFD trajectory at Ur=4.0 for warm-start...
Computing velocity and acceleration...
[compute_kinematics] m=2.513274e-01  c=4.421583e-03  k=3.968803e-01
  CFD trajectory has 139901 steps
  Warm-start window: CFD steps 22900]  (post-release)
  Handoff at t=115.0000s   (5.00s after release)
  Initial state at handoff: h=0.090706  h_dot=0.125372  h_ddot=-0.101886
  Warm-start raw stats:
    disp range: [-0.11598, 0.09008]
    vel  range: [-0.11511, 0.15122]
    acc  range: [-0.11014, 0.15360]
Model loaded: input_size=4  hidden_size=64
Model/input check: input_size=4, history_shape=(1000, 4)

TF-vs-coupled diagnostic over full post-release record: 117000 steps (585.0s)
[info] --make_tf_residual not set; skipping TF diagnostic (diag plot and residual generation)
[info] --run_replay_diag not set; skipping Newmark replay diagnostic

Running coupled inference for 700.0s (117000 steps)...
117000 steps) ...
[closure] CFD RMS A/D=0.3503  a_ref(peak)=0.1981 m
Saved coupled trajectory -> /scratch/jote9827/Github/Cylinder/results/coupled_cylinder1000_Ur4.0_gru_cylinder_re_1000_noise0.05_forc-v1_additive_noise-none_s1_seed0_muNone.npz

Saved coupled VIV plot to /scratch/jote9827/Github/Cylinder/results/coupled_viv_Ur=4.0 — v1_additive, none, mu=None.png

Steady-state A/D = 0.0006
Displacement range: -0.1334 to 0.1480 m
CL range: -0.6786 to 0.8160

------------------------------------------------------------
Sender: LSF System <schwan@makalu95>
Subject: Job 1555949[2]: <cylinder_forcing[1-2]> in cluster <wuerfel> Done

Job <cylinder_forcing[1-2]> was submitted from host <makalu56> by user <jote9827> in cluster <wuerfel> at Wed Jul  8 12:15:02 2026
Job was executed on host(s) <makalu95>, in queue <BatchGPU>, as user <jote9827> in cluster <wuerfel> at Wed Jul  8 12:09:25 2026
</home/jote9827> was used as the home directory.
</scratch/jote9827/Github/Cylinder> was used as the working directory.
Started at Wed Jul  8 12:09:25 2026
Terminated at Wed Jul  8 12:18:40 2026
Results reported at Wed Jul  8 12:18:40 2026

Your job looked like:

------------------------------------------------------------
# LSBATCH: User input
#!/bin/bash
#BSUB -J cylinder_forcing[1-2]
#BSUB -q BatchGPU
#BSUB -gpu "num=1:mode=shared"
#BSUB -R "rusage[mem=24000]"
#BSUB -W 3:00
#BSUB -o cylinder_%J_%I.log
cd /scratch/jote9827/Github/Cylinder
source .venv/bin/activate
export VIV_NUM_WORKERS=0
export OMP_NUM_THREADS=4
export PYTORCH_CUDA_ALLOC_CONF=expandable_segments:True

case $LSB_JOBINDEX in
  1) python -u -m src.viv_analysis.coupled_inference --Ur 5 --cfd_dataset cylinder1000 \
     --model_subdir gru_cylinder_re_1000_noise0.05 --model_dataset cylinder_re_1000 \
     --handoff_offset 2000 --total_time 700 ;;   # expect ≈0.3919
  2) python -u -m src.viv_analysis.coupled_inference --Ur 4 --cfd_dataset cylinder1000 \
     --model_subdir gru_cylinder_re_1000_noise0.05 --model_dataset cylinder_re_1000 \
     --handoff_offset 2000 --total_time 700 ;;   # the never-asked question
esac
------------------------------------------------------------

Successfully completed.

Resource usage summary:

    CPU time :                                   535.06 sec.
    Max Memory :                                 781.91 MB
    Average Memory :                             744.55 MB
    Total Requested Memory :                     24000.00 MB
    Delta Memory :                               23218.09 MB
    Max Swap :                                   -
    Max Processes :                              4
    Max Threads :                                14
    Run time :                                   554 sec.
    Turnaround time :                            218 sec.

The output (if any) is above this job summary.

