Using device: cuda
Loaded scalers and UR stats: use_ur_context=Truemean=6.5000, std=2.5909
y_scaler: mean=0.000299  scale=0.269071
[cylinder1000] Ur=5.0  U=0.4000 m/s  fn=0.2  D(Ur,rel,h/D)=0.4  B(force)=0.4
  m=2.513274e-01  c=4.421583e-03  k=3.968803e-01  rho=1.0  t_release=80.0000s

Loading CFD trajectory at Ur=5.0 for warm-start...
Computing velocity and acceleration...
[compute_kinematics] m=2.513274e-01  c=4.421583e-03  k=3.968803e-01
  CFD trajectory has 139901 steps
  Warm-start window: CFD steps 18900]  (post-release)
  Handoff at t=95.0000s   (5.00s after release)
  Initial state at handoff: h=-0.126662  h_dot=0.133368  h_ddot=0.224674
  Warm-start raw stats:
    disp range: [-0.16195, 0.14784]
    vel  range: [-0.20374, 0.17995]
    acc  range: [-0.24994, 0.28044]
Model loaded: input_size=4  hidden_size=64

[ATTRACTOR TEST] Seeding loop with artificial A/D = 0.1
[ATTRACTOR] seed A/D=0.1  final A/D=0.3353  target=0.23  f_dom=0.200  converged=False

------------------------------------------------------------
Sender: LSF System <schwan@makalu95>
Subject: Job 1542625: <cylinder_forcing> in cluster <wuerfel> Done

Job <cylinder_forcing> was submitted from host <makalu56> by user <jote9827> in cluster <wuerfel> at Tue Jul  7 22:55:58 2026
Job was executed on host(s) <makalu95>, in queue <BatchGPU>, as user <jote9827> in cluster <wuerfel> at Tue Jul  7 22:50:23 2026
</home/jote9827> was used as the home directory.
</scratch/jote9827/Github/Cylinder> was used as the working directory.
Started at Tue Jul  7 22:50:23 2026
Terminated at Tue Jul  7 22:51:27 2026
Results reported at Tue Jul  7 22:51:27 2026

Your job looked like:

------------------------------------------------------------
# LSBATCH: User input
#!/bin/bash
#BSUB -J cylinder_forcing
#BSUB -q BatchGPU
#BSUB -gpu "num=1:mode=shared"
#BSUB -R "rusage[mem=24000]"
#BSUB -W 3:00
#BSUB -o cylinder_%J_%I.log
cd /scratch/jote9827/Github/Cylinder
source .venv/bin/activate
export VIV_NUM_WORKERS=0
export OMP_NUM_THREADS=4
export PYTORCH_CUDA_ALLOC_CONF=expandable_segments:True
python -u -m src.viv_analysis.coupled_inference \
  --Ur 5.0 --cfd_dataset cylinder1000 \
  --model_subdir gru_cylinder_re_1000_noise0.05 \
  --ad_seed 0.10 --total_time 50 --cfd_target_AD 0.23
------------------------------------------------------------

Successfully completed.

Resource usage summary:

    CPU time :                                   47.36 sec.
    Max Memory :                                 781.05 MB
    Average Memory :                             566.48 MB
    Total Requested Memory :                     24000.00 MB
    Delta Memory :                               23218.95 MB
    Max Swap :                                   -
    Max Processes :                              4
    Max Threads :                                14
    Run time :                                   63 sec.
    Turnaround time :                            0 sec.

The output (if any) is above this job summary.

