Using device: cuda
Loaded scalers and UR stats: use_ur_context=Truemean=6.5000, std=2.5909
y_scaler: mean=0.000299  scale=0.269071
[cylinder1000] Ur=4.0  U=0.3200 m/s  fn=0.2  D(Ur,rel,h/D)=0.4  B(force)=0.4
  m=2.513274e-01  c=4.421583e-03  k=3.968803e-01  rho=1.0  t_release=100.0000s

Loading CFD trajectory at Ur=4.0 for warm-start...
Computing velocity and acceleration...
[compute_kinematics] m=2.513274e-01  c=4.421583e-03  k=3.968803e-01
  CFD trajectory has 139901 steps
  Warm-start window: CFD steps 22900]  (post-release)
  Handoff at t=115.0000s   (5.00s after release)
  Initial state at handoff: h=0.090706  h_dot=0.125372  h_ddot=-0.101886
  Warm-start raw stats:
    disp range: [-0.11598, 0.09008]
    vel  range: [-0.11511, 0.15122]
    acc  range: [-0.11014, 0.15360]
Model loaded: input_size=4  hidden_size=64

[ATTRACTOR TEST] Seeding loop with artificial A/D = 0.35
[ATTRACTOR] seed A/D=0.35  final A/D=0.0003  target=0.4956  f_dom=0.200  converged=False

------------------------------------------------------------
Sender: LSF System <schwan@makalu93>
Subject: Job 1543692[4]: <cylinder_forcing[1-6]> in cluster <wuerfel> Done

Job <cylinder_forcing[1-6]> was submitted from host <makalu56> by user <jote9827> in cluster <wuerfel> at Tue Jul  7 23:35:35 2026
Job was executed on host(s) <makalu93>, in queue <BatchGPU>, as user <jote9827> in cluster <wuerfel> at Tue Jul  7 23:35:55 2026
</home/jote9827> was used as the home directory.
</scratch/jote9827/Github/Cylinder> was used as the working directory.
Started at Tue Jul  7 23:35:55 2026
Terminated at Tue Jul  7 23:39:47 2026
Results reported at Tue Jul  7 23:39:47 2026

Your job looked like:

------------------------------------------------------------
# LSBATCH: User input
#!/bin/bash
#BSUB -J cylinder_forcing[1-6]
#BSUB -q BatchGPU
#BSUB -gpu "num=1:mode=shared"
#BSUB -R "rusage[mem=24000]"
#BSUB -W 3:00
#BSUB -o cylinder_%J_%I.log
cd /scratch/jote9827/Github/Cylinder
source .venv/bin/activate
export VIV_NUM_WORKERS=0
export OMP_NUM_THREADS=4
export PYTORCH_CUDA_ALLOC_CONF=expandable_segments:True
RES=results/tf_residual_Ur6.7385.npz
COMMON="--Ur 4 --cfd_dataset cylinder1000 --model_subdir gru_cylinder_re_1000_noise0.05 \
  --model_dataset cylinder_re_1000 --cfd_target_AD 0.4956 --total_time 700"
case $LSB_JOBINDEX in
  1) python -u -m src.viv_analysis.coupled_inference $COMMON --handoff_offset 1600 ;;   # A: 0.46× CFD state — the A/B partner
  2) python -u -m src.viv_analysis.coupled_inference $COMMON --handoff_offset 100  ;;   # 0.25× — basin depth
  3) python -u -m src.viv_analysis.coupled_inference $COMMON --handoff_offset 3100 ;;   # 0.70× — near-cycle control
  4) python -u -m src.viv_analysis.coupled_inference $COMMON --ad_seed 0.35 ;;          # B: analytic at 0.7× — where does sine start failing?
  5) python -u -m src.viv_analysis.coupled_inference $COMMON --handoff_offset 30000 --cfd_scale 1.3 ;;  # from above (needs patch)
  6) python -u -m src.viv_analysis.coupled_inference $COMMON --handoff_offset 30000 --cfd_scale 1.5 ;;
esac
------------------------------------------------------------

Successfully completed.

Resource usage summary:

    CPU time :                                   217.49 sec.
    Max Memory :                                 778.24 MB
    Average Memory :                             688.37 MB
    Total Requested Memory :                     24000.00 MB
    Delta Memory :                               23221.76 MB
    Max Swap :                                   -
    Max Processes :                              4
    Max Threads :                                14
    Run time :                                   232 sec.
    Turnaround time :                            252 sec.

The output (if any) is above this job summary.

