================================================================================
COUPLED GRU-STRUCTURAL VIV SWEEP
Evaluating all rollout checkpoints across Ur values
================================================================================

Pre-computing CFD steady-state amplitudes...
Computing velocity and acceleration...
[compute_kinematics] m=2.513274e-01  c=4.421583e-03  k=3.968803e-01
  Ur=4.0: CFD A/D = 0.4955
Computing velocity and acceleration...
[compute_kinematics] m=2.513274e-01  c=4.421583e-03  k=3.968803e-01
  Ur=5.0: CFD A/D = 0.4157
Computing velocity and acceleration...
[compute_kinematics] m=2.513274e-01  c=4.421583e-03  k=3.968803e-01
  Ur=5.5: CFD A/D = 0.3510
Computing velocity and acceleration...
[compute_kinematics] m=2.513274e-01  c=4.421583e-03  k=3.968803e-01
  Ur=6.0: CFD A/D = 0.2613
Computing velocity and acceleration...
[compute_kinematics] m=2.513274e-01  c=4.421583e-03  k=3.968803e-01
  Ur=6.5: CFD A/D = 0.1273
Computing velocity and acceleration...
[compute_kinematics] m=2.513274e-01  c=4.421583e-03  k=3.968803e-01
  Ur=7.0: CFD A/D = 0.0966

Running 6 simulations (expect ~1 hours)...
--------------------------------------------------------------------------------
[1/6] noise0.05    Ur=4.0 ... A/D=0.0652
[2/6] noise0.05    Ur=5.0 ... A/D=0.3919
[3/6] noise0.05    Ur=5.5 ... A/D=0.3257
[4/6] noise0.05    Ur=6.0 ... A/D=0.2529
[5/6] noise0.05    Ur=6.5 ... A/D=0.1757
[6/6] noise0.05    Ur=7.0 ... A/D=0.1048

================================================================================
RESULTS SUMMARY
================================================================================

Ur     CFD        noise0.05 
--------------------------
4.0    0.4955     0.0652    
5.0    0.4157     0.3919    
5.5    0.3510     0.3257    
6.0    0.2613     0.2529    
6.5    0.1273     0.1757    
7.0    0.0966     0.1048    

================================================================================
ERROR vs CFD (absolute)
================================================================================
Ur     noise0.05 
----------------
4.0    0.4303    
5.0    0.0238    
5.5    0.0253    
6.0    0.0084    
6.5    0.0484    
7.0    0.0082    

================================================================================
SUMMARY STATISTICS
================================================================================
noise0.05     Mean error: 0.0907  Max error: 0.4303

Results saved to /scratch/jote9827/Github/Cylinder/results/sweep_results.csv

------------------------------------------------------------
Sender: LSF System <schwan@makalu83>
Subject: Job 1555946: <cylinder_evaluation> in cluster <wuerfel> Done

Job <cylinder_evaluation> was submitted from host <makalu56> by user <jote9827> in cluster <wuerfel> at Wed Jul  8 11:57:57 2026
Job was executed on host(s) <makalu83>, in queue <BatchGPU>, as user <jote9827> in cluster <wuerfel> at Wed Jul  8 11:58:17 2026
</home/jote9827> was used as the home directory.
</scratch/jote9827/Github/Cylinder> was used as the working directory.
Started at Wed Jul  8 11:58:17 2026
Terminated at Wed Jul  8 12:09:47 2026
Results reported at Wed Jul  8 12:09:47 2026

Your job looked like:

------------------------------------------------------------
# LSBATCH: User input
#!/bin/bash
#BSUB -J cylinder_evaluation
#BSUB -q BatchGPU
#BSUB -gpu "num=1:mode=shared"
#BSUB -R "rusage[mem=24000]"
#BSUB -W 3:00
#BSUB -o cylinder_%J_%I.log
cd /scratch/jote9827/Github/Cylinder
source .venv/bin/activate
export VIV_NUM_WORKERS=0
export OMP_NUM_THREADS=4
export PYTORCH_CUDA_ALLOC_CONF=expandable_segments:True

python -u -m src.viv_analysis.evaluate_all 
------------------------------------------------------------

Successfully completed.

Resource usage summary:

    CPU time :                                   652.08 sec.
    Max Memory :                                 1253.35 MB
    Average Memory :                             887.43 MB
    Total Requested Memory :                     24000.00 MB
    Delta Memory :                               22746.65 MB
    Max Swap :                                   -
    Max Processes :                              5
    Max Threads :                                22
    Run time :                                   693 sec.
    Turnaround time :                            710 sec.

The output (if any) is above this job summary.

