Using device: cuda
Loaded scalers and UR stats: use_ur_context=Truemean=6.5000, std=2.5909
y_scaler: mean=0.000299  scale=0.269071
[cylinder1000] Ur=5.0  U=0.4000 m/s  fn=0.2  D(Ur,rel,h/D)=0.4  B(force)=0.4
  m=2.513274e-01  c=4.421583e-03  k=3.968803e-01  rho=1.0  t_release=80.0000s

Loading CFD trajectory at Ur=5.0 for warm-start...
Computing velocity and acceleration...
[compute_kinematics] m=2.513274e-01  c=4.421583e-03  k=3.968803e-01
  CFD trajectory has 139901 steps
  Warm-start window: CFD steps 18900]  (post-release)
  Handoff at t=95.0000s   (5.00s after release)
  Initial state at handoff: h=-0.126662  h_dot=0.133368  h_ddot=0.224674
  Warm-start raw stats:
    disp range: [-0.16195, 0.14784]
    vel  range: [-0.20374, 0.17995]
    acc  range: [-0.24994, 0.28044]
Model loaded: input_size=4  hidden_size=64
Model/input check: input_size=4, history_shape=(1000, 4)

TF-vs-coupled diagnostic over full post-release record: 121000 steps (605.0s)
[info] --make_tf_residual not set; skipping TF diagnostic (diag plot and residual generation)
[info] --run_replay_diag not set; skipping Newmark replay diagnostic

Running coupled inference for 700.0s (121000 steps)...
121000 steps) ...
[closure] CFD RMS A/D=0.2940  a_ref(peak)=0.1663 m
Saved coupled trajectory -> /scratch/jote9827/Github/Cylinder/results/coupled_cylinder1000_Ur5.0_gru_cylinder_re_1000_noise0.05_forc-v1_additive_noise-none_s1_seed0_muNone.npz

Saved coupled VIV plot to /scratch/jote9827/Github/Cylinder/results/coupled_viv_Ur=5.0 — v1_additive, none, mu=None.png

Steady-state A/D = 0.3921
Displacement range: -0.1620 to 0.1608 m
CL range: -0.1600 to 0.1945

------------------------------------------------------------
Sender: LSF System <schwan@makalu83>
Subject: Job 1555949[1]: <cylinder_forcing[1-2]> in cluster <wuerfel> Done

Job <cylinder_forcing[1-2]> was submitted from host <makalu56> by user <jote9827> in cluster <wuerfel> at Wed Jul  8 12:15:02 2026
Job was executed on host(s) <makalu83>, in queue <BatchGPU>, as user <jote9827> in cluster <wuerfel> at Wed Jul  8 12:15:22 2026
</home/jote9827> was used as the home directory.
</scratch/jote9827/Github/Cylinder> was used as the working directory.
Started at Wed Jul  8 12:15:22 2026
Terminated at Wed Jul  8 12:19:14 2026
Results reported at Wed Jul  8 12:19:14 2026

Your job looked like:

------------------------------------------------------------
# LSBATCH: User input
#!/bin/bash
#BSUB -J cylinder_forcing[1-2]
#BSUB -q BatchGPU
#BSUB -gpu "num=1:mode=shared"
#BSUB -R "rusage[mem=24000]"
#BSUB -W 3:00
#BSUB -o cylinder_%J_%I.log
cd /scratch/jote9827/Github/Cylinder
source .venv/bin/activate
export VIV_NUM_WORKERS=0
export OMP_NUM_THREADS=4
export PYTORCH_CUDA_ALLOC_CONF=expandable_segments:True

case $LSB_JOBINDEX in
  1) python -u -m src.viv_analysis.coupled_inference --Ur 5 --cfd_dataset cylinder1000 \
     --model_subdir gru_cylinder_re_1000_noise0.05 --model_dataset cylinder_re_1000 \
     --handoff_offset 2000 --total_time 700 ;;   # expect ≈0.3919
  2) python -u -m src.viv_analysis.coupled_inference --Ur 4 --cfd_dataset cylinder1000 \
     --model_subdir gru_cylinder_re_1000_noise0.05 --model_dataset cylinder_re_1000 \
     --handoff_offset 2000 --total_time 700 ;;   # the never-asked question
esac
------------------------------------------------------------

Successfully completed.

Resource usage summary:

    CPU time :                                   214.71 sec.
    Max Memory :                                 775.35 MB
    Average Memory :                             682.74 MB
    Total Requested Memory :                     24000.00 MB
    Delta Memory :                               23224.65 MB
    Max Swap :                                   -
    Max Processes :                              4
    Max Threads :                                14
    Run time :                                   232 sec.
    Turnaround time :                            252 sec.

The output (if any) is above this job summary.

