Using device: cuda
Loaded scalers and UR stats: use_ur_context=Truemean=6.5000, std=2.5909
y_scaler: mean=0.000299  scale=0.269071
[cylinder1000] Ur=4.0  U=0.3200 m/s  fn=0.2  D(Ur,rel,h/D)=0.4  B(force)=0.4
  m=2.513274e-01  c=4.421583e-03  k=3.968803e-01  rho=1.0  t_release=100.0000s

Loading CFD trajectory at Ur=4.0 for warm-start...
Computing velocity and acceleration...
[compute_kinematics] m=2.513274e-01  c=4.421583e-03  k=3.968803e-01
  CFD trajectory has 139901 steps
  Warm-start window: CFD steps 20900]  (post-release)
  Handoff at t=105.0000s   (5.00s after release)
  Initial state at handoff: h=0.030447  h_dot=-0.015954  h_ddot=-0.043798
  Warm-start raw stats:
    disp range: [-0.01161, 0.03343]
    vel  range: [-0.01574, 0.02653]
    acc  range: [-0.04383, 0.02342]
Model loaded: input_size=4  hidden_size=64
Model/input check: input_size=4, history_shape=(1000, 4)

TF-vs-coupled diagnostic over full post-release record: 119000 steps (595.0s)

Teacher-forcing vs coupled diagnostic
--------------------------------------
n_steps = 119000
RMSE TF CL vs CFD CL       = 0.014731
RMSE coupled CL vs TF CL   = 0.155430
RMSE coupled CL vs CFD CL  = 0.157387
Max |coupled CL - TF CL|   = 0.693742
Max |coupled h - CFD h|/D  = 0.580865

By horizon:
    10 steps (0.050s): TF-CFD CL RMSE=0.02698, CPL-TF CL RMSE=0.00198, max |h_err|/D=0.00002
    50 steps (0.250s): TF-CFD CL RMSE=0.02709, CPL-TF CL RMSE=0.02143, max |h_err|/D=0.00031
   100 steps (0.500s): TF-CFD CL RMSE=0.02594, CPL-TF CL RMSE=0.04685, max |h_err|/D=0.00144
   250 steps (1.250s): TF-CFD CL RMSE=0.01999, CPL-TF CL RMSE=0.09637, max |h_err|/D=0.01185
   500 steps (2.500s): TF-CFD CL RMSE=0.02619, CPL-TF CL RMSE=0.09024, max |h_err|/D=0.02586
Saved TF residual arrays to /scratch/jote9827/Github/Cylinder/results/tf_residual_Ur4.0.npz
Saved diagnostic plot to /scratch/jote9827/Github/Cylinder/results/diagnostic_tf_vs_coupled_Ur_4.0_gru_best.pt_handoff_0_gru_cylinder_re_1000_noise0.05.png_gru_best.pt
[info] --run_replay_diag not set; skipping Newmark replay diagnostic

Running coupled inference for 700.0s (119000 steps)...
119000 steps) ...
[closure] CFD RMS A/D=0.3508  a_ref(peak)=0.1985 m
Saved coupled trajectory -> /scratch/jote9827/Github/Cylinder/results/coupled_cylinder1000_Ur4.0_gru_cylinder_re_1000_noise0.05_forc-v1_additive_noise-none_s1_seed0_handoff_0_muNone.npz

Saved coupled VIV plot to /scratch/jote9827/Github/Cylinder/results/coupled_viv_Ur=4.0 — v1_additive, none, mu=None.png

Steady-state A/D = 0.0005
Displacement range: -0.0471 to 0.0304 m
CL range: -0.3565 to 0.0760

------------------------------------------------------------
Sender: LSF System <schwan@makalu83>
Subject: Job 1556586[2]: <cylinder_forcing[2]> in cluster <wuerfel> Done

Job <cylinder_forcing[2]> was submitted from host <makalu56> by user <jote9827> in cluster <wuerfel> at Wed Jul  8 15:22:01 2026
Job was executed on host(s) <makalu83>, in queue <BatchGPU>, as user <jote9827> in cluster <wuerfel> at Wed Jul  8 15:22:21 2026
</home/jote9827> was used as the home directory.
</scratch/jote9827/Github/Cylinder> was used as the working directory.
Started at Wed Jul  8 15:22:21 2026
Terminated at Wed Jul  8 15:29:00 2026
Results reported at Wed Jul  8 15:29:00 2026

Your job looked like:

------------------------------------------------------------
# LSBATCH: User input
#!/bin/bash
#BSUB -J cylinder_forcing[2]
#BSUB -q BatchGPU
#BSUB -gpu "num=1:mode=shared"
#BSUB -R "rusage[mem=24000]"
#BSUB -W 3:00
#BSUB -o cylinder_%J_%I.log
cd /scratch/jote9827/Github/Cylinder
source .venv/bin/activate
export VIV_NUM_WORKERS=0
export OMP_NUM_THREADS=4
export PYTORCH_CUDA_ALLOC_CONF=expandable_segments:True

case $LSB_JOBINDEX in
  2) python -u -m src.viv_analysis.coupled_inference --Ur 4 --cfd_dataset cylinder1000 \
     --model_subdir gru_cylinder_re_1000_noise0.05 --model_dataset cylinder_re_1000 \
     --handoff_offset 2000 --total_time 700 --make_tf_residual --handoff_offset 0;;   # the never-asked question
esac
------------------------------------------------------------

Successfully completed.

Resource usage summary:

    CPU time :                                   380.86 sec.
    Max Memory :                                 827.80 MB
    Average Memory :                             758.33 MB
    Total Requested Memory :                     24000.00 MB
    Delta Memory :                               23172.20 MB
    Max Swap :                                   -
    Max Processes :                              4
    Max Threads :                                14
    Run time :                                   399 sec.
    Turnaround time :                            419 sec.

The output (if any) is above this job summary.

