usage: coupled_inference.py [-h] [--Ur UR] [--total_time TOTAL_TIME]
                            [--cfd_dataset CFD_DATASET]
                            [--model_dataset MODEL_DATASET]
                            [--checkpoint CHECKPOINT]
                            [--model_subdir MODEL_SUBDIR]
                            [--handoff_offset HANDOFF_OFFSET]
                            [--residual_npz RESIDUAL_NPZ]
                            [--noise_mode {surrogate,replay,white,none}]
                            [--noise_scale NOISE_SCALE]
                            [--noise_seed NOISE_SEED] [--gru_off]
                            [--ad_seed AD_SEED]
                            [--cfd_target_AD CFD_TARGET_AD]
                            [--forcing_mode {v1_additive,v2_multiplicative,v3_coherent}]
                            [--mu MU] [--make_tf_residual] [--run_replay_diag]
coupled_inference.py: error: unrecognized arguments: --cfd_scale 1.3

------------------------------------------------------------
Sender: LSF System <schwan@makalu94>
Subject: Job 1543692[5]: <cylinder_forcing[1-6]> in cluster <wuerfel> Exited

Job <cylinder_forcing[1-6]> was submitted from host <makalu56> by user <jote9827> in cluster <wuerfel> at Tue Jul  7 23:35:35 2026
Job was executed on host(s) <makalu94>, in queue <BatchGPU>, as user <jote9827> in cluster <wuerfel> at Tue Jul  7 23:35:56 2026
</home/jote9827> was used as the home directory.
</scratch/jote9827/Github/Cylinder> was used as the working directory.
Started at Tue Jul  7 23:35:56 2026
Terminated at Tue Jul  7 23:36:11 2026
Results reported at Tue Jul  7 23:36:11 2026

Your job looked like:

------------------------------------------------------------
# LSBATCH: User input
#!/bin/bash
#BSUB -J cylinder_forcing[1-6]
#BSUB -q BatchGPU
#BSUB -gpu "num=1:mode=shared"
#BSUB -R "rusage[mem=24000]"
#BSUB -W 3:00
#BSUB -o cylinder_%J_%I.log
cd /scratch/jote9827/Github/Cylinder
source .venv/bin/activate
export VIV_NUM_WORKERS=0
export OMP_NUM_THREADS=4
export PYTORCH_CUDA_ALLOC_CONF=expandable_segments:True
RES=results/tf_residual_Ur6.7385.npz
COMMON="--Ur 4 --cfd_dataset cylinder1000 --model_subdir gru_cylinder_re_1000_noise0.05 \
  --model_dataset cylinder_re_1000 --cfd_target_AD 0.4956 --total_time 700"
case $LSB_JOBINDEX in
  1) python -u -m src.viv_analysis.coupled_inference $COMMON --handoff_offset 1600 ;;   # A: 0.46× CFD state — the A/B partner
  2) python -u -m src.viv_analysis.coupled_inference $COMMON --handoff_offset 100  ;;   # 0.25× — basin depth
  3) python -u -m src.viv_analysis.coupled_inference $COMMON --handoff_offset 3100 ;;   # 0.70× — near-cycle control
  4) python -u -m src.viv_analysis.coupled_inference $COMMON --ad_seed 0.35 ;;          # B: analytic at 0.7× — where does sine start failing?
  5) python -u -m src.viv_analysis.coupled_inference $COMMON --handoff_offset 30000 --cfd_scale 1.3 ;;  # from above (needs patch)
  6) python -u -m src.viv_analysis.coupled_inference $COMMON --handoff_offset 30000 --cfd_scale 1.5 ;;
esac
------------------------------------------------------------

Exited with exit code 2.

Resource usage summary:

    CPU time :                                   3.53 sec.
    Max Memory :                                 30.55 MB
    Average Memory :                             30.55 MB
    Total Requested Memory :                     24000.00 MB
    Delta Memory :                               23969.45 MB
    Max Swap :                                   -
    Max Processes :                              4
    Max Threads :                                8
    Run time :                                   15 sec.
    Turnaround time :                            36 sec.

The output (if any) is above this job summary.

