Starting LSF Control Job on node: makalu94
ur_stats mean=6.5000 std=2.5909  y_scaler mean=0.000299 scale=0.269071
Computing velocity and acceleration...
[compute_kinematics] m=2.513274e-01  c=4.421583e-03  k=3.968803e-01
train (computed): ['Ur10', 'Ur12', 'Ur3.5', 'Ur4', 'Ur4.5', 'Ur5', 'Ur5.75', 'Ur6', 'Ur6.25', 'Ur8']
Building training manifold cloud...
Cloud: 200,000 pts.  In-manifold NN-dist p95=0.011 p99=0.037
Ur=6.0  U=0.4800  handoff t=81.67s  n_steps=83666

============================================================
Steady-state A/D (this script) = 0.0027
Production reference (Ur=6.0, offset 2000) = 0.0016  -> MATCH, loop is faithful
============================================================

Fraction of steps off-manifold (NN-dist > p99): 99.4%
First off-manifold crossing: t=82.2s
Interpretation: crossing precedes/coincides => OFF-MANIFOLD (try input-noise training next). Stays below threshold while diverging => in-distribution error compounding (noise won't help; points at credit-assignment / stability penalty).

Saved plot: /scratch/jote9827/Github/Cylinder/results/offmanifold_Ur6.0_offset2000_gru_rollout_k10.pt.png
Saved log:  /scratch/jote9827/Github/Cylinder/results/offmanifold_Ur6.0_offset2000_gru_rollout_k10.pt.csv

------------------------------------------------------------
Sender: LSF System <schwan@makalu94>
Subject: Job 1188306: <direct_k10> in cluster <wuerfel> Done

Job <direct_k10> was submitted from host <makalu49> by user <jote9827> in cluster <wuerfel> at Thu Jun 18 15:03:49 2026
Job was executed on host(s) <makalu94>, in queue <BatchGPU>, as user <jote9827> in cluster <wuerfel> at Thu Jun 18 15:04:09 2026
</home/jote9827> was used as the home directory.
</scratch/jote9827/Github/Cylinder> was used as the working directory.
Started at Thu Jun 18 15:04:09 2026
Terminated at Thu Jun 18 15:07:25 2026
Results reported at Thu Jun 18 15:07:25 2026

Your job looked like:

------------------------------------------------------------
# LSBATCH: User input
#!/bin/bash
#BSUB -J direct_k10                # Job name
#BSUB -q BatchGPU                  # Target the massive GPU queue you found!
#BSUB -gpu "num=1:mode=exclusive_process"
#BSUB -R "rusage[mem=32000]"       # Request 32GB of RAM
#BSUB -W 12:00                     # Max run time (12 hours)
#BSUB -o k10_train_%J.log          # Output log file (%J is the LSF Job ID)


echo "Starting LSF Control Job on node: $HOSTNAME"

# 1. Activate your Conda environment

# 2. Navigate to your project folder
cd /scratch/jote9827/Github/Cylinder
source .venv/bin/activate

# 3. Run the Python script 
python -m src.viv_analysis.diagnose_off_manifold --Ur 6.0 --handoff_offset 2000 --checkpoint gru_rollout_k10.pt --model_subdir gru_rollout_cylinder_re_1000_directk10 --cfd_dataset cylinder_re_1000 --total_time 500
------------------------------------------------------------

Successfully completed.

Resource usage summary:

    CPU time :                                   167.24 sec.
    Max Memory :                                 681.32 MB
    Average Memory :                             511.22 MB
    Total Requested Memory :                     32000.00 MB
    Delta Memory :                               31318.68 MB
    Max Swap :                                   -
    Max Processes :                              4
    Max Threads :                                13
    Run time :                                   196 sec.
    Turnaround time :                            216 sec.

The output (if any) is above this job summary.

