Starting LSF Control Job on node: makalu97
Using device: cuda
Loaded scalers and UR stats: use_ur_context=Truemean=7.1334, std=1.4790
y_scaler: mean=0.098566  scale=0.273170
[bridge] Ur=6.3174  U=15.0000 m/s  fn=0.32  D(Ur,rel,h/D)=7.42  B(force)=25.9
  m=2.460400e+04  c=9.893855e+02  k=9.946388e+04  rho=1.225  t_release=9.8933s

Loading CFD trajectory at Ur=6.3174 for warm-start...
Computing velocity and acceleration...
[compute_kinematics] m=2.460400e+04  c=9.893855e+02  k=9.946388e+04
  WARNING: some cases missing force data, using Savgol fallback.
  CFD trajectory has 149996 steps
  [bridge] Newmark dt = 0.001999s  (1563 steps/cycle)
  Warm-start window: CFD steps 7942]  (post-release)
  Handoff at t=15.8940s   (5.00s after release)
  Initial state at handoff: h=-0.002225  h_dot=-0.007592  h_ddot=-0.009299
  Warm-start raw stats:
    disp range: [-0.00971, 0.00641]
    vel  range: [-0.01462, 0.01175]
    acc  range: [-0.02980, 0.02986]
Model loaded: input_size=4  hidden_size=64
Model/input check: input_size=4, history_shape=(2500, 4)

Teacher-forcing vs coupled diagnostic
--------------------------------------
n_steps = 3840
RMSE TF CL vs CFD CL       = 0.005874
RMSE coupled CL vs TF CL   = 1.407367
RMSE coupled CL vs CFD CL  = 1.407622
Max |coupled CL - TF CL|   = 1.727877
Max |coupled h - CFD h|/D  = 0.012105

By horizon:
    10 steps (0.020s): TF-CFD CL RMSE=0.00598, CPL-TF CL RMSE=0.00032, max |h_err|/D=0.00000
    50 steps (0.100s): TF-CFD CL RMSE=0.00770, CPL-TF CL RMSE=0.02320, max |h_err|/D=0.00000
   100 steps (0.200s): TF-CFD CL RMSE=0.00732, CPL-TF CL RMSE=0.05444, max |h_err|/D=0.00002
   250 steps (0.500s): TF-CFD CL RMSE=0.00660, CPL-TF CL RMSE=0.17625, max |h_err|/D=0.00023
   500 steps (0.999s): TF-CFD CL RMSE=0.00677, CPL-TF CL RMSE=0.49011, max |h_err|/D=0.00198
Saved diagnostic plot to /scratch/jote9827/Github/Cylinder/results/diagnostic_tf_vs_coupled_Ur_6.3174_gru_best.pt_handoff_500.png_gru_best.pt

True-force Newmark replay [current]
-----------------------------------------
RMSE h       = 5.867219e-04 m
RMSE v       = 6.527789e-04 m/s
RMSE a       = 2.208883e-03 m/s²
Max |h err|/D= 0.000134

True-force Newmark replay [next]
-----------------------------------------
RMSE h       = 5.920517e-04 m
RMSE v       = 6.748693e-04 m/s
RMSE a       = 2.226021e-03 m/s²
Max |h err|/D= 0.000134
Saved Newmark replay diagnostic to /scratch/jote9827/Github/Cylinder/results/diagnostic_newmark_replay_Ur_6.3174_gru_best.pt_handoff_500.png_gru_best.pt

Running coupled inference for 200.0s (92103 steps)...
92103 steps) ...

Saved coupled VIV plot to /scratch/jote9827/Github/Cylinder/results/coupled_viv_Ur_6.3174_gru_best.pt_offset_500.png

Steady-state A/D = 0.0005
Displacement range: -0.0050 to 0.0889 m
CL range: -0.1287 to 1.3446

------------------------------------------------------------
Sender: LSF System <schwan@makalu97>
Subject: Job 1240242: <direct_k10> in cluster <wuerfel> Done

Job <direct_k10> was submitted from host <makalu49> by user <jote9827> in cluster <wuerfel> at Thu Jun 25 14:38:48 2026
Job was executed on host(s) <makalu97>, in queue <BatchGPU>, as user <jote9827> in cluster <wuerfel> at Thu Jun 25 14:39:08 2026
</home/jote9827> was used as the home directory.
</scratch/jote9827/Github/Cylinder> was used as the working directory.
Started at Thu Jun 25 14:39:08 2026
Terminated at Thu Jun 25 15:10:08 2026
Results reported at Thu Jun 25 15:10:08 2026

Your job looked like:

------------------------------------------------------------
# LSBATCH: User input
#!/bin/bash
#BSUB -J direct_k10                # Job name
#BSUB -q BatchGPU                  # Target the massive GPU queue you found!
#BSUB -gpu "num=1:mode=exclusive_process"
#BSUB -R "rusage[mem=32000]"       # Request 32GB of RAM
#BSUB -W 12:00                     # Max run time (12 hours)
#BSUB -o k10_train_%J.log          # Output log file (%J is the LSF Job ID)


echo "Starting LSF Control Job on node: $HOSTNAME"

# 1. Activate your Conda environment

# 2. Navigate to your project folder
cd /scratch/jote9827/Github/Cylinder
source .venv/bin/activate

# 3. Run the Python script 
python -m src.viv_analysis.coupled_inference --Ur 6.3174 \
    --cfd_dataset bridge --model_subdir gru_bridge \
    --total_time 200 --handoff_offset 500
------------------------------------------------------------

Successfully completed.

Resource usage summary:

    CPU time :                                   1832.15 sec.
    Max Memory :                                 14562.55 MB
    Average Memory :                             7008.85 MB
    Total Requested Memory :                     32000.00 MB
    Delta Memory :                               17437.45 MB
    Max Swap :                                   256 KB
    Max Processes :                              4
    Max Threads :                                13
    Run time :                                   1858 sec.
    Turnaround time :                            1880 sec.

The output (if any) is above this job summary.

