Starting LSF Control Job on node: makalu88
Traceback (most recent call last):
  File "<frozen runpy>", line 198, in _run_module_as_main
  File "<frozen runpy>", line 88, in _run_code
  File "/scratch/jote9827/Github/Cylinder/src/viv_analysis/run_lockin_sweep.py", line 452, in <module>
    main()
  File "/scratch/jote9827/Github/Cylinder/src/viv_analysis/run_lockin_sweep.py", line 442, in main
    diagnostic_ur55(
  File "/scratch/jote9827/Github/Cylinder/src/viv_analysis/run_lockin_sweep.py", line 252, in diagnostic_ur55
    init_hist, init_state, t_handoff, _ = warmup_history(
                                          ^^^^^^^^^^^^^^^
  File "/scratch/jote9827/Github/Cylinder/src/viv_analysis/coupled_inference.py", line 61, in warmup_history
    raise ValueError(
ValueError: CFD trajectory too short: handoff_idx=960, trajectory length=0.
Device: cuda
[artifacts] hidden=64  layers=2  use_ur=True  ur_mean=6.5000  ur_std=2.5909
Computing velocity and acceleration...

── Ur=5.0 ──────────────────────────────────────────
  t_handoff = 99.20s   n_steps = 120160
  CFD A/D   = 2.5655
  GRU A/D   = 0.0418   ratio = 0.016

── Ur=5.25 ──────────────────────────────────────────
  FAILED: No CFD data for case 'Ur5.25'

── Ur=5.5 ──────────────────────────────────────────
  FAILED: No CFD data for case 'Ur5.5'

── Ur=5.75 ──────────────────────────────────────────
  FAILED: No CFD data for case 'Ur5.75'

── Ur=6.0 ──────────────────────────────────────────
  t_handoff = 85.88s   n_steps = 122824
  CFD A/D   = 2.2724
  GRU A/D   = 0.0169   ratio = 0.007

── Ur=6.25 ──────────────────────────────────────────
  FAILED: No CFD data for case 'Ur6.25'

── Ur=6.5 ──────────────────────────────────────────
  t_handoff = 80.74s   n_steps = 123852
  CFD A/D   = 2.0300
  GRU A/D   = 0.0062   ratio = 0.003

── Ur=7.0 ──────────────────────────────────────────
  t_handoff = 76.36s   n_steps = 124727
  CFD A/D   = 1.6889
  GRU A/D   = 0.0016   ratio = 0.001

Saved sweep results to /scratch/jote9827/Github/Cylinder/results/gru_rollout_cylinder_re_1000/coupled_amplitude_sweep.csv

── Summary ──────────────────────────────────────────────────
     Ur   CFD A/D   GRU A/D   ratio
  -----  --------  --------  ------
   5.00    2.5655    0.0418   0.016
   5.25       nan       nan     nan
   5.50       nan       nan     nan
   5.75       nan       nan     nan
   6.00    2.2724    0.0169   0.007
   6.25       nan       nan     nan
   6.50    2.0300    0.0062   0.003
   7.00    1.6889    0.0016   0.001
Saved plot to /scratch/jote9827/Github/Cylinder/results/plots_validation/rollout_cylinder_re_1000_coupled_amplitude_response.png
[artifacts] hidden=64  layers=2  use_ur=True  ur_mean=6.5000  ur_std=2.5909
Computing velocity and acceleration...

=================================================================
DIAGNOSTICS FOR Ur=5.5
=================================================================
  t_release=72.73s  release_idx=0  handoff_idx=960

─── D1: CL consistency (first 100 steps) ───────────────────

------------------------------------------------------------
Sender: LSF System <schwan@makalu88>
Subject: Job 1186822: <direct_k10> in cluster <wuerfel> Exited

Job <direct_k10> was submitted from host <makalu49> by user <jote9827> in cluster <wuerfel> at Thu Jun 18 12:58:50 2026
Job was executed on host(s) <makalu88>, in queue <BatchGPU>, as user <jote9827> in cluster <wuerfel> at Thu Jun 18 12:59:48 2026
</home/jote9827> was used as the home directory.
</scratch/jote9827/Github/Cylinder> was used as the working directory.
Started at Thu Jun 18 12:59:48 2026
Terminated at Thu Jun 18 13:13:58 2026
Results reported at Thu Jun 18 13:13:58 2026

Your job looked like:

------------------------------------------------------------
# LSBATCH: User input
#!/bin/bash
#BSUB -J direct_k10                # Job name
#BSUB -q BatchGPU                  # Target the massive GPU queue you found!
#BSUB -gpu "num=1:mode=exclusive_process" # Request 1 GPU
#BSUB -R "rusage[mem=32000]"       # Request 32GB of RAM
#BSUB -W 12:00                     # Max run time (12 hours)
#BSUB -o k10_train_%J.log          # Output log file (%J is the LSF Job ID)

echo "Starting LSF Control Job on node: $HOSTNAME"

# 1. Activate your Conda environment

# 2. Navigate to your project folder
cd /scratch/jote9827/Github/Cylinder
source .venv/bin/activate

# 3. Run the Python script 
python -m src.viv_analysis.run_lockin_sweep --dataset rollout_cylinder_re_1000 --total_time 700
------------------------------------------------------------

Exited with exit code 1.

Resource usage summary:

    CPU time :                                   784.67 sec.
    Max Memory :                                 411.00 MB
    Average Memory :                             391.09 MB
    Total Requested Memory :                     32000.00 MB
    Delta Memory :                               31589.00 MB
    Max Swap :                                   -
    Max Processes :                              4
    Max Threads :                                13
    Run time :                                   854 sec.
    Turnaround time :                            908 sec.

The output (if any) is above this job summary.

