Starting LSF Control Job on node: makalu87
Using device: cuda
Loaded scalers and UR stats: use_ur_context=Truemean=7.3045, std=1.4560
y_scaler: mean=0.097555  scale=0.265595
[bridge] Ur=6.7385  U=15.9999 m/s  fn=0.32  D(Ur,rel,h/D)=7.42  B(force)=25.9
  m=2.460400e+04  c=9.893855e+02  k=9.946388e+04  rho=1.225  t_release=9.2751s

Loading CFD trajectory at Ur=6.7385 for warm-start...
Computing velocity and acceleration...
[compute_kinematics] m=2.460400e+04  c=9.893855e+02  k=9.946388e+04
/home/jote9827/.lsbatch/1783091712.1401302.shell: line 30: 274159 Segmentation fault      (core dumped) python -u -m src.viv_analysis.coupled_inference --Ur 6.7385 --cfd_dataset bridge --model_subdir gru_bridge_noise0.05 --total_time 200 --handoff_offset 2000 --noise_mode none --forcing_mode v3_coherent --gru_off

------------------------------------------------------------
Sender: LSF System <schwan@makalu87>
Subject: Job 1401302: <direct_k10> in cluster <wuerfel> Exited

Job <direct_k10> was submitted from host <makalu49> by user <jote9827> in cluster <wuerfel> at Fri Jul  3 17:15:12 2026
Job was executed on host(s) <makalu87>, in queue <BatchGPU>, as user <jote9827> in cluster <wuerfel> at Fri Jul  3 23:00:55 2026
</home/jote9827> was used as the home directory.
</scratch/jote9827/Github/Cylinder> was used as the working directory.
Started at Fri Jul  3 23:00:55 2026
Terminated at Sat Jul  4 00:02:39 2026
Results reported at Sat Jul  4 00:02:39 2026

Your job looked like:

------------------------------------------------------------
# LSBATCH: User input
#!/bin/bash
#BSUB -J direct_k10                # Job name
#BSUB -q BatchGPU                  # Target the massive GPU queue you found!
#BSUB -gpu "num=1:mode=exclusive_process:mps=no:j_exclusive=yes"  # Request 1 GPU
#BSUB -R "rusage[mem=32000]"       # Request 32GB of RAM
#BSUB -W 12:00                     # Max run time (12 hours)
#BSUB -o k10_train_%J.log          # Output log file (%J is the LSF Job ID)


echo "Starting LSF Control Job on node: $HOSTNAME"

# 1. Activate your Conda environment

# 2. Navigate to your project folder
cd /scratch/jote9827/Github/Cylinder
source .venv/bin/activate

export VIV_NUM_WORKERS=0

# 3. Run the Python script 
RES=results/tf_residual_Ur6.7385.npz
COMMON="--Ur 6.7385 --cfd_dataset bridge --model_subdir gru_bridge_noise0.05 \
  --total_time 200 --handoff_offset 2000 --residual_npz $RES \
  --noise_seed 0"

# v3 sterile — pure VdP, no noise, no GRU → the sterile single-tone baseline
python -u -m src.viv_analysis.coupled_inference \
  --Ur 6.7385 --cfd_dataset bridge --model_subdir gru_bridge_noise0.05 \
  --total_time 200 --handoff_offset 2000 \
  --noise_mode none --forcing_mode v3_coherent --gru_off
------------------------------------------------------------

Exited with exit code 139.

Resource usage summary:

    CPU time :                                   3659.13 sec.
    Max Memory :                                 18889.68 MB
    Average Memory :                             12344.60 MB
    Total Requested Memory :                     32000.00 MB
    Delta Memory :                               13110.32 MB
    Max Swap :                                   256 KB
    Max Processes :                              4
    Max Threads :                                12
    Run time :                                   3702 sec.
    Turnaround time :                            24447 sec.

The output (if any) is above this job summary.

