Starting LSF Control Job on node: makalu88
Dataset: bridge
Device: cuda  |  seq_len=2500  stride_train=5
input feature:s: ['disp', 'vel', 'acc']  |  use_ur_context=True
raw_df type: <class 'pandas.DataFrame'>
raw_df head:        case  step   time          disp        cd        cl
0  Ur4.6327   100  0.010  4.854248e-11 -0.012754 -0.000362
1  Ur4.6327   120  0.012  4.854248e-11 -0.013974 -0.004358
2  Ur4.6327   140  0.014  4.854248e-11 -0.015747 -0.000048
3  Ur4.6327   160  0.016  4.854248e-11 -0.018007 -0.002869
4  Ur4.6327   180  0.018  4.854248e-11 -0.021187 -0.000916
Computing velocity and acceleration...
[compute_kinematics] m=2.460400e+04  c=9.893855e+02  k=9.946388e+04

Per-case length (post-downsample):
case
Ur7.1597      12533
Ur7.265       64142
Ur5.4751      85718
Ur7.3703      98290
Ur6.9491      98750
Ur7.7914     112106
Ur6.8438     116983
Ur7.5809     117413
Ur8.002      123824
Ur6.4227     126526
Ur6.7385     127609
Ur6.528      136703
Ur5.6856     149996
Ur10.1078    149996
Ur4.8433     149996
Ur4.6327     149996
Ur5.8962     149996
Ur6.0015     149996
Ur6.1068     149996
Ur6.3174     149996
Ur5.0539     149996
Ur5.2645     149996
Ur5.5804     149996
Ur8.2126     149996
Ur8.4232     149996
Ur8.6338     149996
Ur8.8443     149996
Ur9.2655     149996

No cases quarantined.
Cases loaded: ['Ur10.1078', 'Ur4.6327', 'Ur4.8433', 'Ur5.0539', 'Ur5.2645', 'Ur5.4751', 'Ur5.5804', 'Ur5.6856', 'Ur5.8962', 'Ur6.0015', 'Ur6.1068', 'Ur6.3174', 'Ur6.4227', 'Ur6.528', 'Ur6.7385', 'Ur6.8438', 'Ur6.9491', 'Ur7.1597', 'Ur7.265', 'Ur7.3703', 'Ur7.5809', 'Ur7.7914', 'Ur8.002', 'Ur8.2126', 'Ur8.4232', 'Ur8.6338', 'Ur8.8443', 'Ur9.2655']
  case=Ur10.1078  Ur=10.1078  U=24.0000 m/s  t_release=6.1833s
  case=Ur4.6327  Ur=4.6327  U=10.9999 m/s  t_release=13.4911s
  case=Ur4.8433  Ur=4.8433  U=11.4999 m/s  t_release=12.9044s
  case=Ur5.0539  Ur=5.0539  U=12.0000 m/s  t_release=12.3667s
  case=Ur5.2645  Ur=5.2645  U=12.5000 m/s  t_release=11.8720s
  case=Ur5.4751  Ur=5.4751  U=13.0001 m/s  t_release=11.4153s
  case=Ur5.5804  Ur=5.5804  U=13.2501 m/s  t_release=11.1999s
  case=Ur5.6856  Ur=5.6856  U=13.4999 m/s  t_release=10.9927s
  case=Ur5.8962  Ur=5.8962  U=13.9999 m/s  t_release=10.6000s
  case=Ur6.0015  Ur=6.0015  U=14.2500 m/s  t_release=10.4141s
  case=Ur6.1068  Ur=6.1068  U=14.5000 m/s  t_release=10.2345s
  case=Ur6.3174  Ur=6.3174  U=15.0000 m/s  t_release=9.8933s
  case=Ur6.4227  Ur=6.4227  U=15.2501 m/s  t_release=9.7311s
  case=Ur6.528  Ur=6.5280  U=15.5001 m/s  t_release=9.5741s
  case=Ur6.7385  Ur=6.7385  U=15.9999 m/s  t_release=9.2751s
  case=Ur6.8438  Ur=6.8438  U=16.2499 m/s  t_release=9.1324s
  case=Ur6.9491  Ur=6.9491  U=16.4999 m/s  t_release=8.9940s
  case=Ur7.1597  Ur=7.1597  U=17.0000 m/s  t_release=8.7294s
  case=Ur7.265  Ur=7.2650  U=17.2500 m/s  t_release=8.6029s
  case=Ur7.3703  Ur=7.3703  U=17.5000 m/s  t_release=8.4800s
  case=Ur7.5809  Ur=7.5809  U=18.0001 m/s  t_release=8.2444s
  case=Ur7.7914  Ur=7.7914  U=18.4999 m/s  t_release=8.0217s
  case=Ur8.002  Ur=8.0020  U=18.9999 m/s  t_release=7.8105s
  case=Ur8.2126  Ur=8.2126  U=19.5000 m/s  t_release=7.6103s
  case=Ur8.4232  Ur=8.4232  U=20.0000 m/s  t_release=7.4200s
  case=Ur8.6338  Ur=8.6338  U=20.5001 m/s  t_release=7.2390s
  case=Ur8.8443  Ur=8.8443  U=20.9999 m/s  t_release=7.0667s
  case=Ur9.2655  Ur=9.2655  U=22.0000 m/s  t_release=6.7455s
Train: ['Ur10.1078', 'Ur5.0539', 'Ur5.2645', 'Ur5.6856', 'Ur5.8962', 'Ur6.3174', 'Ur6.4227', 'Ur6.8438', 'Ur6.9491', 'Ur7.3703', 'Ur7.5809', 'Ur8.2126', 'Ur8.4232', 'Ur8.6338', 'Ur8.8443', 'Ur9.2655']
Val:   ['Ur4.8433', 'Ur5.5804', 'Ur6.1068', 'Ur6.7385', 'Ur7.265', 'Ur8.002']
Test:  ['Ur4.6327', 'Ur5.4751', 'Ur6.0015', 'Ur6.528', 'Ur7.1597', 'Ur7.7914']
x_scaler: mean=[ 2.43464331e-03 -6.05530656e-06  2.30493120e-03] scale=[0.06267157 0.12403572 0.24930398]
y_scaler (cl): mean=0.097555 scale=0.265595
input_noise_std = 0.05
Using Ur context feature: mean=7.3045, std=1.4560
Dataset sizes — train: 419346 val: 720576 test: 601256
GRU parameters: 40,513

Training for up to 100 epochs...
Epoch   1/100  train=0.04900  val=0.00785  R²=0.9958  lr=1.00e-03
Epoch   2/100  train=0.00630  val=0.01009  R²=0.9946  lr=1.00e-03
Epoch   3/100  train=0.00603  val=0.00855  R²=0.9954  lr=1.00e-03
Epoch   4/100  train=0.00590  val=0.00799  R²=0.9957  lr=1.00e-03
Epoch   5/100  train=0.00569  val=0.01293  R²=0.9930  lr=1.00e-03
Epoch   6/100  train=0.00567  val=0.00612  R²=0.9967  lr=1.00e-03
Epoch   7/100  train=0.00557  val=0.00873  R²=0.9953  lr=1.00e-03
Epoch   8/100  train=0.00544  val=0.01331  R²=0.9928  lr=1.00e-03
Epoch   9/100  train=0.00543  val=0.01978  R²=0.9894  lr=1.00e-03
Epoch  10/100  train=0.00550  val=0.01589  R²=0.9914  lr=1.00e-03
Epoch  11/100  train=0.00529  val=0.00812  R²=0.9956  lr=1.00e-03
Epoch  12/100  train=0.00528  val=0.01591  R²=0.9914  lr=5.00e-04
Epoch  13/100  train=0.00500  val=0.00593  R²=0.9968  lr=5.00e-04
Epoch  14/100  train=0.00475  val=0.01301  R²=0.9930  lr=5.00e-04
Epoch  15/100  train=0.00390  val=0.00650  R²=0.9965  lr=5.00e-04
Epoch  16/100  train=0.00370  val=0.00816  R²=0.9956  lr=5.00e-04
Epoch  17/100  train=0.00371  val=0.00388  R²=0.9979  lr=5.00e-04
Epoch  18/100  train=0.00366  val=0.00719  R²=0.9961  lr=5.00e-04
Epoch  19/100  train=0.00370  val=0.01043  R²=0.9944  lr=5.00e-04
Epoch  20/100  train=0.00366  val=0.00375  R²=0.9980  lr=5.00e-04
Epoch  21/100  train=0.00366  val=0.01101  R²=0.9941  lr=5.00e-04
Epoch  22/100  train=0.00363  val=0.00387  R²=0.9979  lr=5.00e-04
Epoch  23/100  train=0.00363  val=0.00396  R²=0.9979  lr=5.00e-04
Epoch  24/100  train=0.00363  val=0.00489  R²=0.9974  lr=5.00e-04
Epoch  25/100  train=0.00358  val=0.00413  R²=0.9978  lr=5.00e-04
Epoch  26/100  train=0.00362  val=0.00801  R²=0.9957  lr=2.50e-04
Epoch  27/100  train=0.00346  val=0.00395  R²=0.9979  lr=2.50e-04
Epoch  28/100  train=0.00348  val=0.00384  R²=0.9979  lr=2.50e-04
Epoch  29/100  train=0.00347  val=0.00439  R²=0.9976  lr=2.50e-04
Epoch  30/100  train=0.00348  val=0.00467  R²=0.9975  lr=2.50e-04
Epoch  31/100  train=0.00346  val=0.00383  R²=0.9979  lr=2.50e-04
Epoch  32/100  train=0.00345  val=0.00460  R²=0.9975  lr=1.25e-04
Epoch  33/100  train=0.00338  val=0.00369  R²=0.9980  lr=1.25e-04
Epoch  34/100  train=0.00338  val=0.00341  R²=0.9982  lr=1.25e-04
Epoch  35/100  train=0.00340  val=0.00369  R²=0.9980  lr=1.25e-04
Epoch  36/100  train=0.00340  val=0.00384  R²=0.9979  lr=1.25e-04
Epoch  37/100  train=0.00338  val=0.00358  R²=0.9981  lr=1.25e-04
Epoch  38/100  train=0.00339  val=0.00389  R²=0.9979  lr=1.25e-04
Epoch  39/100  train=0.00338  val=0.00330  R²=0.9982  lr=1.25e-04
Epoch  40/100  train=0.00340  val=0.00371  R²=0.9980  lr=1.25e-04
Epoch  41/100  train=0.00339  val=0.00347  R²=0.9981  lr=1.25e-04
Epoch  42/100  train=0.00339  val=0.00395  R²=0.9979  lr=1.25e-04
Epoch  43/100  train=0.00337  val=0.00362  R²=0.9981  lr=1.25e-04
Epoch  44/100  train=0.00339  val=0.00375  R²=0.9980  lr=1.25e-04
Epoch  45/100  train=0.00337  val=0.00377  R²=0.9980  lr=6.25e-05
Epoch  46/100  train=0.00332  val=0.00342  R²=0.9982  lr=6.25e-05
Epoch  47/100  train=0.00334  val=0.00349  R²=0.9981  lr=6.25e-05
Epoch  48/100  train=0.00333  val=0.00364  R²=0.9980  lr=6.25e-05
Epoch  49/100  train=0.00332  val=0.00354  R²=0.9981  lr=6.25e-05
Epoch  50/100  train=0.00334  val=0.00452  R²=0.9976  lr=6.25e-05
Epoch  51/100  train=0.00333  val=0.00352  R²=0.9981  lr=3.13e-05
Epoch  52/100  train=0.00329  val=0.00330  R²=0.9982  lr=3.13e-05
Epoch  53/100  train=0.00330  val=0.00340  R²=0.9982  lr=3.13e-05
Epoch  54/100  train=0.00331  val=0.00369  R²=0.9980  lr=3.13e-05
Early stopping at epoch 54
Best model saved (val_loss=0.00330)

Validation: {
  "mae": 0.009706137701869011,
  "rmse": 0.015265682570657357,
  "r2": 0.9982230067253113
}
Test:       {
  "mae": 0.00897279754281044,
  "rmse": 0.012465605947793315,
  "r2": 0.9989437460899353
}

Teacher forcing rollout on test cases:
  Ur4.6327: R²=0.9989  RMSE=0.0175
  Ur5.4751: R²=0.9994  RMSE=0.0104
  Ur6.0015: R²=0.9984  RMSE=0.0093
  Ur6.528: R²=0.9974  RMSE=0.0115
  Ur7.1597: R²=0.9990  RMSE=0.0151
  Ur7.7914: R²=0.9980  RMSE=0.0104
  Ur10.1078: CFD=0.2016  GRU=0.1971  amp_err=2.24%  R²=0.9940  [train]
  Ur4.6327: CFD=1.1250  GRU=1.0493  amp_err=6.73%  R²=0.9989  [test]
  Ur4.8433: CFD=0.7462  GRU=0.7387  amp_err=1.00%  R²=0.9977  [val]
  Ur5.0539: CFD=0.7140  GRU=0.7096  amp_err=0.62%  R²=0.9994  [train]
  Ur5.2645: CFD=0.7414  GRU=0.7359  amp_err=0.74%  R²=0.9991  [train]
  Ur5.4751: CFD=0.5039  GRU=0.4953  amp_err=1.71%  R²=0.9994  [test]
  Ur5.5804: CFD=0.7575  GRU=0.7449  amp_err=1.65%  R²=0.9988  [val]
  Ur5.6856: CFD=0.4841  GRU=0.4771  amp_err=1.44%  R²=0.9987  [train]
  Ur5.8962: CFD=0.3997  GRU=0.3856  amp_err=3.51%  R²=0.9982  [train]
  Ur6.0015: CFD=0.5224  GRU=0.5123  amp_err=1.92%  R²=0.9984  [test]
  Ur6.1068: CFD=0.6183  GRU=0.6117  amp_err=1.07%  R²=0.9987  [val]
  Ur6.3174: CFD=0.4839  GRU=0.4702  amp_err=2.83%  R²=0.9985  [train]
  Ur6.4227: CFD=0.5701  GRU=0.5555  amp_err=2.57%  R²=0.9983  [train]
  Ur6.528: CFD=0.5539  GRU=0.5405  amp_err=2.42%  R²=0.9974  [test]
  Ur6.7385: CFD=0.3225  GRU=0.3053  amp_err=5.32%  R²=0.9951  [val]
  Ur6.8438: CFD=0.8504  GRU=0.8227  amp_err=3.26%  R²=0.9977  [train]
  Ur6.9491: CFD=0.5923  GRU=0.5871  amp_err=0.87%  R²=0.9980  [train]
  Ur7.1597: CFD=0.6440  GRU=0.6285  amp_err=2.41%  R²=0.9990  [test]
  Ur7.265: CFD=0.7023  GRU=0.6858  amp_err=2.35%  R²=0.9983  [val]
  Ur7.3703: CFD=0.5771  GRU=0.5632  amp_err=2.41%  R²=0.9988  [train]
  Ur7.5809: CFD=0.5442  GRU=0.5254  amp_err=3.47%  R²=0.9986  [train]
  Ur7.7914: CFD=0.5221  GRU=0.5152  amp_err=1.34%  R²=0.9980  [test]
  Ur8.002: CFD=0.5461  GRU=0.5353  amp_err=1.97%  R²=0.9982  [val]
  Ur8.2126: CFD=0.5693  GRU=0.5516  amp_err=3.11%  R²=0.9955  [train]
  Ur8.4232: CFD=0.1670  GRU=0.1589  amp_err=4.83%  R²=0.9763  [train]
  Ur8.6338: CFD=0.1643  GRU=0.1549  amp_err=5.70%  R²=0.9772  [train]
  Ur8.8443: CFD=0.3556  GRU=0.3381  amp_err=4.92%  R²=0.9968  [train]
  Ur9.2655: CFD=0.4578  GRU=0.4483  amp_err=2.07%  R²=0.9976  [train]

All outputs saved to /scratch/jote9827/Github/Cylinder/results/gru_bridge_noise0.05

------------------------------------------------------------
Sender: LSF System <schwan@makalu88>
Subject: Job 1240289: <direct_k10> in cluster <wuerfel> Done

Job <direct_k10> was submitted from host <makalu49> by user <jote9827> in cluster <wuerfel> at Thu Jun 25 16:41:23 2026
Job was executed on host(s) <makalu88>, in queue <BatchGPU>, as user <jote9827> in cluster <wuerfel> at Thu Jun 25 16:41:55 2026
</home/jote9827> was used as the home directory.
</scratch/jote9827/Github/Cylinder> was used as the working directory.
Started at Thu Jun 25 16:41:55 2026
Terminated at Thu Jun 25 22:58:44 2026
Results reported at Thu Jun 25 22:58:44 2026

Your job looked like:

------------------------------------------------------------
# LSBATCH: User input
#!/bin/bash
#BSUB -J direct_k10                # Job name
#BSUB -q BatchGPU                  # Target the massive GPU queue you found!
#BSUB -gpu "num=1:mode=exclusive_process"
#BSUB -R "rusage[mem=32000]"       # Request 32GB of RAM
#BSUB -W 12:00                     # Max run time (12 hours)
#BSUB -o k10_train_%J.log          # Output log file (%J is the LSF Job ID)


echo "Starting LSF Control Job on node: $HOSTNAME"

# 1. Activate your Conda environment

# 2. Navigate to your project folder
cd /scratch/jote9827/Github/Cylinder
source .venv/bin/activate

export VIV_NUM_WORKERS=0

# 3. Run the Python script 
VIV_INPUT_NOISE=0.05 python -u -m src.viv_analysis.train_gru bridge
------------------------------------------------------------

Successfully completed.

Resource usage summary:

    CPU time :                                   24925.86 sec.
    Max Memory :                                 80889.55 MB
    Average Memory :                             66790.28 MB
    Total Requested Memory :                     32000.00 MB
    Delta Memory :                               -48889.55 MB
    Max Swap :                                   -
    Max Processes :                              4
    Max Threads :                                17
    Run time :                                   22613 sec.
    Turnaround time :                            22641 sec.

The output (if any) is above this job summary.

