Starting LSF Control Job on node: makalu96
Using device: cuda
Loaded scalers and UR stats: use_ur_context=Truemean=7.3045, std=1.4560
y_scaler: mean=0.097555  scale=0.265595
[bridge] Ur=6.7385  U=15.9999 m/s  fn=0.32  D(Ur,rel,h/D)=7.42  B(force)=25.9
  m=2.460400e+04  c=9.893855e+02  k=9.946388e+04  rho=1.225  t_release=9.2751s

Loading CFD trajectory at Ur=6.7385 for warm-start...
Computing velocity and acceleration...
[compute_kinematics] m=2.460400e+04  c=9.893855e+02  k=9.946388e+04
  CFD trajectory has 127609 steps
  [bridge] Newmark dt = 0.001999s  (1563 steps/cycle)
  Warm-start window: CFD steps 9133]  (post-release)
  Handoff at t=18.2760s   (5.00s after release)
  Initial state at handoff: h=0.017205  h_dot=-0.058792  h_ddot=-0.085019
  Warm-start raw stats:
    disp range: [-0.00054, 0.03977]
    vel  range: [-0.05861, 0.03751]
    acc  range: [-0.11765, 0.07807]
Model loaded: input_size=4  hidden_size=64
Model/input check: input_size=4, history_shape=(2500, 4)

TF-vs-coupled diagnostic over full post-release record: 118475 steps (236.8s)

Teacher-forcing vs coupled diagnostic
--------------------------------------
n_steps = 118475
RMSE TF CL vs CFD CL       = 0.011603
RMSE coupled CL vs TF CL   = 0.800832
RMSE coupled CL vs CFD CL  = 0.804200
Max |coupled CL - TF CL|   = 1.228160
Max |coupled h - CFD h|/D  = 0.045658

By horizon:
    10 steps (0.020s): TF-CFD CL RMSE=0.00523, CPL-TF CL RMSE=0.00023, max |h_err|/D=0.00000
    50 steps (0.100s): TF-CFD CL RMSE=0.01123, CPL-TF CL RMSE=0.00376, max |h_err|/D=0.00000
   100 steps (0.200s): TF-CFD CL RMSE=0.01057, CPL-TF CL RMSE=0.00925, max |h_err|/D=0.00000
   250 steps (0.500s): TF-CFD CL RMSE=0.01080, CPL-TF CL RMSE=0.01702, max |h_err|/D=0.00000
   500 steps (0.999s): TF-CFD CL RMSE=0.01589, CPL-TF CL RMSE=0.05215, max |h_err|/D=0.00016
Saved TF residual arrays to /scratch/jote9827/Github/Cylinder/results/tf_residual_Ur6.7385.npz
Saved diagnostic plot to /scratch/jote9827/Github/Cylinder/results/diagnostic_tf_vs_coupled_Ur_6.7385_gru_best.pt_handoff_2000_gru_bridge_noise0.05.png_gru_best.pt

True-force Newmark replay [current]
-----------------------------------------
RMSE h       = 7.841638e-04 m
RMSE v       = 1.243940e-03 m/s
RMSE a       = 3.272825e-03 m/s²
Max |h err|/D= 0.000272

True-force Newmark replay [next]
-----------------------------------------
RMSE h       = 7.129118e-04 m
RMSE v       = 1.075853e-03 m/s
RMSE a       = 2.890714e-03 m/s²
Max |h err|/D= 0.000248
Saved Newmark replay diagnostic to /scratch/jote9827/Github/Cylinder/results/diagnostic_newmark_replay_Ur_6.7385_gru_best.pt_handoff_2000_gru_bridge_noise0.05.png_gru_best.pt

Running coupled inference for 200.0s (90911 steps)...
90911 steps) ...
[stochastic] mode=surrogate scale=1.0 resid_std=0.0108 e_std=0.0108
[closure] CFD RMS A/D=0.0283  a_ref(peak)=0.2967 m
Traceback (most recent call last):
  File "<frozen runpy>", line 198, in _run_module_as_main
  File "<frozen runpy>", line 88, in _run_code
  File "/scratch/jote9827/Github/Cylinder/src/viv_analysis/coupled_inference.py", line 1039, in <module>
    main(
  File "/scratch/jote9827/Github/Cylinder/src/viv_analysis/coupled_inference.py", line 902, in main
    mm = measure_mu_from_cfd(case_df, t_release, m, c, D, dt, fn, a_ref, qD)
         ^^^^^^^^^^^^^^^^^^^^^^^^^^^^^^^^^^^^^^^^^^^^^^^^^^^^^^^^^^^^^^^^^^^
  File "/scratch/jote9827/Github/Cylinder/src/viv_analysis/self_excitation.py", line 165, in measure_mu_from_cfd
    g = measure_growth_rate(h, dt, fn, D)     # the tested function above
        ^^^^^^^^^^^^^^^^^^^
NameError: name 'measure_growth_rate' is not defined

------------------------------------------------------------
Sender: LSF System <schwan@makalu96>
Subject: Job 1401301: <direct_k10> in cluster <wuerfel> Exited

Job <direct_k10> was submitted from host <makalu49> by user <jote9827> in cluster <wuerfel> at Fri Jul  3 17:14:51 2026
Job was executed on host(s) <makalu96>, in queue <BatchGPU>, as user <jote9827> in cluster <wuerfel> at Fri Jul  3 22:45:54 2026
</home/jote9827> was used as the home directory.
</scratch/jote9827/Github/Cylinder> was used as the working directory.
Started at Fri Jul  3 22:45:54 2026
Terminated at Fri Jul  3 23:43:31 2026
Results reported at Fri Jul  3 23:43:31 2026

Your job looked like:

------------------------------------------------------------
# LSBATCH: User input
#!/bin/bash
#BSUB -J direct_k10                # Job name
#BSUB -q BatchGPU                  # Target the massive GPU queue you found!
#BSUB -gpu "num=1:mode=exclusive_process:mps=no:j_exclusive=yes"  # Request 1 GPU
#BSUB -R "rusage[mem=32000]"       # Request 32GB of RAM
#BSUB -W 12:00                     # Max run time (12 hours)
#BSUB -o k10_train_%J.log          # Output log file (%J is the LSF Job ID)


echo "Starting LSF Control Job on node: $HOSTNAME"

# 1. Activate your Conda environment

# 2. Navigate to your project folder
cd /scratch/jote9827/Github/Cylinder
source .venv/bin/activate

export VIV_NUM_WORKERS=0

# 3. Run the Python script 
RES=results/tf_residual_Ur6.7385.npz
COMMON="--Ur 6.7385 --cfd_dataset bridge --model_subdir gru_bridge_noise0.05 \
  --total_time 200 --handoff_offset 2000 --residual_npz $RES \
  --noise_seed 0"

# v3 null — VdP + noise, GRU OFF (fair control)      → expect ~a_ref
python -u -m src.viv_analysis.coupled_inference $COMMON \
  --noise_mode surrogate --noise_scale 1.0 --forcing_mode v3_coherent --gru_off
------------------------------------------------------------

Exited with exit code 1.

Resource usage summary:

    CPU time :                                   3442.59 sec.
    Max Memory :                                 19244.07 MB
    Average Memory :                             11652.90 MB
    Total Requested Memory :                     32000.00 MB
    Delta Memory :                               12755.93 MB
    Max Swap :                                   -
    Max Processes :                              4
    Max Threads :                                13
    Run time :                                   3457 sec.
    Turnaround time :                            23320 sec.

The output (if any) is above this job summary.

