Starting LSF Control Job on node: makalu88
Using device: cuda
Loaded scalers and UR stats: use_ur_context=Truemean=6.5000, std=2.5909
y_scaler: mean=0.000299  scale=0.269071
Ur=6.0  U=0.4800 m/s  fn=0.2000 Hz
m=0.251327 kg/m  k=0.396880  c=0.004422
Expected steady-state period: 5.000 s
t_release=66.6667s

Loading CFD trajectory at Ur=6.0 for warm-start...
Computing velocity and acceleration...
[compute_kinematics] m=2.513274e-01  c=4.421583e-03  k=3.968803e-01
  CFD trajectory has 139901 steps
  Warm-start window: CFD steps 16234]  (post-release)
  Handoff at t=81.6700s   (5.00s after release)
  Initial state at handoff: h=0.081390  h_dot=-0.091608  h_ddot=-0.155058
  Warm-start raw stats:
    disp range: [-0.10359, 0.10512]
    vel  range: [-0.14488, 0.14591]
    acc  range: [-0.20161, 0.20577]
Model loaded: input_size=4  hidden_size=64
Model/input check: input_size=4, history_shape=(1000, 4)

Teacher-forcing vs coupled diagnostic
--------------------------------------
n_steps = 3840
RMSE TF CL vs CFD CL       = 0.005016
RMSE coupled CL vs TF CL   = 0.007052
RMSE coupled CL vs CFD CL  = 0.010562
Max |coupled CL - TF CL|   = 0.020282
Max |coupled h - CFD h|/D  = 0.019364

By horizon:
    10 steps (0.050s): TF-CFD CL RMSE=0.00469, CPL-TF CL RMSE=0.00007, max |h_err|/D=0.00004
    50 steps (0.250s): TF-CFD CL RMSE=0.00377, CPL-TF CL RMSE=0.00075, max |h_err|/D=0.00023
   100 steps (0.500s): TF-CFD CL RMSE=0.00278, CPL-TF CL RMSE=0.00105, max |h_err|/D=0.00043
   250 steps (1.250s): TF-CFD CL RMSE=0.00309, CPL-TF CL RMSE=0.00203, max |h_err|/D=0.00129
   500 steps (2.500s): TF-CFD CL RMSE=0.00434, CPL-TF CL RMSE=0.00360, max |h_err|/D=0.00144
Saved diagnostic plot to /scratch/jote9827/Github/Cylinder/results/diagnostic_tf_vs_coupled_Ur_6.0_gru_best.pt_handoff_2000.png_gru_best.pt

True-force Newmark replay [current]
-----------------------------------------
RMSE h       = 1.971715e-04 m
RMSE v       = 5.042145e-04 m/s
RMSE a       = 3.079358e-04 m/s²
Max |h err|/D= 0.000767

True-force Newmark replay [next]
-----------------------------------------
RMSE h       = 8.706329e-04 m
RMSE v       = 1.430449e-03 m/s
RMSE a       = 1.378247e-03 m/s²
Max |h err|/D= 0.003933
Saved Newmark replay diagnostic to /scratch/jote9827/Github/Cylinder/results/diagnostic_newmark_replay_Ur_6.0_gru_best.pt_handoff_2000.png_gru_best.pt

Running coupled inference for 500.0s (83666 steps)...
83666 steps) ...

Saved coupled VIV plot to /scratch/jote9827/Github/Cylinder/results/coupled_viv_Ur_6.0_gru_best.pt_offset_2000.png

Steady-state A/D = 0.2540
Displacement range: -0.1026 to 0.1043 m
CL range: -0.1864 to 0.2115

------------------------------------------------------------
Sender: LSF System <schwan@makalu88>
Subject: Job 1190744: <direct_k10> in cluster <wuerfel> Done

Job <direct_k10> was submitted from host <makalu49> by user <jote9827> in cluster <wuerfel> at Thu Jun 18 17:46:26 2026
Job was executed on host(s) <makalu88>, in queue <BatchGPU>, as user <jote9827> in cluster <wuerfel> at Thu Jun 18 17:47:18 2026
</home/jote9827> was used as the home directory.
</scratch/jote9827/Github/Cylinder> was used as the working directory.
Started at Thu Jun 18 17:47:18 2026
Terminated at Thu Jun 18 17:52:30 2026
Results reported at Thu Jun 18 17:52:30 2026

Your job looked like:

------------------------------------------------------------
# LSBATCH: User input
#!/bin/bash
#BSUB -J direct_k10                # Job name
#BSUB -q BatchGPU                  # Target the massive GPU queue you found!
#BSUB -gpu "num=1:mode=exclusive_process"
#BSUB -R "rusage[mem=32000]"       # Request 32GB of RAM
#BSUB -W 12:00                     # Max run time (12 hours)
#BSUB -o k10_train_%J.log          # Output log file (%J is the LSF Job ID)


echo "Starting LSF Control Job on node: $HOSTNAME"

# 1. Activate your Conda environment

# 2. Navigate to your project folder
cd /scratch/jote9827/Github/Cylinder
source .venv/bin/activate

# 3. Run the Python script 
python -m src.viv_analysis.coupled_inference --model_subdir gru_cylinder_re_1000_noise0.05 --handoff_offset 2000
------------------------------------------------------------

Successfully completed.

Resource usage summary:

    CPU time :                                   200.27 sec.
    Max Memory :                                 601.87 MB
    Average Memory :                             454.15 MB
    Total Requested Memory :                     32000.00 MB
    Delta Memory :                               31398.13 MB
    Max Swap :                                   -
    Max Processes :                              4
    Max Threads :                                13
    Run time :                                   264 sec.
    Turnaround time :                            364 sec.

The output (if any) is above this job summary.

