Starting LSF Control Job on node: makalu88
Using device: cuda
Loaded scalers and UR stats: use_ur_context=Truemean=5.0556, std=1.5580
y_scaler: mean=0.000299  scale=0.269071
Ur=6.0  U=0.4800 m/s  fn=0.2000 Hz
m=0.251327 kg/m  k=0.396880  c=0.004422
Expected steady-state period: 5.000 s
t_release=66.6667s

Loading CFD trajectory at Ur=6.0 for warm-start...
Computing velocity and acceleration...
[compute_kinematics] m=2.513274e-01  c=4.421583e-03  k=3.968803e-01
  CFD trajectory has 139901 steps
  Warm-start window: CFD steps 15734]  (post-release)
  Handoff at t=79.1700s   (5.00s after release)
  Initial state at handoff: h=-0.097588  h_dot=0.048502  h_ddot=0.193730
  Warm-start raw stats:
    disp range: [-0.10359, 0.10242]
    vel  range: [-0.14488, 0.13852]
    acc  range: [-0.20032, 0.20577]
Model loaded: input_size=4  hidden_size=64
Model/input check: input_size=4, history_shape=(1000, 4)

Teacher-forcing vs coupled diagnostic
--------------------------------------
n_steps = 3840
RMSE TF CL vs CFD CL       = 0.066953
RMSE coupled CL vs TF CL   = 0.066550
RMSE coupled CL vs CFD CL  = 0.132191
Max |coupled CL - TF CL|   = 0.119712
Max |coupled h - CFD h|/D  = 0.406823

By horizon:
    10 steps (0.050s): TF-CFD CL RMSE=0.10214, CPL-TF CL RMSE=0.00912, max |h_err|/D=0.00010
    50 steps (0.250s): TF-CFD CL RMSE=0.09884, CPL-TF CL RMSE=0.07021, max |h_err|/D=0.00216
   100 steps (0.500s): TF-CFD CL RMSE=0.09102, CPL-TF CL RMSE=0.09605, max |h_err|/D=0.00945
   250 steps (1.250s): TF-CFD CL RMSE=0.06423, CPL-TF CL RMSE=0.07464, max |h_err|/D=0.04185
   500 steps (2.500s): TF-CFD CL RMSE=0.07613, CPL-TF CL RMSE=0.08188, max |h_err|/D=0.04469
Saved diagnostic plot to /scratch/jote9827/Github/Cylinder/results/diagnostic_tf_vs_coupled_Ur_6.0_gru_rollout_k10.pt_handoff_1500.png_gru_rollout_k10.pt

True-force Newmark replay [current]
-----------------------------------------
RMSE h       = 2.456487e-04 m
RMSE v       = 5.143090e-04 m/s
RMSE a       = 4.076340e-04 m/s²
Max |h err|/D= 0.000955

True-force Newmark replay [next]
-----------------------------------------
RMSE h       = 9.343438e-04 m
RMSE v       = 1.478053e-03 m/s
RMSE a       = 1.478780e-03 m/s²
Max |h err|/D= 0.004218
Saved Newmark replay diagnostic to /scratch/jote9827/Github/Cylinder/results/diagnostic_newmark_replay_Ur_6.0_gru_rollout_k10.pt_handoff_1500.png_gru_rollout_k10.pt

Running coupled inference for 500.0s (84166 steps)...
84166 steps) ...

Saved coupled VIV plot to /scratch/jote9827/Github/Cylinder/results/coupled_viv_Ur_6.0_gru_rollout_k10.pt_offset_1500.png

Steady-state A/D = 0.0004
Displacement range: -0.0976 to 0.0986 m
CL range: -0.0549 to 0.1183
Using device: cuda
Loaded scalers and UR stats: use_ur_context=Truemean=5.0556, std=1.5580
y_scaler: mean=0.000299  scale=0.269071
Ur=6.0  U=0.4800 m/s  fn=0.2000 Hz
m=0.251327 kg/m  k=0.396880  c=0.004422
Expected steady-state period: 5.000 s
t_release=66.6667s

Loading CFD trajectory at Ur=6.0 for warm-start...
Computing velocity and acceleration...
[compute_kinematics] m=2.513274e-01  c=4.421583e-03  k=3.968803e-01
  CFD trajectory has 139901 steps
  Warm-start window: CFD steps 16234]  (post-release)
  Handoff at t=81.6700s   (5.00s after release)
  Initial state at handoff: h=0.081390  h_dot=-0.091608  h_ddot=-0.155058
  Warm-start raw stats:
    disp range: [-0.10359, 0.10512]
    vel  range: [-0.14488, 0.14591]
    acc  range: [-0.20161, 0.20577]
Model loaded: input_size=4  hidden_size=64
Model/input check: input_size=4, history_shape=(1000, 4)

Teacher-forcing vs coupled diagnostic
--------------------------------------
n_steps = 3840
RMSE TF CL vs CFD CL       = 0.065238
RMSE coupled CL vs TF CL   = 0.064395
RMSE coupled CL vs CFD CL  = 0.128238
Max |coupled CL - TF CL|   = 0.121298
Max |coupled h - CFD h|/D  = 0.413311

By horizon:
    10 steps (0.050s): TF-CFD CL RMSE=0.08161, CPL-TF CL RMSE=0.00836, max |h_err|/D=0.00008
    50 steps (0.250s): TF-CFD CL RMSE=0.07310, CPL-TF CL RMSE=0.05478, max |h_err|/D=0.00169
   100 steps (0.500s): TF-CFD CL RMSE=0.06145, CPL-TF CL RMSE=0.06590, max |h_err|/D=0.00692
   250 steps (1.250s): TF-CFD CL RMSE=0.04562, CPL-TF CL RMSE=0.05387, max |h_err|/D=0.02220
   500 steps (2.500s): TF-CFD CL RMSE=0.06744, CPL-TF CL RMSE=0.08511, max |h_err|/D=0.05701
Saved diagnostic plot to /scratch/jote9827/Github/Cylinder/results/diagnostic_tf_vs_coupled_Ur_6.0_gru_rollout_k10.pt_handoff_2000.png_gru_rollout_k10.pt

True-force Newmark replay [current]
-----------------------------------------
RMSE h       = 1.971715e-04 m
RMSE v       = 5.042145e-04 m/s
RMSE a       = 3.079358e-04 m/s²
Max |h err|/D= 0.000767

True-force Newmark replay [next]
-----------------------------------------
RMSE h       = 8.706329e-04 m
RMSE v       = 1.430449e-03 m/s
RMSE a       = 1.378247e-03 m/s²
Max |h err|/D= 0.003933
Saved Newmark replay diagnostic to /scratch/jote9827/Github/Cylinder/results/diagnostic_newmark_replay_Ur_6.0_gru_rollout_k10.pt_handoff_2000.png_gru_rollout_k10.pt

Running coupled inference for 500.0s (83666 steps)...
83666 steps) ...

Saved coupled VIV plot to /scratch/jote9827/Github/Cylinder/results/coupled_viv_Ur_6.0_gru_rollout_k10.pt_offset_2000.png

Steady-state A/D = 0.0004
Displacement range: -0.1024 to 0.0962 m
CL range: -0.0701 to 0.0524
Using device: cuda
Loaded scalers and UR stats: use_ur_context=Truemean=5.0556, std=1.5580
y_scaler: mean=0.000299  scale=0.269071
Ur=6.0  U=0.4800 m/s  fn=0.2000 Hz
m=0.251327 kg/m  k=0.396880  c=0.004422
Expected steady-state period: 5.000 s
t_release=66.6667s

Loading CFD trajectory at Ur=6.0 for warm-start...
Computing velocity and acceleration...
[compute_kinematics] m=2.513274e-01  c=4.421583e-03  k=3.968803e-01
  CFD trajectory has 139901 steps
  Warm-start window: CFD steps 16734]  (post-release)
  Handoff at t=84.1700s   (5.00s after release)
  Initial state at handoff: h=-0.053591  h_dot=0.122469  h_ddot=0.103748
  Warm-start raw stats:
    disp range: [-0.10307, 0.10512]
    vel  range: [-0.14456, 0.14591]
    acc  range: [-0.20161, 0.20076]
Model loaded: input_size=4  hidden_size=64
Model/input check: input_size=4, history_shape=(1000, 4)

Teacher-forcing vs coupled diagnostic
--------------------------------------
n_steps = 3840
RMSE TF CL vs CFD CL       = 0.064838
RMSE coupled CL vs TF CL   = 0.064009
RMSE coupled CL vs CFD CL  = 0.127790
Max |coupled CL - TF CL|   = 0.113591
Max |coupled h - CFD h|/D  = 0.408446

By horizon:
    10 steps (0.050s): TF-CFD CL RMSE=0.06443, CPL-TF CL RMSE=0.00621, max |h_err|/D=0.00006
    50 steps (0.250s): TF-CFD CL RMSE=0.05387, CPL-TF CL RMSE=0.04046, max |h_err|/D=0.00126
   100 steps (0.500s): TF-CFD CL RMSE=0.04144, CPL-TF CL RMSE=0.04333, max |h_err|/D=0.00484
   250 steps (1.250s): TF-CFD CL RMSE=0.04787, CPL-TF CL RMSE=0.04971, max |h_err|/D=0.01020
   500 steps (2.500s): TF-CFD CL RMSE=0.06615, CPL-TF CL RMSE=0.06901, max |h_err|/D=0.06886
Saved diagnostic plot to /scratch/jote9827/Github/Cylinder/results/diagnostic_tf_vs_coupled_Ur_6.0_gru_rollout_k10.pt_handoff_2500.png_gru_rollout_k10.pt

True-force Newmark replay [current]
-----------------------------------------
RMSE h       = 1.325600e-04 m
RMSE v       = 4.637462e-04 m/s
RMSE a       = 2.023621e-04 m/s²
Max |h err|/D= 0.000515

True-force Newmark replay [next]
-----------------------------------------
RMSE h       = 7.892777e-04 m
RMSE v       = 1.346302e-03 m/s
RMSE a       = 1.249928e-03 m/s²
Max |h err|/D= 0.003595
Saved Newmark replay diagnostic to /scratch/jote9827/Github/Cylinder/results/diagnostic_newmark_replay_Ur_6.0_gru_rollout_k10.pt_handoff_2500.png_gru_rollout_k10.pt

Running coupled inference for 500.0s (83166 steps)...
83166 steps) ...

Saved coupled VIV plot to /scratch/jote9827/Github/Cylinder/results/coupled_viv_Ur_6.0_gru_rollout_k10.pt_offset_2500.png

Steady-state A/D = 0.0004
Displacement range: -0.1011 to 0.1066 m
CL range: -0.0482 to 0.0495
Job finished successfully!

------------------------------------------------------------
Sender: LSF System <schwan@makalu88>
Subject: Job 1174656: <direct_k10> in cluster <wuerfel> Done

Job <direct_k10> was submitted from host <makalu49> by user <jote9827> in cluster <wuerfel> at Wed Jun 17 22:32:26 2026
Job was executed on host(s) <makalu88>, in queue <BatchGPU>, as user <jote9827> in cluster <wuerfel> at Wed Jun 17 22:33:30 2026
</home/jote9827> was used as the home directory.
</scratch/jote9827/Github/Cylinder> was used as the working directory.
Started at Wed Jun 17 22:33:30 2026
Terminated at Wed Jun 17 22:47:38 2026
Results reported at Wed Jun 17 22:47:38 2026

Your job looked like:

------------------------------------------------------------
# LSBATCH: User input
#!/bin/bash
#BSUB -J direct_k10                # Job name
#BSUB -q BatchGPU                  # Target the massive GPU queue you found!
#BSUB -gpu "num=1:mode=exclusive_process" # Request 1 GPU
#BSUB -R "rusage[mem=32000]"       # Request 32GB of RAM
#BSUB -W 12:00                     # Max run time (12 hours)
#BSUB -o k10_train_%J.log          # Output log file (%J is the LSF Job ID)

echo "Starting LSF Control Job on node: $HOSTNAME"

# 1. Activate your Conda environment
source /scratch/jote9827/miniconda3/etc/profile.d/conda.sh
conda activate base

# 2. Navigate to your project folder
cd /scratch/jote9827/Github/Cylinder

# 3. Run the Python script 
python -m src.viv_analysis.coupled_inference --checkpoint gru_rollout_k10.pt --model_subdir gru_rollout_cylinder_re_1000_directk10 --handoff_offset 1500
python -m src.viv_analysis.coupled_inference --checkpoint gru_rollout_k10.pt --model_subdir gru_rollout_cylinder_re_1000_directk10 --handoff_offset 2000
python -m src.viv_analysis.coupled_inference --checkpoint gru_rollout_k10.pt --model_subdir gru_rollout_cylinder_re_1000_directk10 --handoff_offset 2500
echo "Job finished successfully!"
------------------------------------------------------------

Successfully completed.

Resource usage summary:

    CPU time :                                   743.00 sec.
    Max Memory :                                 683.77 MB
    Average Memory :                             567.45 MB
    Total Requested Memory :                     32000.00 MB
    Delta Memory :                               31316.23 MB
    Max Swap :                                   -
    Max Processes :                              4
    Max Threads :                                13
    Run time :                                   807 sec.
    Turnaround time :                            912 sec.

The output (if any) is above this job summary.
