Starting LSF Control Job on node: makalu95
Using device: cuda
Loaded scalers and UR stats: use_ur_context=Truemean=6.5000, std=2.5909
y_scaler: mean=0.000299  scale=0.269071
[cylinder1000] Ur=6.0  U=0.4800 m/s  fn=0.2  D(Ur,rel,h/D)=0.4  B(force)=0.4
  m=2.513274e-01  c=4.421583e-03  k=3.968803e-01  rho=1.0  t_release=66.6667s

Loading CFD trajectory at Ur=6.0 for warm-start...
Computing velocity and acceleration...
[compute_kinematics] m=2.513274e-01  c=4.421583e-03  k=3.968803e-01
  CFD trajectory has 139901 steps
  Warm-start window: CFD steps 16234]  (post-release)
  Handoff at t=81.6700s   (5.00s after release)
  Initial state at handoff: h=0.081390  h_dot=-0.091608  h_ddot=-0.155058
  Warm-start raw stats:
    disp range: [-0.10359, 0.10512]
    vel  range: [-0.14488, 0.14591]
    acc  range: [-0.20161, 0.20577]
Model loaded: input_size=4  hidden_size=64

[ATTRACTOR TEST] Seeding loop with artificial A/D = 0.65
[ATTRACTOR] seed A/D=0.65  final A/D=0.2522  target=0.43  f_dom=0.220  converged=False

------------------------------------------------------------
Sender: LSF System <schwan@makalu95>
Subject: Job 1401258: <direct_k10> in cluster <wuerfel> Done

Job <direct_k10> was submitted from host <makalu49> by user <jote9827> in cluster <wuerfel> at Fri Jul  3 15:37:24 2026
Job was executed on host(s) <makalu95>, in queue <BatchGPU>, as user <jote9827> in cluster <wuerfel> at Fri Jul  3 15:57:37 2026
</home/jote9827> was used as the home directory.
</scratch/jote9827/Github/Cylinder> was used as the working directory.
Started at Fri Jul  3 15:57:37 2026
Terminated at Fri Jul  3 16:00:47 2026
Results reported at Fri Jul  3 16:00:47 2026

Your job looked like:

------------------------------------------------------------
# LSBATCH: User input
#!/bin/bash
#BSUB -J direct_k10                # Job name
#BSUB -q BatchGPU                  # Target the massive GPU queue you found!
#BSUB -gpu "num=1:mode=exclusive_process:mps=no:j_exclusive=yes"  # Request 1 GPU
#BSUB -R "rusage[mem=32000]"       # Request 32GB of RAM
#BSUB -W 12:00                     # Max run time (12 hours)
#BSUB -o k10_train_%J.log          # Output log file (%J is the LSF Job ID)


echo "Starting LSF Control Job on node: $HOSTNAME"

# 1. Activate your Conda environment

# 2. Navigate to your project folder
cd /scratch/jote9827/Github/Cylinder
source .venv/bin/activate

export VIV_NUM_WORKERS=0

# 3. Run the Python script 
python -m src.viv_analysis.coupled_inference --Ur 6.0 \
  --cfd_dataset cylinder1000 --model_subdir gru_cylinder_re_1000_noise0.05 \
  --ad_seed 0.65 --cfd_target_AD 0.43 --total_time 500
------------------------------------------------------------

Successfully completed.

Resource usage summary:

    CPU time :                                   173.74 sec.
    Max Memory :                                 571.76 MB
    Average Memory :                             506.00 MB
    Total Requested Memory :                     32000.00 MB
    Delta Memory :                               31428.24 MB
    Max Swap :                                   -
    Max Processes :                              4
    Max Threads :                                13
    Run time :                                   189 sec.
    Turnaround time :                            1403 sec.

The output (if any) is above this job summary.

