Starting LSF Control Job on node: makalu94
/scratch/jote9827/Github/Cylinder/src/viv_analysis/train_gru.py:358: UserWarning: The given NumPy array is not writable, and PyTorch does not support non-writable tensors. This means writing to this tensor will result in undefined behavior. You may want to copy the array to protect its data or make it writable before converting it to a tensor. This type of warning will be suppressed for the rest of this program. (Triggered internally at /pytorch/torch/csrc/utils/tensor_numpy.cpp:203.)
  x = torch.from_numpy(w).unsqueeze(0).to(device)
Dataset: bridge
Device: cuda  |  seq_len=2500  stride_train=5
input feature:s: ['disp', 'vel', 'acc']  |  use_ur_context=False
raw_df type: <class 'pandas.DataFrame'>
raw_df head:        case  step   time          disp        cd        cl
0  Ur4.6327   100  0.010  4.854248e-11 -0.012754 -0.000362
1  Ur4.6327   120  0.012  4.854248e-11 -0.013974 -0.004358
2  Ur4.6327   140  0.014  4.854248e-11 -0.015747 -0.000048
3  Ur4.6327   160  0.016  4.854248e-11 -0.018007 -0.002869
4  Ur4.6327   180  0.018  4.854248e-11 -0.021187 -0.000916
Computing velocity and acceleration...
[compute_kinematics] m=2.460400e+04  c=9.893855e+02  k=9.946388e+04
  WARNING: some cases missing force data, using Savgol fallback.

Per-case length (post-downsample):
case
Ur7.1597      12533
Ur7.265       64142
Ur5.4751      85718
Ur7.3703      98290
Ur6.9491      98750
Ur7.7914     112106
Ur6.8438     116983
Ur7.5809     117413
Ur8.002      123824
Ur6.4227     126526
Ur6.7385     127609
Ur6.528      136703
Ur5.6856     149996
Ur10.1078    149996
Ur4.8433     149996
Ur4.6327     149996
Ur5.8962     149996
Ur6.0015     149996
Ur6.1068     149996
Ur6.3174     149996
Ur5.0539     149996
Ur5.2645     149996
Ur5.5804     149996
Ur8.2126     149996
Ur8.4232     149996
Ur8.6338     149996
Ur8.8443     149996
Ur9.2655     149996

Quarantining 2 case(s) (< 50% of median 149996 rows, or explicit): ['Ur7.1597', 'Ur7.265']
Cases loaded: ['Ur10.1078', 'Ur4.6327', 'Ur4.8433', 'Ur5.0539', 'Ur5.2645', 'Ur5.4751', 'Ur5.5804', 'Ur5.6856', 'Ur5.8962', 'Ur6.0015', 'Ur6.1068', 'Ur6.3174', 'Ur6.4227', 'Ur6.528', 'Ur6.7385', 'Ur6.8438', 'Ur6.9491', 'Ur7.3703', 'Ur7.5809', 'Ur7.7914', 'Ur8.002', 'Ur8.2126', 'Ur8.4232', 'Ur8.6338', 'Ur8.8443', 'Ur9.2655']
  case=Ur10.1078  Ur=10.1078  U=24.0000 m/s  t_release=6.1833s
  case=Ur4.6327  Ur=4.6327  U=10.9999 m/s  t_release=13.4911s
  case=Ur4.8433  Ur=4.8433  U=11.4999 m/s  t_release=12.9044s
  case=Ur5.0539  Ur=5.0539  U=12.0000 m/s  t_release=12.3667s
  case=Ur5.2645  Ur=5.2645  U=12.5000 m/s  t_release=11.8720s
  case=Ur5.4751  Ur=5.4751  U=13.0001 m/s  t_release=11.4153s
  case=Ur5.5804  Ur=5.5804  U=13.2501 m/s  t_release=11.1999s
  case=Ur5.6856  Ur=5.6856  U=13.4999 m/s  t_release=10.9927s
  case=Ur5.8962  Ur=5.8962  U=13.9999 m/s  t_release=10.6000s
  case=Ur6.0015  Ur=6.0015  U=14.2500 m/s  t_release=10.4141s
  case=Ur6.1068  Ur=6.1068  U=14.5000 m/s  t_release=10.2345s
  case=Ur6.3174  Ur=6.3174  U=15.0000 m/s  t_release=9.8933s
  case=Ur6.4227  Ur=6.4227  U=15.2501 m/s  t_release=9.7311s
  case=Ur6.528  Ur=6.5280  U=15.5001 m/s  t_release=9.5741s
  case=Ur6.7385  Ur=6.7385  U=15.9999 m/s  t_release=9.2751s
  case=Ur6.8438  Ur=6.8438  U=16.2499 m/s  t_release=9.1324s
  case=Ur6.9491  Ur=6.9491  U=16.4999 m/s  t_release=8.9940s
  case=Ur7.3703  Ur=7.3703  U=17.5000 m/s  t_release=8.4800s
  case=Ur7.5809  Ur=7.5809  U=18.0001 m/s  t_release=8.2444s
  case=Ur7.7914  Ur=7.7914  U=18.4999 m/s  t_release=8.0217s
  case=Ur8.002  Ur=8.0020  U=18.9999 m/s  t_release=7.8105s
  case=Ur8.2126  Ur=8.2126  U=19.5000 m/s  t_release=7.6103s
  case=Ur8.4232  Ur=8.4232  U=20.0000 m/s  t_release=7.4200s
  case=Ur8.6338  Ur=8.6338  U=20.5001 m/s  t_release=7.2390s
  case=Ur8.8443  Ur=8.8443  U=20.9999 m/s  t_release=7.0667s
  case=Ur9.2655  Ur=9.2655  U=22.0000 m/s  t_release=6.7455s
Train: ['Ur10.1078', 'Ur5.0539', 'Ur5.2645', 'Ur5.4751', 'Ur5.8962', 'Ur6.0015', 'Ur6.1068', 'Ur6.528', 'Ur6.7385', 'Ur6.8438', 'Ur7.5809', 'Ur7.7914', 'Ur8.002', 'Ur8.6338', 'Ur8.8443', 'Ur9.2655']
Val:   ['Ur4.8433', 'Ur5.6856', 'Ur6.4227', 'Ur7.3703', 'Ur8.4232']
Test:  ['Ur4.6327', 'Ur5.5804', 'Ur6.3174', 'Ur6.9491', 'Ur8.2126']
x_scaler: mean=[ 2.54713251e-03 -7.74835841e-07 -5.22437832e-05] scale=[0.06361521 0.12631615 0.2606306 ]
y_scaler (cl): mean=0.098566 scale=0.273170
input_noise_std = 0.0
Dataset sizes — train: 411464 val: 637563 test: 660663
GRU parameters: 40,321

Training for up to 100 epochs...
Epoch   1/100  train=0.09692  val=0.13414  R²=0.9239  lr=1.00e-03
Epoch   2/100  train=0.02618  val=0.04740  R²=0.9731  lr=1.00e-03
Epoch   3/100  train=0.01379  val=0.02696  R²=0.9847  lr=1.00e-03
Epoch   4/100  train=0.00730  val=0.01943  R²=0.9890  lr=1.00e-03
Epoch   5/100  train=0.00456  val=0.01350  R²=0.9923  lr=1.00e-03
Epoch   6/100  train=0.00354  val=0.01642  R²=0.9907  lr=1.00e-03
Epoch   7/100  train=0.00311  val=0.02027  R²=0.9885  lr=1.00e-03
Epoch   8/100  train=0.00300  val=0.01557  R²=0.9912  lr=1.00e-03
Epoch   9/100  train=0.00271  val=0.01638  R²=0.9907  lr=1.00e-03
Epoch  10/100  train=0.00233  val=0.01612  R²=0.9908  lr=1.00e-03
Epoch  11/100  train=0.00220  val=0.01151  R²=0.9935  lr=1.00e-03
Epoch  12/100  train=0.00243  val=0.01264  R²=0.9928  lr=1.00e-03
Epoch  13/100  train=0.00205  val=0.01651  R²=0.9906  lr=1.00e-03
Epoch  14/100  train=0.00200  val=0.01374  R²=0.9922  lr=1.00e-03
Epoch  15/100  train=0.00193  val=0.01579  R²=0.9910  lr=1.00e-03
Epoch  16/100  train=0.00187  val=0.01577  R²=0.9910  lr=1.00e-03
Epoch  17/100  train=0.00177  val=0.01399  R²=0.9921  lr=5.00e-04
Epoch  18/100  train=0.00142  val=0.01323  R²=0.9925  lr=5.00e-04
Epoch  19/100  train=0.00145  val=0.01407  R²=0.9920  lr=5.00e-04
Epoch  20/100  train=0.00144  val=0.01474  R²=0.9916  lr=5.00e-04
Epoch  21/100  train=0.00145  val=0.01411  R²=0.9920  lr=5.00e-04
Epoch  22/100  train=0.00139  val=0.01293  R²=0.9927  lr=5.00e-04
Epoch  23/100  train=0.00137  val=0.01403  R²=0.9920  lr=2.50e-04
Epoch  24/100  train=0.00121  val=0.01366  R²=0.9922  lr=2.50e-04
Epoch  25/100  train=0.00122  val=0.01269  R²=0.9928  lr=2.50e-04
Epoch  26/100  train=0.00120  val=0.01164  R²=0.9934  lr=2.50e-04
Early stopping at epoch 26
Best model saved (val_loss=0.01151)

Validation: {
  "mae": 0.01777573488652706,
  "rmse": 0.029309108286078855,
  "r2": 0.9934685826301575
}
Test:       {
  "mae": 0.02902672067284584,
  "rmse": 0.04881461910380915,
  "r2": 0.9817743897438049
}

Teacher forcing rollout on test cases:
  Ur4.6327: R²=0.9663  RMSE=0.0972
  Ur5.5804: R²=0.9970  RMSE=0.0161
  Ur6.3174: R²=0.9981  RMSE=0.0105
  Ur6.9491: R²=0.9958  RMSE=0.0164
  Ur8.2126: R²=0.9720  RMSE=0.0342
  Ur10.1078: CFD=0.2016  GRU=0.2263  amp_err=12.24%  R²=0.9873  [train]
  Ur4.6327: CFD=1.1250  GRU=0.9273  amp_err=17.57%  R²=0.9663  [test]
  Ur4.8433: CFD=0.7462  GRU=0.6979  amp_err=6.47%  R²=0.9907  [val]
  Ur5.0539: CFD=0.7140  GRU=0.7241  amp_err=1.41%  R²=0.9995  [train]
  Ur5.2645: CFD=0.7414  GRU=0.7540  amp_err=1.70%  R²=0.9988  [train]
  Ur5.4751: CFD=0.5039  GRU=0.5123  amp_err=1.67%  R²=0.9984  [train]
  Ur5.5804: CFD=0.7575  GRU=0.7787  amp_err=2.80%  R²=0.9970  [test]
  Ur5.6856: CFD=0.4841  GRU=0.4679  amp_err=3.35%  R²=0.9963  [val]
  Ur5.8962: CFD=0.3997  GRU=0.3888  amp_err=2.72%  R²=0.9984  [train]
  Ur6.0015: CFD=0.5224  GRU=0.5197  amp_err=0.51%  R²=0.9985  [train]
  Ur6.1068: CFD=0.6183  GRU=0.6287  amp_err=1.67%  R²=0.9976  [train]
  Ur6.3174: CFD=0.4839  GRU=0.4866  amp_err=0.56%  R²=0.9981  [test]
  Ur6.4227: CFD=0.5701  GRU=0.5834  amp_err=2.33%  R²=0.9979  [val]
  Ur6.528: CFD=0.5539  GRU=0.5573  amp_err=0.62%  R²=0.9977  [train]
  Ur6.7385: CFD=0.3225  GRU=0.3275  amp_err=1.56%  R²=0.9934  [train]
  Ur6.8438: CFD=0.8504  GRU=0.8629  amp_err=1.46%  R²=0.9964  [train]
  Ur6.9491: CFD=0.5923  GRU=0.6111  amp_err=3.18%  R²=0.9958  [test]
  Ur7.3703: CFD=0.5771  GRU=0.6022  amp_err=4.34%  R²=0.9941  [val]
  Ur7.5809: CFD=0.5442  GRU=0.5457  amp_err=0.27%  R²=0.9983  [train]
  Ur7.7914: CFD=0.5221  GRU=0.5470  amp_err=4.77%  R²=0.9967  [train]
  Ur8.002: CFD=0.5461  GRU=0.5656  amp_err=3.57%  R²=0.9974  [train]
  Ur8.2126: CFD=0.5693  GRU=0.5292  amp_err=7.05%  R²=0.9720  [test]
  Ur8.4232: CFD=0.1670  GRU=0.1593  amp_err=4.58%  R²=0.9640  [val]
  Ur8.6338: CFD=0.1643  GRU=0.1668  amp_err=1.55%  R²=0.9725  [train]
  Ur8.8443: CFD=0.3556  GRU=0.3310  amp_err=6.93%  R²=0.9943  [train]
  Ur9.2655: CFD=0.4578  GRU=0.4510  amp_err=1.48%  R²=0.9946  [train]

All outputs saved to /scratch/jote9827/Github/Cylinder/results/gru_bridge

------------------------------------------------------------
Sender: LSF System <schwan@makalu94>
Subject: Job 1239182: <direct_k10> in cluster <wuerfel> Done

Job <direct_k10> was submitted from host <makalu49> by user <jote9827> in cluster <wuerfel> at Wed Jun 24 21:15:33 2026
Job was executed on host(s) <makalu94>, in queue <BatchGPU>, as user <jote9827> in cluster <wuerfel> at Wed Jun 24 21:15:53 2026
</home/jote9827> was used as the home directory.
</scratch/jote9827/Github/Cylinder> was used as the working directory.
Started at Wed Jun 24 21:15:53 2026
Terminated at Thu Jun 25 01:39:06 2026
Results reported at Thu Jun 25 01:39:06 2026

Your job looked like:

------------------------------------------------------------
# LSBATCH: User input
#!/bin/bash
#BSUB -J direct_k10                # Job name
#BSUB -q BatchGPU                  # Target the massive GPU queue you found!
#BSUB -gpu "num=1:mode=exclusive_process"
#BSUB -R "rusage[mem=32000]"       # Request 32GB of RAM
#BSUB -W 12:00                     # Max run time (12 hours)
#BSUB -o k10_train_%J.log          # Output log file (%J is the LSF Job ID)


echo "Starting LSF Control Job on node: $HOSTNAME"

# 1. Activate your Conda environment

# 2. Navigate to your project folder
cd /scratch/jote9827/Github/Cylinder
source .venv/bin/activate

# 3. Run the Python script 
python -m src.viv_analysis.train_gru bridge
------------------------------------------------------------

Successfully completed.

Resource usage summary:

    CPU time :                                   15703.12 sec.
    Max Memory :                                 61716.41 MB
    Average Memory :                             54710.82 MB
    Total Requested Memory :                     32000.00 MB
    Delta Memory :                               -29716.41 MB
    Max Swap :                                   256 KB
    Max Processes :                              4
    Max Threads :                                17
    Run time :                                   15792 sec.
    Turnaround time :                            15813 sec.

The output (if any) is above this job summary.

