/scratch/jote9827/miniconda3/lib/python3.10/site-packages/sklearn/base.py:442: InconsistentVersionWarning: Trying to unpickle estimator StandardScaler from version 1.8.0 when using version 1.7.2. This might lead to breaking code or invalid results. Use at your own risk. For more info please refer to:
https://scikit-learn.org/stable/model_persistence.html#security-maintainability-limitations
  warnings.warn(
Computing velocity and acceleration...
[compute_kinematics] m=2.513274e-01  c=4.421583e-03  k=3.968803e-01
train (computed): ['Ur10', 'Ur12', 'Ur3.5', 'Ur4', 'Ur4.5', 'Ur5', 'Ur5.75', 'Ur6', 'Ur6.25', 'Ur8']
train cases: ['Ur10', 'Ur12', 'Ur3.5', 'Ur4', 'Ur4.5', 'Ur5', 'Ur5.75', 'Ur6', 'Ur6.25', 'Ur8']
val   cases: ['Ur4.25', 'Ur5.25', 'Ur6.5', 'Ur9']
Warm-started from /scratch/jote9827/Github/Cylinder/results/gru_cylinder_re_1000/gru_best.pt
  k=1  epoch=1/10  train=0.001298  val=0.001327
  k=1  epoch=2/10  train=0.000609  val=0.000641
  k=1  epoch=3/10  train=0.000710  val=0.001242
  k=1  epoch=4/10  train=0.000598  val=0.000694
  k=1  epoch=5/10  train=0.000581  val=0.000831
  k=1  epoch=6/10  train=0.000664  val=0.000292
  k=1  epoch=7/10  train=0.000556  val=0.000582
  k=1  epoch=8/10  train=0.000546  val=0.000502
  k=1  epoch=9/10  train=0.000551  val=0.000368
  k=1  epoch=10/10  train=0.000552  val=0.000359
  Phase k=1 complete — best_val=0.000292
  k=2  epoch=1/5  train=0.000845  val=0.001008
  k=2  epoch=2/5  train=0.000544  val=0.000721
  k=2  epoch=3/5  train=0.000602  val=0.000795
  k=2  epoch=4/5  train=0.000634  val=0.000915
  k=2  epoch=5/5  train=0.000526  val=0.000878
  Phase k=2 complete — best_val=0.000721
  k=5  epoch=1/5  train=0.001142  val=0.002381
  k=5  epoch=2/5  train=0.000936  val=0.002350
  k=5  epoch=3/5  train=0.000931  val=0.002428
  k=5  epoch=4/5  train=0.000809  val=0.002696
  k=5  epoch=5/5  train=0.000792  val=0.003547
  Phase k=5 complete — best_val=0.002350
  k=10  epoch=1/15  train=0.001659  val=0.007094
  k=10  epoch=2/15  train=0.001503  val=0.007611
  k=10  epoch=3/15  train=0.001425  val=0.007881
  k=10  epoch=4/15  train=0.001318  val=0.007598
  k=10  epoch=5/15  train=0.001268  val=0.007728
  k=10  epoch=6/15  train=0.001268  val=0.008348
  k=10  epoch=7/15  train=0.001258  val=0.008416
  k=10  epoch=8/15  train=0.001135  val=0.008328
  k=10  epoch=9/15  train=0.001156  val=0.009119
  k=10  epoch=10/15  train=0.001100  val=0.008808
  k=10  epoch=11/15  train=0.001077  val=0.008994
  k=10  epoch=12/15  train=0.001064  val=0.009329
  k=10  epoch=13/15  train=0.001090  val=0.009384
  k=10  epoch=14/15  train=0.001049  val=0.009096
  k=10  epoch=15/15  train=0.001002  val=0.009503
  Phase k=10 complete — best_val=0.007094
Case: Ur10
x.shape: torch.Size([1000, 4]) (should be [seq_len, input_size])
y.shape: torch.Size([]) (should be [1])
x last row (kinematics at window-end time): tensor([ 0.0960, -0.4606,  0.0642,  1.3509])
y[0] (CL target): 0.1917848289012909

Final model saved to /scratch/jote9827/Github/Cylinder/results/gru_rollout_cylinder_re_1000/gru_best.pt
