{
  "label": "tf_residual_Ur4.6327",
  "n": 136253,
  "record_s": 272.35630798339844,
  "fs": 500.2748091603053,
  "nperseg": 8192,
  "resid_var_frac": 0.0005529499467676138,
  "dc_bias": -0.03483755996496782,
  "cl_true_var_in_struct": 0.018426690503517064,
  "cl_true_var_in_broad": 0.0005091743551509764,
  "resid_var_in_struct": 0.24556326107699555,
  "resid_var_in_broad": 0.11727744548218935,
  "atten_struct": 1.033772724957206,
  "atten_broad": 0.44706463498569365,
  "coh_motion_struct": 0.4842918898097709,
  "coh_motion_broad": 0.8654749677879403,
  "coh_resid_struct": 0.08386346758081094,
  "work_true": -2.6618718059276912e-06,
  "work_tf": -1.1274912641634478e-05
}

INTERPRETATION
------------------------------------------------------------
  residual variance / CL variance :  0.055%   (= 1 - R^2, expect tiny)
  residual DC bias                : -0.0348   (offset only; shifts equilibrium, not cycle energy)
  PSD_TF/PSD_true  lock-in band   :  1.03   (1.0 = faithful)
  PSD_TF/PSD_true  broadband      :  0.45   (<<1 = model low-passes)
  coherence(CL,vel) lock-in band  :  0.48   (~1 = lift is motion-determined)
  coherence(CL,vel) broadband     :  0.87

  => MODEL LOW-PASSES the lift: broadband content is attenuated.
     Broadband lift is motion-coherent but still attenuated by the
     model -> a one-step-objective artifact; a spectral/residual loss
     or residual prediction may recover it.
     => Exposure-bias schedules (scheduled sampling / Flipped Classroom)
        will NOT by themselves restore the lost band. Pursue STOCHASTIC /
        RESIDUAL CLOSURE, or report the amplitude deficit (Abbas framing).

  NOTE: <CL*v> sign indicates aero-work direction but is ~tautologically
        positive on true steady data (true=-0.0000, tf=-0.0000); use it only as a consistency check, not proof.
  saved figure -> tf_residual_Ur4.6327_tf_residual_spectrum.png

------------------------------------------------------------
Sender: LSF System <schwan@makalu122>
Subject: Job 1376845: <coupled_infer> in cluster <wuerfel> Done

Job <coupled_infer> was submitted from host <makalu49> by user <jote9827> in cluster <wuerfel> at Wed Jul  1 15:33:17 2026
Job was executed on host(s) <2*makalu122>, in queue <BatchXL>, as user <jote9827> in cluster <wuerfel> at Wed Jul  1 15:33:21 2026
                            <2*makalu105>
</home/jote9827> was used as the home directory.
</scratch/jote9827/Github/Cylinder> was used as the working directory.
Started at Wed Jul  1 15:33:21 2026
Terminated at Wed Jul  1 15:33:28 2026
Results reported at Wed Jul  1 15:33:28 2026

Your job looked like:

------------------------------------------------------------
# LSBATCH: User input
#!/bin/bash
#BSUB -J coupled_infer
#BSUB -q BatchXL
#BSUB -n 4
#BSUB -R "rusage[mem=8000]"
#BSUB -W 2:00
#BSUB -o diagnose_%J.log

cd /scratch/jote9827/Github/Cylinder
source .venv/bin/activate
export VIV_NUM_WORKERS=0
python -u -m src.viv_analysis.diagnose tf_residual_Ur4.6327.npz --skip_s 5
------------------------------------------------------------

Successfully completed.

Resource usage summary:

    CPU time :                                   1.98 sec.
    Max Memory :                                 46.13 MB
    Average Memory :                             39.30 MB
    Total Requested Memory :                     16000.00 MB
    Delta Memory :                               15953.87 MB
    Max Swap :                                   -
    Max Processes :                              4
    Max Threads :                                11
    Run time :                                   14 sec.
    Turnaround time :                            11 sec.

The output (if any) is above this job summary.

