Starting LSF Control Job on node: makalu96
{
  "label": "tf_residual_Ur6.7385",
  "n": 115974,
  "record_s": 231.82058715820312,
  "fs": 500.2748091603053,
  "nperseg": 8192,
  "resid_var_frac": 0.002014825271561415,
  "dc_bias": -0.001606007279722028,
  "cl_true_var_in_struct": 0.7828577966884191,
  "cl_true_var_in_broad": 0.01912895960408727,
  "resid_var_in_struct": 0.10143374953381887,
  "resid_var_in_broad": 0.1440457997479424,
  "atten_struct": 1.0015911120389016,
  "atten_broad": 0.770440015436226,
  "coh_motion_struct": 0.4993024484612435,
  "coh_motion_broad": 0.8139845202114082,
  "coh_resid_struct": 0.07303576049904513,
  "work_true": 0.03757763257028497,
  "work_tf": 0.03767624130821023
}

INTERPRETATION
------------------------------------------------------------
  residual variance / CL variance :  0.201%   (= 1 - R^2, expect tiny)
  residual DC bias                : -0.0016   (offset only; shifts equilibrium, not cycle energy)
  PSD_TF/PSD_true  lock-in band   :  1.00   (1.0 = faithful)
  PSD_TF/PSD_true  broadband      :  0.77   (<<1 = model low-passes)
  coherence(CL,vel) lock-in band  :  0.50   (~1 = lift is motion-determined)
  coherence(CL,vel) broadband     :  0.81

  => NO spectral attenuation: TF reproduces CL across the band, yet the
     loop collapsed -> the failure is DYNAMICAL (attractor / exposure bias).
     => Scheduled sampling / Flipped Classroom / BPTT-through-Newmark ARE
        the right methods to read and implement.

  NOTE: <CL*v> sign indicates aero-work direction but is ~tautologically
        positive on true steady data (true=+0.0376, tf=+0.0377); use it only as a consistency check, not proof.
  saved figure -> tf_residual_Ur6.7385_tf_residual_spectrum.png

------------------------------------------------------------
Sender: LSF System <schwan@makalu96>
Subject: Job 1309489: <direct_k10> in cluster <wuerfel> Done

Job <direct_k10> was submitted from host <makalu49> by user <jote9827> in cluster <wuerfel> at Sun Jun 28 20:01:31 2026
Job was executed on host(s) <makalu96>, in queue <BatchGPU>, as user <jote9827> in cluster <wuerfel> at Sun Jun 28 20:01:51 2026
</home/jote9827> was used as the home directory.
</scratch/jote9827/Github/Cylinder> was used as the working directory.
Started at Sun Jun 28 20:01:51 2026
Terminated at Sun Jun 28 20:01:58 2026
Results reported at Sun Jun 28 20:01:58 2026

Your job looked like:

------------------------------------------------------------
# LSBATCH: User input
#!/bin/bash
#BSUB -J direct_k10                # Job name
#BSUB -q BatchGPU                  # Target the massive GPU queue you found!
#BSUB -gpu "num=1:mode=exclusive_process"
#BSUB -R "rusage[mem=32000]"       # Request 32GB of RAM
#BSUB -W 12:00                     # Max run time (12 hours)
#BSUB -o k10_train_%J.log          # Output log file (%J is the LSF Job ID)


echo "Starting LSF Control Job on node: $HOSTNAME"

# 1. Activate your Conda environment

# 2. Navigate to your project folder
cd /scratch/jote9827/Github/Cylinder
source .venv/bin/activate

export VIV_NUM_WORKERS=0

# 3. Run the Python script 
python -u -m src.viv_analysis.diagnose tf_residual_Ur6.7385.npz --skip_s 5
------------------------------------------------------------

Successfully completed.

Resource usage summary:

    CPU time :                                   2.23 sec.
    Max Memory :                                 30.40 MB
    Average Memory :                             30.40 MB
    Total Requested Memory :                     32000.00 MB
    Delta Memory :                               31969.60 MB
    Max Swap :                                   1 MB
    Max Processes :                              4
    Max Threads :                                8
    Run time :                                   21 sec.
    Turnaround time :                            27 sec.

The output (if any) is above this job summary.

