Starting LSF Control Job on node: makalu88
Dataset: bridge
Device: cuda  |  seq_len=2500  stride_train=5
input feature:s: ['disp', 'vel', 'acc']  |  use_ur_context=True
raw_df type: <class 'pandas.DataFrame'>
raw_df head:        case  step   time          disp        cd        cl
0  Ur4.6327   100  0.010  4.854248e-11 -0.012754 -0.000362
1  Ur4.6327   120  0.012  4.854248e-11 -0.013974 -0.004358
2  Ur4.6327   140  0.014  4.854248e-11 -0.015747 -0.000048
3  Ur4.6327   160  0.016  4.854248e-11 -0.018007 -0.002869
4  Ur4.6327   180  0.018  4.854248e-11 -0.021187 -0.000916
Computing velocity and acceleration...
[compute_kinematics] m=2.460400e+04  c=9.893855e+02  k=9.946388e+04

Per-case length (post-downsample):
case
Ur7.1597      12533
Ur7.265       64142
Ur5.4751      85718
Ur7.3703      98290
Ur6.9491      98750
Ur7.7914     112106
Ur6.8438     116983
Ur7.5809     117413
Ur8.002      123824
Ur6.4227     126526
Ur6.7385     127609
Ur6.528      136703
Ur5.6856     149996
Ur10.1078    149996
Ur4.8433     149996
Ur4.6327     149996
Ur5.8962     149996
Ur6.0015     149996
Ur6.1068     149996
Ur6.3174     149996
Ur5.0539     149996
Ur5.2645     149996
Ur5.5804     149996
Ur8.2126     149996
Ur8.4232     149996
Ur8.6338     149996
Ur8.8443     149996
Ur9.2655     149996

No cases quarantined.
Cases loaded: ['Ur10.1078', 'Ur4.6327', 'Ur4.8433', 'Ur5.0539', 'Ur5.2645', 'Ur5.4751', 'Ur5.5804', 'Ur5.6856', 'Ur5.8962', 'Ur6.0015', 'Ur6.1068', 'Ur6.3174', 'Ur6.4227', 'Ur6.528', 'Ur6.7385', 'Ur6.8438', 'Ur6.9491', 'Ur7.1597', 'Ur7.265', 'Ur7.3703', 'Ur7.5809', 'Ur7.7914', 'Ur8.002', 'Ur8.2126', 'Ur8.4232', 'Ur8.6338', 'Ur8.8443', 'Ur9.2655']
  case=Ur10.1078  Ur=10.1078  U=24.0000 m/s  t_release=6.1833s
  case=Ur4.6327  Ur=4.6327  U=10.9999 m/s  t_release=13.4911s
  case=Ur4.8433  Ur=4.8433  U=11.4999 m/s  t_release=12.9044s
  case=Ur5.0539  Ur=5.0539  U=12.0000 m/s  t_release=12.3667s
  case=Ur5.2645  Ur=5.2645  U=12.5000 m/s  t_release=11.8720s
  case=Ur5.4751  Ur=5.4751  U=13.0001 m/s  t_release=11.4153s
  case=Ur5.5804  Ur=5.5804  U=13.2501 m/s  t_release=11.1999s
  case=Ur5.6856  Ur=5.6856  U=13.4999 m/s  t_release=10.9927s
  case=Ur5.8962  Ur=5.8962  U=13.9999 m/s  t_release=10.6000s
  case=Ur6.0015  Ur=6.0015  U=14.2500 m/s  t_release=10.4141s
  case=Ur6.1068  Ur=6.1068  U=14.5000 m/s  t_release=10.2345s
  case=Ur6.3174  Ur=6.3174  U=15.0000 m/s  t_release=9.8933s
  case=Ur6.4227  Ur=6.4227  U=15.2501 m/s  t_release=9.7311s
  case=Ur6.528  Ur=6.5280  U=15.5001 m/s  t_release=9.5741s
  case=Ur6.7385  Ur=6.7385  U=15.9999 m/s  t_release=9.2751s
  case=Ur6.8438  Ur=6.8438  U=16.2499 m/s  t_release=9.1324s
  case=Ur6.9491  Ur=6.9491  U=16.4999 m/s  t_release=8.9940s
  case=Ur7.1597  Ur=7.1597  U=17.0000 m/s  t_release=8.7294s
  case=Ur7.265  Ur=7.2650  U=17.2500 m/s  t_release=8.6029s
  case=Ur7.3703  Ur=7.3703  U=17.5000 m/s  t_release=8.4800s
  case=Ur7.5809  Ur=7.5809  U=18.0001 m/s  t_release=8.2444s
  case=Ur7.7914  Ur=7.7914  U=18.4999 m/s  t_release=8.0217s
  case=Ur8.002  Ur=8.0020  U=18.9999 m/s  t_release=7.8105s
  case=Ur8.2126  Ur=8.2126  U=19.5000 m/s  t_release=7.6103s
  case=Ur8.4232  Ur=8.4232  U=20.0000 m/s  t_release=7.4200s
  case=Ur8.6338  Ur=8.6338  U=20.5001 m/s  t_release=7.2390s
  case=Ur8.8443  Ur=8.8443  U=20.9999 m/s  t_release=7.0667s
  case=Ur9.2655  Ur=9.2655  U=22.0000 m/s  t_release=6.7455s
Train: ['Ur10.1078', 'Ur5.0539', 'Ur5.2645', 'Ur5.6856', 'Ur5.8962', 'Ur6.3174', 'Ur6.4227', 'Ur6.8438', 'Ur6.9491', 'Ur7.3703', 'Ur7.5809', 'Ur8.2126', 'Ur8.4232', 'Ur8.6338', 'Ur8.8443', 'Ur9.2655']
Val:   ['Ur4.8433', 'Ur5.5804', 'Ur6.1068', 'Ur6.7385', 'Ur7.265', 'Ur8.002']
Test:  ['Ur4.6327', 'Ur5.4751', 'Ur6.0015', 'Ur6.528', 'Ur7.1597', 'Ur7.7914']
x_scaler: mean=[ 2.43464331e-03 -6.05530656e-06  2.30493120e-03] scale=[0.06267157 0.12403572 0.24930398]
y_scaler (cl): mean=0.097555 scale=0.265595
input_noise_std = 0.01
Using Ur context feature: mean=7.3045, std=1.4560
Dataset sizes — train: 419346 val: 720576 test: 601256
GRU parameters: 40,513

Training for up to 100 epochs...
Epoch   1/100  train=0.05083  val=0.01277  R²=0.9931  lr=1.00e-03
Epoch   2/100  train=0.00254  val=0.00911  R²=0.9951  lr=1.00e-03
Epoch   3/100  train=0.00219  val=0.00529  R²=0.9972  lr=1.00e-03
Epoch   4/100  train=0.00208  val=0.00563  R²=0.9970  lr=1.00e-03
Epoch   5/100  train=0.00195  val=0.00497  R²=0.9973  lr=1.00e-03
Epoch   6/100  train=0.00188  val=0.00814  R²=0.9956  lr=1.00e-03
Epoch   7/100  train=0.00180  val=0.00395  R²=0.9979  lr=1.00e-03
Epoch   8/100  train=0.00171  val=0.00595  R²=0.9968  lr=1.00e-03
Epoch   9/100  train=0.00177  val=0.00756  R²=0.9959  lr=1.00e-03
Epoch  10/100  train=0.00158  val=0.00811  R²=0.9956  lr=1.00e-03
Epoch  11/100  train=0.00161  val=0.00897  R²=0.9952  lr=1.00e-03
Epoch  12/100  train=0.00154  val=0.00785  R²=0.9958  lr=1.00e-03
Epoch  13/100  train=0.00149  val=0.00710  R²=0.9962  lr=5.00e-04
Epoch  14/100  train=0.00128  val=0.00338  R²=0.9982  lr=5.00e-04
Epoch  15/100  train=0.00129  val=0.00500  R²=0.9973  lr=5.00e-04
Epoch  16/100  train=0.00131  val=0.00508  R²=0.9973  lr=5.00e-04
Epoch  17/100  train=0.00129  val=0.00469  R²=0.9975  lr=5.00e-04
Epoch  18/100  train=0.00129  val=0.00393  R²=0.9979  lr=5.00e-04
Epoch  19/100  train=0.00126  val=0.00505  R²=0.9973  lr=5.00e-04
Epoch  20/100  train=0.00128  val=0.00423  R²=0.9977  lr=2.50e-04
Epoch  21/100  train=0.00116  val=0.00310  R²=0.9983  lr=2.50e-04
Epoch  22/100  train=0.00116  val=0.00347  R²=0.9981  lr=2.50e-04
Epoch  23/100  train=0.00117  val=0.00467  R²=0.9975  lr=2.50e-04
Epoch  24/100  train=0.00117  val=0.00330  R²=0.9982  lr=2.50e-04
Epoch  25/100  train=0.00116  val=0.00317  R²=0.9983  lr=2.50e-04
Epoch  26/100  train=0.00116  val=0.00365  R²=0.9980  lr=2.50e-04
Epoch  27/100  train=0.00115  val=0.00304  R²=0.9984  lr=2.50e-04
Epoch  28/100  train=0.00115  val=0.00330  R²=0.9982  lr=2.50e-04
Epoch  29/100  train=0.00116  val=0.00386  R²=0.9979  lr=2.50e-04
Epoch  30/100  train=0.00115  val=0.00295  R²=0.9984  lr=2.50e-04
Epoch  31/100  train=0.00114  val=0.00301  R²=0.9984  lr=2.50e-04
Epoch  32/100  train=0.00114  val=0.00428  R²=0.9977  lr=2.50e-04
Epoch  33/100  train=0.00115  val=0.00411  R²=0.9978  lr=2.50e-04
Epoch  34/100  train=0.00115  val=0.00509  R²=0.9973  lr=2.50e-04
Epoch  35/100  train=0.00115  val=0.00266  R²=0.9986  lr=2.50e-04
Epoch  36/100  train=0.00113  val=0.00318  R²=0.9983  lr=2.50e-04
Epoch  37/100  train=0.00114  val=0.00321  R²=0.9983  lr=2.50e-04
Epoch  38/100  train=0.00115  val=0.00273  R²=0.9985  lr=2.50e-04
Epoch  39/100  train=0.00113  val=0.00352  R²=0.9981  lr=2.50e-04
Epoch  40/100  train=0.00114  val=0.00311  R²=0.9983  lr=2.50e-04
Epoch  41/100  train=0.00113  val=0.00278  R²=0.9985  lr=1.25e-04
Epoch  42/100  train=0.00108  val=0.00261  R²=0.9986  lr=1.25e-04
Epoch  43/100  train=0.00108  val=0.00293  R²=0.9984  lr=1.25e-04
Epoch  44/100  train=0.00109  val=0.00251  R²=0.9987  lr=1.25e-04
Epoch  45/100  train=0.00109  val=0.00268  R²=0.9986  lr=1.25e-04
Epoch  46/100  train=0.00109  val=0.00263  R²=0.9986  lr=1.25e-04
Epoch  47/100  train=0.00109  val=0.00345  R²=0.9981  lr=1.25e-04
Epoch  48/100  train=0.00108  val=0.00255  R²=0.9986  lr=1.25e-04
Epoch  49/100  train=0.00109  val=0.00312  R²=0.9983  lr=1.25e-04
Epoch  50/100  train=0.00109  val=0.00244  R²=0.9987  lr=1.25e-04
Epoch  51/100  train=0.00108  val=0.00252  R²=0.9986  lr=1.25e-04
Epoch  52/100  train=0.00108  val=0.00264  R²=0.9986  lr=1.25e-04
Epoch  53/100  train=0.00109  val=0.00268  R²=0.9986  lr=1.25e-04
Epoch  54/100  train=0.00108  val=0.00299  R²=0.9984  lr=1.25e-04
Epoch  55/100  train=0.00109  val=0.00265  R²=0.9986  lr=1.25e-04
Epoch  56/100  train=0.00109  val=0.00264  R²=0.9986  lr=6.25e-05
Epoch  57/100  train=0.00106  val=0.00243  R²=0.9987  lr=6.25e-05
Epoch  58/100  train=0.00106  val=0.00279  R²=0.9985  lr=6.25e-05
Epoch  59/100  train=0.00106  val=0.00296  R²=0.9984  lr=6.25e-05
Epoch  60/100  train=0.00106  val=0.00254  R²=0.9986  lr=6.25e-05
Epoch  61/100  train=0.00106  val=0.00234  R²=0.9987  lr=6.25e-05
Epoch  62/100  train=0.00105  val=0.00235  R²=0.9987  lr=6.25e-05
Epoch  63/100  train=0.00106  val=0.00230  R²=0.9988  lr=6.25e-05
Epoch  64/100  train=0.00106  val=0.00220  R²=0.9988  lr=6.25e-05
Epoch  65/100  train=0.00105  val=0.00237  R²=0.9987  lr=6.25e-05
Epoch  66/100  train=0.00106  val=0.00220  R²=0.9988  lr=6.25e-05
Epoch  67/100  train=0.00105  val=0.00249  R²=0.9987  lr=6.25e-05
Epoch  68/100  train=0.00105  val=0.00249  R²=0.9987  lr=6.25e-05
Epoch  69/100  train=0.00105  val=0.00227  R²=0.9988  lr=6.25e-05
Epoch  70/100  train=0.00105  val=0.00243  R²=0.9987  lr=6.25e-05
Epoch  71/100  train=0.00105  val=0.00216  R²=0.9988  lr=6.25e-05
Epoch  72/100  train=0.00105  val=0.00221  R²=0.9988  lr=6.25e-05
Epoch  73/100  train=0.00105  val=0.00283  R²=0.9985  lr=6.25e-05
Epoch  74/100  train=0.00105  val=0.00237  R²=0.9987  lr=6.25e-05
Epoch  75/100  train=0.00105  val=0.00264  R²=0.9986  lr=6.25e-05
Epoch  76/100  train=0.00106  val=0.00245  R²=0.9987  lr=6.25e-05
Epoch  77/100  train=0.00105  val=0.00224  R²=0.9988  lr=3.13e-05
Epoch  78/100  train=0.00104  val=0.00222  R²=0.9988  lr=3.13e-05
Epoch  79/100  train=0.00104  val=0.00243  R²=0.9987  lr=3.13e-05
Epoch  80/100  train=0.00104  val=0.00223  R²=0.9988  lr=3.13e-05
Epoch  81/100  train=0.00104  val=0.00229  R²=0.9988  lr=3.13e-05
Epoch  82/100  train=0.00104  val=0.00242  R²=0.9987  lr=3.13e-05
Epoch  83/100  train=0.00104  val=0.00268  R²=0.9986  lr=1.56e-05
Epoch  84/100  train=0.00103  val=0.00214  R²=0.9989  lr=1.56e-05
Epoch  85/100  train=0.00103  val=0.00216  R²=0.9988  lr=1.56e-05
Epoch  86/100  train=0.00103  val=0.00218  R²=0.9988  lr=1.56e-05
Epoch  87/100  train=0.00103  val=0.00228  R²=0.9988  lr=1.56e-05
Epoch  88/100  train=0.00103  val=0.00212  R²=0.9989  lr=1.56e-05
Epoch  89/100  train=0.00103  val=0.00215  R²=0.9988  lr=1.56e-05
Epoch  90/100  train=0.00103  val=0.00225  R²=0.9988  lr=1.56e-05
Epoch  91/100  train=0.00103  val=0.00230  R²=0.9988  lr=1.56e-05
Epoch  92/100  train=0.00103  val=0.00221  R²=0.9988  lr=1.56e-05
Epoch  93/100  train=0.00103  val=0.00218  R²=0.9988  lr=1.56e-05
Epoch  94/100  train=0.00103  val=0.00217  R²=0.9988  lr=7.81e-06
Epoch  95/100  train=0.00103  val=0.00222  R²=0.9988  lr=7.81e-06
Epoch  96/100  train=0.00102  val=0.00222  R²=0.9988  lr=7.81e-06
Epoch  97/100  train=0.00102  val=0.00226  R²=0.9988  lr=7.81e-06
Epoch  98/100  train=0.00102  val=0.00212  R²=0.9989  lr=7.81e-06
Epoch  99/100  train=0.00102  val=0.00219  R²=0.9988  lr=7.81e-06
Epoch 100/100  train=0.00102  val=0.00218  R²=0.9988  lr=3.91e-06
Best model saved (val_loss=0.00212)

Validation: {
  "mae": 0.006290579680353403,
  "rmse": 0.012232883615312336,
  "r2": 0.9988589286804199
}
Test:       {
  "mae": 0.005560638383030891,
  "rmse": 0.009214958508869673,
  "r2": 0.9994227886199951
}

Teacher forcing rollout on test cases:
  Ur4.6327: R²=0.9993  RMSE=0.0145
  Ur5.4751: R²=0.9998  RMSE=0.0067
  Ur6.0015: R²=0.9994  RMSE=0.0058
  Ur6.528: R²=0.9991  RMSE=0.0067
  Ur7.1597: R²=0.9994  RMSE=0.0122
  Ur7.7914: R²=0.9989  RMSE=0.0079
  Ur10.1078: CFD=0.2016  GRU=0.2020  amp_err=0.18%  R²=0.9988  [train]
  Ur4.6327: CFD=1.1250  GRU=1.0495  amp_err=6.71%  R²=0.9993  [test]
  Ur4.8433: CFD=0.7462  GRU=0.7439  amp_err=0.31%  R²=0.9982  [val]
  Ur5.0539: CFD=0.7140  GRU=0.7125  amp_err=0.21%  R²=0.9998  [train]
  Ur5.2645: CFD=0.7414  GRU=0.7420  amp_err=0.08%  R²=0.9997  [train]
  Ur5.4751: CFD=0.5039  GRU=0.4990  amp_err=0.98%  R²=0.9998  [test]
  Ur5.5804: CFD=0.7575  GRU=0.7556  amp_err=0.25%  R²=0.9995  [val]
  Ur5.6856: CFD=0.4841  GRU=0.4753  amp_err=1.81%  R²=0.9995  [train]
  Ur5.8962: CFD=0.3997  GRU=0.3922  amp_err=1.87%  R²=0.9993  [train]
  Ur6.0015: CFD=0.5224  GRU=0.5162  amp_err=1.18%  R²=0.9994  [test]
  Ur6.1068: CFD=0.6183  GRU=0.6130  amp_err=0.87%  R²=0.9995  [val]
  Ur6.3174: CFD=0.4839  GRU=0.4769  amp_err=1.44%  R²=0.9994  [train]
  Ur6.4227: CFD=0.5701  GRU=0.5651  amp_err=0.88%  R²=0.9994  [train]
  Ur6.528: CFD=0.5539  GRU=0.5439  amp_err=1.80%  R²=0.9991  [test]
  Ur6.7385: CFD=0.3225  GRU=0.3115  amp_err=3.40%  R²=0.9983  [val]
  Ur6.8438: CFD=0.8504  GRU=0.8357  amp_err=1.73%  R²=0.9990  [train]
  Ur6.9491: CFD=0.5923  GRU=0.5862  amp_err=1.02%  R²=0.9990  [train]
  Ur7.1597: CFD=0.6440  GRU=0.6342  amp_err=1.52%  R²=0.9994  [test]
  Ur7.265: CFD=0.7023  GRU=0.6967  amp_err=0.79%  R²=0.9990  [val]
  Ur7.3703: CFD=0.5771  GRU=0.5672  amp_err=1.72%  R²=0.9994  [train]
  Ur7.5809: CFD=0.5442  GRU=0.5359  amp_err=1.54%  R²=0.9992  [train]
  Ur7.7914: CFD=0.5221  GRU=0.5146  amp_err=1.45%  R²=0.9989  [test]
  Ur8.002: CFD=0.5461  GRU=0.5384  amp_err=1.42%  R²=0.9991  [val]
  Ur8.2126: CFD=0.5693  GRU=0.5559  amp_err=2.35%  R²=0.9977  [train]
  Ur8.4232: CFD=0.1670  GRU=0.1609  amp_err=3.63%  R²=0.9945  [train]
  Ur8.6338: CFD=0.1643  GRU=0.1614  amp_err=1.72%  R²=0.9951  [train]
  Ur8.8443: CFD=0.3556  GRU=0.3506  amp_err=1.40%  R²=0.9992  [train]
  Ur9.2655: CFD=0.4578  GRU=0.4572  amp_err=0.15%  R²=0.9994  [train]

All outputs saved to /scratch/jote9827/Github/Cylinder/results/gru_bridge_noise0.01

------------------------------------------------------------
Sender: LSF System <schwan@makalu88>
Subject: Job 1240515: <direct_k10> in cluster <wuerfel> Done

Job <direct_k10> was submitted from host <makalu49> by user <jote9827> in cluster <wuerfel> at Fri Jun 26 17:23:53 2026
Job was executed on host(s) <makalu88>, in queue <BatchGPU>, as user <jote9827> in cluster <wuerfel> at Fri Jun 26 17:24:45 2026
</home/jote9827> was used as the home directory.
</scratch/jote9827/Github/Cylinder> was used as the working directory.
Started at Fri Jun 26 17:24:45 2026
Terminated at Sat Jun 27 00:59:46 2026
Results reported at Sat Jun 27 00:59:46 2026

Your job looked like:

------------------------------------------------------------
# LSBATCH: User input
#!/bin/bash
#BSUB -J direct_k10                # Job name
#BSUB -q BatchGPU                  # Target the massive GPU queue you found!
#BSUB -gpu "num=1:mode=exclusive_process"
#BSUB -R "rusage[mem=32000]"       # Request 32GB of RAM
#BSUB -W 12:00                     # Max run time (12 hours)
#BSUB -o k10_train_%J.log          # Output log file (%J is the LSF Job ID)


echo "Starting LSF Control Job on node: $HOSTNAME"

# 1. Activate your Conda environment

# 2. Navigate to your project folder
cd /scratch/jote9827/Github/Cylinder
source .venv/bin/activate

export VIV_NUM_WORKERS=0

# 3. Run the Python script 
VIV_INPUT_NOISE=0.01 python -u -m src.viv_analysis.train_gru bridge
------------------------------------------------------------

Successfully completed.

Resource usage summary:

    CPU time :                                   31599.13 sec.
    Max Memory :                                 80759.91 MB
    Average Memory :                             68176.10 MB
    Total Requested Memory :                     32000.00 MB
    Delta Memory :                               -48759.91 MB
    Max Swap :                                   256 KB
    Max Processes :                              4
    Max Threads :                                17
    Run time :                                   27251 sec.
    Turnaround time :                            27353 sec.

The output (if any) is above this job summary.

