Starting LSF Control Job on node: makalu88
Using device: cuda
Loaded scalers and UR stats: use_ur_context=Truemean=7.3045, std=1.4560
y_scaler: mean=0.097555  scale=0.265595
[bridge] Ur=6.3174  U=15.0000 m/s  fn=0.32  D(Ur,rel,h/D)=7.42  B(force)=25.9
  m=2.460400e+04  c=9.893855e+02  k=9.946388e+04  rho=1.225  t_release=9.8933s

Loading CFD trajectory at Ur=6.3174 for warm-start...
Computing velocity and acceleration...
[compute_kinematics] m=2.460400e+04  c=9.893855e+02  k=9.946388e+04
  CFD trajectory has 149996 steps
  [bridge] Newmark dt = 0.001999s  (1563 steps/cycle)
  Warm-start window: CFD steps 7942]  (post-release)
  Handoff at t=15.8940s   (5.00s after release)
  Initial state at handoff: h=-0.002225  h_dot=-0.007592  h_ddot=-0.007943
  Warm-start raw stats:
    disp range: [-0.00971, 0.00641]
    vel  range: [-0.01462, 0.01175]
    acc  range: [-0.02828, 0.03059]
Model loaded: input_size=4  hidden_size=64
Model/input check: input_size=4, history_shape=(2500, 4)

Teacher-forcing vs coupled diagnostic
--------------------------------------
n_steps = 3840
RMSE TF CL vs CFD CL       = 0.009489
RMSE coupled CL vs TF CL   = 0.226107
RMSE coupled CL vs CFD CL  = 0.225254
Max |coupled CL - TF CL|   = 0.381471
Max |coupled h - CFD h|/D  = 0.002529

By horizon:
    10 steps (0.020s): TF-CFD CL RMSE=0.00421, CPL-TF CL RMSE=0.00030, max |h_err|/D=0.00000
    50 steps (0.100s): TF-CFD CL RMSE=0.00507, CPL-TF CL RMSE=0.00086, max |h_err|/D=0.00000
   100 steps (0.200s): TF-CFD CL RMSE=0.00770, CPL-TF CL RMSE=0.00407, max |h_err|/D=0.00001
   250 steps (0.500s): TF-CFD CL RMSE=0.00810, CPL-TF CL RMSE=0.00501, max |h_err|/D=0.00005
   500 steps (0.999s): TF-CFD CL RMSE=0.00765, CPL-TF CL RMSE=0.00744, max |h_err|/D=0.00013
Saved diagnostic plot to /scratch/jote9827/Github/Cylinder/results/diagnostic_tf_vs_coupled_Ur_6.3174_gru_best.pt_handoff_500.png_gru_best.pt

True-force Newmark replay [current]
-----------------------------------------
RMSE h       = 5.868053e-04 m
RMSE v       = 6.530823e-04 m/s
RMSE a       = 2.377359e-03 m/s²
Max |h err|/D= 0.000134

True-force Newmark replay [next]
-----------------------------------------
RMSE h       = 5.921387e-04 m
RMSE v       = 6.751784e-04 m/s
RMSE a       = 2.394785e-03 m/s²
Max |h err|/D= 0.000134
Saved Newmark replay diagnostic to /scratch/jote9827/Github/Cylinder/results/diagnostic_newmark_replay_Ur_6.3174_gru_best.pt_handoff_500.png_gru_best.pt

Running coupled inference for 200.0s (92103 steps)...
92103 steps) ...

Saved coupled VIV plot to /scratch/jote9827/Github/Cylinder/results/coupled_viv_Ur_6.3174_gru_best.pt_offset_500.png

Steady-state A/D = 0.0001
Displacement range: -0.0233 to -0.0022 m
CL range: -0.6169 to -0.1069

------------------------------------------------------------
Sender: LSF System <schwan@makalu88>
Subject: Job 1240494: <direct_k10> in cluster <wuerfel> Done

Job <direct_k10> was submitted from host <makalu49> by user <jote9827> in cluster <wuerfel> at Fri Jun 26 14:29:54 2026
Job was executed on host(s) <makalu88>, in queue <BatchGPU>, as user <jote9827> in cluster <wuerfel> at Fri Jun 26 14:30:31 2026
</home/jote9827> was used as the home directory.
</scratch/jote9827/Github/Cylinder> was used as the working directory.
Started at Fri Jun 26 14:30:31 2026
Terminated at Fri Jun 26 15:43:54 2026
Results reported at Fri Jun 26 15:43:54 2026

Your job looked like:

------------------------------------------------------------
# LSBATCH: User input
#!/bin/bash
#BSUB -J direct_k10                # Job name
#BSUB -q BatchGPU                  # Target the massive GPU queue you found!
#BSUB -gpu "num=1:mode=exclusive_process"
#BSUB -R "rusage[mem=32000]"       # Request 32GB of RAM
#BSUB -W 12:00                     # Max run time (12 hours)
#BSUB -o k10_train_%J.log          # Output log file (%J is the LSF Job ID)


echo "Starting LSF Control Job on node: $HOSTNAME"

# 1. Activate your Conda environment

# 2. Navigate to your project folder
cd /scratch/jote9827/Github/Cylinder
source .venv/bin/activate

export VIV_NUM_WORKERS=0

# 3. Run the Python script 
python -m src.viv_analysis.coupled_inference --Ur 6.3174 \
    --cfd_dataset bridge --model_subdir gru_bridge_noise0.05 \
    --total_time 200 --handoff_offset 500
------------------------------------------------------------

Successfully completed.

Resource usage summary:

    CPU time :                                   4287.70 sec.
    Max Memory :                                 17736.74 MB
    Average Memory :                             11436.22 MB
    Total Requested Memory :                     32000.00 MB
    Delta Memory :                               14263.26 MB
    Max Swap :                                   -
    Max Processes :                              4
    Max Threads :                                13
    Run time :                                   4353 sec.
    Turnaround time :                            4440 sec.

The output (if any) is above this job summary.

