Starting LSF Control Job on node: makalu94
Dataset: cylinder_re_1000
Device: cuda  |  seq_len=1000  stride_train=8
input feature:s: ['disp', 'vel', 'acc']  |  use_ur_context=True
raw_df type: <class 'pandas.DataFrame'>
raw_df head:    case  step   time          disp        cd        cl
0  Ur10   100  0.500 -1.807822e-10  0.587466  0.011033
1  Ur10   101  0.505 -1.807822e-10  0.590567  0.011228
2  Ur10   102  0.510 -1.807822e-10  0.593611  0.011394
3  Ur10   103  0.515 -1.807822e-10  0.596598  0.011564
4  Ur10   104  0.520 -1.807822e-10  0.599543  0.011755
Computing velocity and acceleration...
[compute_kinematics] m=2.513274e-01  c=4.421583e-03  k=3.968803e-01
Cases loaded: ['Ur10', 'Ur11', 'Ur12', 'Ur2', 'Ur2.5', 'Ur3', 'Ur3.5', 'Ur4', 'Ur4.25', 'Ur4.5', 'Ur4.75', 'Ur5', 'Ur5.25', 'Ur5.5', 'Ur5.75', 'Ur6', 'Ur6.25', 'Ur6.5', 'Ur7', 'Ur8', 'Ur9']
train (computed): ['Ur10', 'Ur12', 'Ur3.5', 'Ur4', 'Ur4.5', 'Ur5', 'Ur5.75', 'Ur6', 'Ur6.25', 'Ur8']
Train: ['Ur10', 'Ur12', 'Ur3.5', 'Ur4', 'Ur4.5', 'Ur5', 'Ur5.75', 'Ur6', 'Ur6.25', 'Ur8']
Val:   ['Ur4.25', 'Ur5.25', 'Ur6.5', 'Ur9']
Test:  ['Ur11', 'Ur4.75', 'Ur5.5', 'Ur7']
x_scaler: mean=[7.05753791e-04 6.60902091e-05 2.28440592e-04] scale=[0.08447787 0.10889112 0.15732116]
y_scaler (cl): mean=0.000299 scale=0.269071
input_noise_std = 0.05
Using Ur context feature: mean=6.5000, std=2.5909
Dataset sizes — train: 156088 val: 500744 test: 505913
GRU parameters: 40,513

Training for up to 100 epochs...
Epoch   1/100  train=0.13663  val=0.00228  R²=0.9920  lr=1.00e-03
Epoch   2/100  train=0.00479  val=0.00130  R²=0.9955  lr=1.00e-03
Epoch   3/100  train=0.00333  val=0.00142  R²=0.9950  lr=1.00e-03
Epoch   4/100  train=0.00237  val=0.00157  R²=0.9945  lr=1.00e-03
Epoch   5/100  train=0.00200  val=0.00192  R²=0.9933  lr=1.00e-03
Epoch   6/100  train=0.00173  val=0.00192  R²=0.9933  lr=1.00e-03
Epoch   7/100  train=0.00168  val=0.00214  R²=0.9925  lr=1.00e-03
Epoch   8/100  train=0.00154  val=0.00175  R²=0.9939  lr=5.00e-04
Epoch   9/100  train=0.00109  val=0.00193  R²=0.9933  lr=5.00e-04
Epoch  10/100  train=0.00110  val=0.00226  R²=0.9921  lr=5.00e-04
Epoch  11/100  train=0.00107  val=0.00193  R²=0.9933  lr=5.00e-04
Epoch  12/100  train=0.00103  val=0.00260  R²=0.9909  lr=5.00e-04
Epoch  13/100  train=0.00095  val=0.00227  R²=0.9921  lr=5.00e-04
Epoch  14/100  train=0.00097  val=0.00232  R²=0.9919  lr=2.50e-04
Epoch  15/100  train=0.00078  val=0.00228  R²=0.9920  lr=2.50e-04
Epoch  16/100  train=0.00079  val=0.00248  R²=0.9913  lr=2.50e-04
Traceback (most recent call last):
  File "<frozen runpy>", line 198, in _run_module_as_main
  File "<frozen runpy>", line 88, in _run_code
  File "/scratch/jote9827/Github/Cylinder/src/viv_analysis/train_gru.py", line 701, in <module>
    main()
  File "/scratch/jote9827/Github/Cylinder/src/viv_analysis/train_gru.py", line 607, in main
    torch.save(best_state, OUTPUT_DIR / "gru_best.pt")
  File "/scratch/jote9827/Github/Cylinder/.venv/lib/python3.12/site-packages/torch/serialization.py", line 964, in save
    with _open_zipfile_writer(f) as opened_zipfile:
         ^^^^^^^^^^^^^^^^^^^^^^^
  File "/scratch/jote9827/Github/Cylinder/.venv/lib/python3.12/site-packages/torch/serialization.py", line 828, in _open_zipfile_writer
    return container(name_or_buffer)
           ^^^^^^^^^^^^^^^^^^^^^^^^^
  File "/scratch/jote9827/Github/Cylinder/.venv/lib/python3.12/site-packages/torch/serialization.py", line 792, in __init__
    torch._C.PyTorchFileWriter(
RuntimeError: Parent directory /scratch/jote9827/Github/Cylinder/results/gru_cylinder_re_1000_noise0.05 does not exist.
Epoch  17/100  train=0.00076  val=0.00227  R²=0.9921  lr=2.50e-04
Early stopping at epoch 17

------------------------------------------------------------
Sender: LSF System <schwan@makalu94>
Subject: Job 1188713: <direct_k10> in cluster <wuerfel> Exited

Job <direct_k10> was submitted from host <makalu49> by user <jote9827> in cluster <wuerfel> at Thu Jun 18 15:43:00 2026
Job was executed on host(s) <makalu94>, in queue <BatchGPU>, as user <jote9827> in cluster <wuerfel> at Thu Jun 18 15:43:20 2026
</home/jote9827> was used as the home directory.
</scratch/jote9827/Github/Cylinder> was used as the working directory.
Started at Thu Jun 18 15:43:20 2026
Terminated at Thu Jun 18 15:51:50 2026
Results reported at Thu Jun 18 15:51:50 2026

Your job looked like:

------------------------------------------------------------
# LSBATCH: User input
#!/bin/bash
#BSUB -J direct_k10                # Job name
#BSUB -q BatchGPU                  # Target the massive GPU queue you found!
#BSUB -gpu "num=1:mode=exclusive_process"
#BSUB -R "rusage[mem=32000]"       # Request 32GB of RAM
#BSUB -W 12:00                     # Max run time (12 hours)
#BSUB -o k10_train_%J.log          # Output log file (%J is the LSF Job ID)


echo "Starting LSF Control Job on node: $HOSTNAME"

# 1. Activate your Conda environment

# 2. Navigate to your project folder
cd /scratch/jote9827/Github/Cylinder
source .venv/bin/activate

# 3. Run the Python script 
VIV_INPUT_NOISE=0.05 python -m src.viv_analysis.train_gru cylinder_re_1000
------------------------------------------------------------

Exited with exit code 1.

Resource usage summary:

    CPU time :                                   874.33 sec.
    Max Memory :                                 19398.05 MB
    Average Memory :                             16336.68 MB
    Total Requested Memory :                     32000.00 MB
    Delta Memory :                               12601.95 MB
    Max Swap :                                   256 KB
    Max Processes :                              18
    Max Threads :                                67
    Run time :                                   510 sec.
    Turnaround time :                            530 sec.

The output (if any) is above this job summary.

