Starting LSF Control Job on node: makalu88
Traceback (most recent call last):
  File "<frozen runpy>", line 198, in _run_module_as_main
  File "<frozen runpy>", line 88, in _run_code
  File "/scratch/jote9827/Github/Cylinder/src/viv_analysis/coupled_inference.py", line 8, in <module>
    import torch
  File "/scratch/jote9827/miniconda3/envs/viv/lib/python3.12/site-packages/torch/__init__.py", line 367, in <module>
    from torch._C import *  # noqa: F403
    ^^^^^^^^^^^^^^^^^^^^^^
ImportError: /scratch/jote9827/miniconda3/envs/viv/lib/python3.12/site-packages/torch/lib/libtorch_cpu.so: undefined symbol: iJIT_NotifyEvent
Traceback (most recent call last):
  File "<frozen runpy>", line 198, in _run_module_as_main
  File "<frozen runpy>", line 88, in _run_code
  File "/scratch/jote9827/Github/Cylinder/src/viv_analysis/coupled_inference.py", line 8, in <module>
    import torch
  File "/scratch/jote9827/miniconda3/envs/viv/lib/python3.12/site-packages/torch/__init__.py", line 367, in <module>
    from torch._C import *  # noqa: F403
    ^^^^^^^^^^^^^^^^^^^^^^
ImportError: /scratch/jote9827/miniconda3/envs/viv/lib/python3.12/site-packages/torch/lib/libtorch_cpu.so: undefined symbol: iJIT_NotifyEvent
Traceback (most recent call last):
  File "<frozen runpy>", line 198, in _run_module_as_main
  File "<frozen runpy>", line 88, in _run_code
  File "/scratch/jote9827/Github/Cylinder/src/viv_analysis/coupled_inference.py", line 8, in <module>
    import torch
  File "/scratch/jote9827/miniconda3/envs/viv/lib/python3.12/site-packages/torch/__init__.py", line 367, in <module>
    from torch._C import *  # noqa: F403
    ^^^^^^^^^^^^^^^^^^^^^^
ImportError: /scratch/jote9827/miniconda3/envs/viv/lib/python3.12/site-packages/torch/lib/libtorch_cpu.so: undefined symbol: iJIT_NotifyEvent
Job finished successfully!

------------------------------------------------------------
Sender: LSF System <schwan@makalu88>
Subject: Job 1174772: <direct_k10> in cluster <wuerfel> Done

Job <direct_k10> was submitted from host <makalu49> by user <jote9827> in cluster <wuerfel> at Wed Jun 17 23:13:45 2026
Job was executed on host(s) <makalu88>, in queue <BatchGPU>, as user <jote9827> in cluster <wuerfel> at Wed Jun 17 23:14:16 2026
</home/jote9827> was used as the home directory.
</scratch/jote9827/Github/Cylinder> was used as the working directory.
Started at Wed Jun 17 23:14:16 2026
Terminated at Wed Jun 17 23:15:49 2026
Results reported at Wed Jun 17 23:15:49 2026

Your job looked like:

------------------------------------------------------------
# LSBATCH: User input
#!/bin/bash
#BSUB -J direct_k10                # Job name
#BSUB -q BatchGPU                  # Target the massive GPU queue you found!
#BSUB -gpu "num=1:mode=exclusive_process" # Request 1 GPU
#BSUB -R "rusage[mem=32000]"       # Request 32GB of RAM
#BSUB -W 12:00                     # Max run time (12 hours)
#BSUB -o k10_train_%J.log          # Output log file (%J is the LSF Job ID)

echo "Starting LSF Control Job on node: $HOSTNAME"

# 1. Activate your Conda environment
source /scratch/jote9827/miniconda3/etc/profile.d/conda.sh
conda activate viv

# 2. Navigate to your project folder
cd /scratch/jote9827/Github/Cylinder

# 3. Run the Python script 
python -m src.viv_analysis.coupled_inference --checkpoint gru_rollout_k10.pt --model_dataset rollout_cylinder_re_1000_directk10 --handoff_offset 1500
python -m src.viv_analysis.coupled_inference --checkpoint gru_rollout_k10.pt --model_dataset rollout_cylinder_re_1000_directk10 --handoff_offset 2000
python -m src.viv_analysis.coupled_inference --checkpoint gru_rollout_k10.pt --model_dataset rollout_cylinder_re_1000_directk10 --handoff_offset 2500
echo "Job finished successfully!"
------------------------------------------------------------

Successfully completed.

Resource usage summary:

    CPU time :                                   0.99 sec.
    Max Memory :                                 6.27 MB
    Average Memory :                             4.89 MB
    Total Requested Memory :                     32000.00 MB
    Delta Memory :                               31993.73 MB
    Max Swap :                                   -
    Max Processes :                              1
    Max Threads :                                3
    Run time :                                   49 sec.
    Turnaround time :                            124 sec.

The output (if any) is above this job summary.

