Starting LSF Control Job on node: makalu97
Dataset: bridge
Device: cuda  |  seq_len=2500  stride_train=5
input feature:s: ['disp', 'vel', 'acc']  |  use_ur_context=False
raw_df type: <class 'pandas.DataFrame'>
raw_df head:        case  step   time          disp        cd        cl
0  Ur4.6327   100  0.010  4.854248e-11 -0.012754 -0.000362
1  Ur4.6327   120  0.012  4.854248e-11 -0.013974 -0.004358
2  Ur4.6327   140  0.014  4.854248e-11 -0.015747 -0.000048
3  Ur4.6327   160  0.016  4.854248e-11 -0.018007 -0.002869
4  Ur4.6327   180  0.018  4.854248e-11 -0.021187 -0.000916
Computing velocity and acceleration...
[compute_kinematics] m=2.460400e+04  c=9.893855e+02  k=9.946388e+04
  WARNING: some cases missing force data, using Savgol fallback.

Per-case length (post-downsample):
case
Ur7.1597      12533
Ur7.265       64142
Ur5.4751      85718
Ur7.3703      98290
Ur6.9491      98750
Ur7.7914     112106
Ur6.8438     116983
Ur7.5809     117413
Ur8.002      123824
Ur6.4227     126526
Ur6.7385     127609
Ur6.528      136703
Ur5.6856     149996
Ur10.1078    149996
Ur4.8433     149996
Ur4.6327     149996
Ur5.8962     149996
Ur6.0015     149996
Ur6.1068     149996
Ur6.3174     149996
Ur5.0539     149996
Ur5.2645     149996
Ur5.5804     149996
Ur8.2126     149996
Ur8.4232     149996
Ur8.6338     149996
Ur8.8443     149996
Ur9.2655     149996

Quarantining 2 case(s) (< 50% of median 149996 rows, or explicit): ['Ur7.1597', 'Ur7.265']
Cases loaded: ['Ur10.1078', 'Ur4.6327', 'Ur4.8433', 'Ur5.0539', 'Ur5.2645', 'Ur5.4751', 'Ur5.5804', 'Ur5.6856', 'Ur5.8962', 'Ur6.0015', 'Ur6.1068', 'Ur6.3174', 'Ur6.4227', 'Ur6.528', 'Ur6.7385', 'Ur6.8438', 'Ur6.9491', 'Ur7.3703', 'Ur7.5809', 'Ur7.7914', 'Ur8.002', 'Ur8.2126', 'Ur8.4232', 'Ur8.6338', 'Ur8.8443', 'Ur9.2655']
  case=Ur10.1078  Ur=10.1078  U=24.0000 m/s  t_release=6.1833s
  case=Ur4.6327  Ur=4.6327  U=10.9999 m/s  t_release=13.4911s
  case=Ur4.8433  Ur=4.8433  U=11.4999 m/s  t_release=12.9044s
  case=Ur5.0539  Ur=5.0539  U=12.0000 m/s  t_release=12.3667s
  case=Ur5.2645  Ur=5.2645  U=12.5000 m/s  t_release=11.8720s
  case=Ur5.4751  Ur=5.4751  U=13.0001 m/s  t_release=11.4153s
  case=Ur5.5804  Ur=5.5804  U=13.2501 m/s  t_release=11.1999s
  case=Ur5.6856  Ur=5.6856  U=13.4999 m/s  t_release=10.9927s
  case=Ur5.8962  Ur=5.8962  U=13.9999 m/s  t_release=10.6000s
  case=Ur6.0015  Ur=6.0015  U=14.2500 m/s  t_release=10.4141s
  case=Ur6.1068  Ur=6.1068  U=14.5000 m/s  t_release=10.2345s
  case=Ur6.3174  Ur=6.3174  U=15.0000 m/s  t_release=9.8933s
  case=Ur6.4227  Ur=6.4227  U=15.2501 m/s  t_release=9.7311s
  case=Ur6.528  Ur=6.5280  U=15.5001 m/s  t_release=9.5741s
  case=Ur6.7385  Ur=6.7385  U=15.9999 m/s  t_release=9.2751s
  case=Ur6.8438  Ur=6.8438  U=16.2499 m/s  t_release=9.1324s
  case=Ur6.9491  Ur=6.9491  U=16.4999 m/s  t_release=8.9940s
  case=Ur7.3703  Ur=7.3703  U=17.5000 m/s  t_release=8.4800s
  case=Ur7.5809  Ur=7.5809  U=18.0001 m/s  t_release=8.2444s
  case=Ur7.7914  Ur=7.7914  U=18.4999 m/s  t_release=8.0217s
  case=Ur8.002  Ur=8.0020  U=18.9999 m/s  t_release=7.8105s
  case=Ur8.2126  Ur=8.2126  U=19.5000 m/s  t_release=7.6103s
  case=Ur8.4232  Ur=8.4232  U=20.0000 m/s  t_release=7.4200s
  case=Ur8.6338  Ur=8.6338  U=20.5001 m/s  t_release=7.2390s
  case=Ur8.8443  Ur=8.8443  U=20.9999 m/s  t_release=7.0667s
  case=Ur9.2655  Ur=9.2655  U=22.0000 m/s  t_release=6.7455s
Train: ['Ur10.1078', 'Ur5.0539', 'Ur5.2645', 'Ur5.4751', 'Ur5.8962', 'Ur6.0015', 'Ur6.1068', 'Ur6.528', 'Ur6.7385', 'Ur6.8438', 'Ur7.5809', 'Ur7.7914', 'Ur8.002', 'Ur8.6338', 'Ur8.8443', 'Ur9.2655']
Val:   ['Ur4.8433', 'Ur5.6856', 'Ur6.4227', 'Ur7.3703', 'Ur8.4232']
Test:  ['Ur4.6327', 'Ur5.5804', 'Ur6.3174', 'Ur6.9491', 'Ur8.2126']
x_scaler: mean=[ 2.54713251e-03 -7.74835841e-07 -5.22437832e-05] scale=[0.06361521 0.12631615 0.2606306 ]
y_scaler (cl): mean=0.098566 scale=0.273170
input_noise_std = 0.0
Dataset sizes — train: 411464 val: 637563 test: 660663
GRU parameters: 40,321

Training for up to 100 epochs...
Epoch   1/100  train=0.09329  val=0.14541  R²=0.9175  lr=1.00e-03
Epoch   2/100  train=0.03706  val=0.11281  R²=0.9360  lr=1.00e-03
Epoch   3/100  train=0.03251  val=0.12078  R²=0.9314  lr=1.00e-03
Epoch   4/100  train=0.02968  val=0.10442  R²=0.9407  lr=1.00e-03
Epoch   5/100  train=0.02659  val=0.11667  R²=0.9338  lr=1.00e-03
Epoch   6/100  train=0.02125  val=0.04771  R²=0.9729  lr=1.00e-03
Epoch   7/100  train=0.00895  val=0.02997  R²=0.9830  lr=1.00e-03
Epoch   8/100  train=0.00609  val=0.03068  R²=0.9826  lr=1.00e-03
Epoch   9/100  train=0.00489  val=0.02640  R²=0.9850  lr=1.00e-03
Epoch  10/100  train=0.00403  val=0.02384  R²=0.9865  lr=1.00e-03
Epoch  11/100  train=0.00356  val=0.02197  R²=0.9875  lr=1.00e-03
Epoch  12/100  train=0.00311  val=0.01716  R²=0.9903  lr=1.00e-03
Epoch  13/100  train=0.00292  val=0.02138  R²=0.9879  lr=1.00e-03
Epoch  14/100  train=0.00325  val=0.01785  R²=0.9899  lr=1.00e-03
Epoch  15/100  train=0.00246  val=0.01881  R²=0.9893  lr=1.00e-03
Epoch  16/100  train=0.00258  val=0.01695  R²=0.9904  lr=1.00e-03
Epoch  17/100  train=0.00235  val=0.01703  R²=0.9903  lr=1.00e-03
Epoch  18/100  train=0.00212  val=0.01647  R²=0.9906  lr=1.00e-03
Epoch  19/100  train=0.00216  val=0.01594  R²=0.9909  lr=1.00e-03
Epoch  20/100  train=0.00219  val=0.01733  R²=0.9902  lr=1.00e-03
Epoch  21/100  train=0.00233  val=0.01579  R²=0.9910  lr=1.00e-03
Epoch  22/100  train=0.00193  val=0.01473  R²=0.9916  lr=1.00e-03
Epoch  23/100  train=0.00191  val=0.01651  R²=0.9906  lr=1.00e-03
Epoch  24/100  train=0.00178  val=0.01574  R²=0.9911  lr=1.00e-03
Epoch  25/100  train=0.00178  val=0.01938  R²=0.9890  lr=1.00e-03
Epoch  26/100  train=0.00187  val=0.01843  R²=0.9895  lr=1.00e-03
Epoch  27/100  train=0.00179  val=0.01582  R²=0.9910  lr=1.00e-03
Epoch  28/100  train=0.00169  val=0.01949  R²=0.9889  lr=5.00e-04
Epoch  29/100  train=0.00129  val=0.01566  R²=0.9911  lr=5.00e-04
Epoch  30/100  train=0.00144  val=0.01643  R²=0.9907  lr=5.00e-04
Epoch  31/100  train=0.00131  val=0.01624  R²=0.9908  lr=5.00e-04
Epoch  32/100  train=0.00156  val=0.01637  R²=0.9907  lr=5.00e-04
Epoch  33/100  train=0.00163  val=0.01734  R²=0.9902  lr=5.00e-04
Epoch  34/100  train=0.00122  val=0.01630  R²=0.9907  lr=2.50e-04
Epoch  35/100  train=0.00115  val=0.01772  R²=0.9899  lr=2.50e-04
Epoch  36/100  train=0.00116  val=0.01680  R²=0.9905  lr=2.50e-04
Epoch  37/100  train=0.00116  val=0.01478  R²=0.9916  lr=2.50e-04
Early stopping at epoch 37
Best model saved (val_loss=0.01473)
/scratch/jote9827/Github/Cylinder/src/viv_analysis/train_gru.py:358: UserWarning: The given NumPy array is not writable, and PyTorch does not support non-writable tensors. This means writing to this tensor will result in undefined behavior. You may want to copy the array to protect its data or make it writable before converting it to a tensor. This type of warning will be suppressed for the rest of this program. (Triggered internally at /pytorch/torch/csrc/utils/tensor_numpy.cpp:203.)
  x = torch.from_numpy(w).unsqueeze(0).to(device)

Validation: {
  "mae": 0.019666630774736404,
  "rmse": 0.0331649332724112,
  "r2": 0.9916370511054993
}
Test:       {
  "mae": 0.03040168061852455,
  "rmse": 0.04880825592143916,
  "r2": 0.981779158115387
}

Teacher forcing rollout on test cases:
  Ur4.6327: R²=0.9673  RMSE=0.0958
  Ur5.5804: R²=0.9964  RMSE=0.0175
  Ur6.3174: R²=0.9975  RMSE=0.0121
  Ur6.9491: R²=0.9958  RMSE=0.0163
  Ur8.2126: R²=0.9679  RMSE=0.0366
  Ur10.1078: CFD=0.2016  GRU=0.2204  amp_err=9.29%  R²=0.9864  [train]
  Ur4.6327: CFD=1.1250  GRU=0.9253  amp_err=17.75%  R²=0.9673  [test]
  Ur4.8433: CFD=0.7462  GRU=0.6912  amp_err=7.37%  R²=0.9874  [val]
  Ur5.0539: CFD=0.7140  GRU=0.7169  amp_err=0.41%  R²=0.9995  [train]
  Ur5.2645: CFD=0.7414  GRU=0.7280  amp_err=1.80%  R²=0.9993  [train]
  Ur5.4751: CFD=0.5039  GRU=0.5016  amp_err=0.46%  R²=0.9990  [train]
  Ur5.5804: CFD=0.7575  GRU=0.7596  amp_err=0.28%  R²=0.9964  [test]
  Ur5.6856: CFD=0.4841  GRU=0.4617  amp_err=4.62%  R²=0.9951  [val]
  Ur5.8962: CFD=0.3997  GRU=0.3816  amp_err=4.51%  R²=0.9990  [train]
  Ur6.0015: CFD=0.5224  GRU=0.5126  amp_err=1.86%  R²=0.9991  [train]
  Ur6.1068: CFD=0.6183  GRU=0.6140  amp_err=0.71%  R²=0.9991  [train]
  Ur6.3174: CFD=0.4839  GRU=0.4941  amp_err=2.10%  R²=0.9975  [test]
  Ur6.4227: CFD=0.5701  GRU=0.5893  amp_err=3.37%  R²=0.9956  [val]
  Ur6.528: CFD=0.5539  GRU=0.5490  amp_err=0.88%  R²=0.9987  [train]
  Ur6.7385: CFD=0.3225  GRU=0.3323  amp_err=3.03%  R²=0.9897  [train]
  Ur6.8438: CFD=0.8504  GRU=0.8295  amp_err=2.47%  R²=0.9956  [train]
  Ur6.9491: CFD=0.5923  GRU=0.6053  amp_err=2.21%  R²=0.9958  [test]
  Ur7.3703: CFD=0.5771  GRU=0.5698  amp_err=1.27%  R²=0.9960  [val]
  Ur7.5809: CFD=0.5442  GRU=0.5315  amp_err=2.35%  R²=0.9980  [train]
  Ur7.7914: CFD=0.5221  GRU=0.5300  amp_err=1.51%  R²=0.9978  [train]
  Ur8.002: CFD=0.5461  GRU=0.5533  amp_err=1.31%  R²=0.9974  [train]
  Ur8.2126: CFD=0.5693  GRU=0.4901  amp_err=13.92%  R²=0.9679  [test]
  Ur8.4232: CFD=0.1670  GRU=0.1561  amp_err=6.53%  R²=0.9664  [val]
  Ur8.6338: CFD=0.1643  GRU=0.1711  amp_err=4.14%  R²=0.9690  [train]
  Ur8.8443: CFD=0.3556  GRU=0.3346  amp_err=5.92%  R²=0.9935  [train]
  Ur9.2655: CFD=0.4578  GRU=0.4640  amp_err=1.35%  R²=0.9949  [train]

All outputs saved to /scratch/jote9827/Github/Cylinder/results/gru_bridge

------------------------------------------------------------
Sender: LSF System <schwan@makalu97>
Subject: Job 1239196: <direct_k10> in cluster <wuerfel> Done

Job <direct_k10> was submitted from host <makalu49> by user <jote9827> in cluster <wuerfel> at Wed Jun 24 22:14:26 2026
Job was executed on host(s) <makalu97>, in queue <BatchGPU>, as user <jote9827> in cluster <wuerfel> at Wed Jun 24 22:14:46 2026
</home/jote9827> was used as the home directory.
</scratch/jote9827/Github/Cylinder> was used as the working directory.
Started at Wed Jun 24 22:14:46 2026
Terminated at Thu Jun 25 01:46:02 2026
Results reported at Thu Jun 25 01:46:02 2026

Your job looked like:

------------------------------------------------------------
# LSBATCH: User input
#!/bin/bash
#BSUB -J direct_k10                # Job name
#BSUB -q BatchGPU                  # Target the massive GPU queue you found!
#BSUB -gpu "num=1:mode=exclusive_process"
#BSUB -R "rusage[mem=32000]"       # Request 32GB of RAM
#BSUB -W 12:00                     # Max run time (12 hours)
#BSUB -o k10_train_%J.log          # Output log file (%J is the LSF Job ID)


echo "Starting LSF Control Job on node: $HOSTNAME"

# 1. Activate your Conda environment

# 2. Navigate to your project folder
cd /scratch/jote9827/Github/Cylinder
source .venv/bin/activate

# 3. Run the Python script 
python -m src.viv_analysis.train_gru bridge
------------------------------------------------------------

Successfully completed.

Resource usage summary:

    CPU time :                                   15575.00 sec.
    Max Memory :                                 57756.31 MB
    Average Memory :                             52182.85 MB
    Total Requested Memory :                     32000.00 MB
    Delta Memory :                               -25756.31 MB
    Max Swap :                                   256 KB
    Max Processes :                              24
    Max Threads :                                91
    Run time :                                   12673 sec.
    Turnaround time :                            12696 sec.

The output (if any) is above this job summary.

