Starting LSF Control Job on node: makalu99
self-test
  variance  resid=0.09732  surrogate=0.09732  ratio=1.000
  log-PSD correlation (resid vs surrogate), 0.05-10 Hz = 0.9988
  reproducible under same seed : True
  different under diff seed     : True
  resonance-band power  resid=8.44380e-02  surrogate=8.26885e-02
  PASS

------------------------------------------------------------
Sender: LSF System <schwan@makalu99>
Subject: Job 1342780: <direct_k10> in cluster <wuerfel> Done

Job <direct_k10> was submitted from host <makalu49> by user <jote9827> in cluster <wuerfel> at Tue Jun 30 13:41:04 2026
Job was executed on host(s) <makalu99>, in queue <BatchGPU>, as user <jote9827> in cluster <wuerfel> at Wed Jul  1 09:34:39 2026
</home/jote9827> was used as the home directory.
</scratch/jote9827/Github/Cylinder> was used as the working directory.
Started at Wed Jul  1 09:34:39 2026
Terminated at Wed Jul  1 09:34:44 2026
Results reported at Wed Jul  1 09:34:44 2026

Your job looked like:

------------------------------------------------------------
# LSBATCH: User input
#!/bin/bash
#BSUB -J direct_k10                # Job name
#BSUB -q BatchGPU                  # Target the massive GPU queue you found!
#BSUB -gpu "num=1:mode=exclusive_process"
#BSUB -R "rusage[mem=32000]"       # Request 32GB of RAM
#BSUB -W 12:00                     # Max run time (12 hours)
#BSUB -o k10_train_%J.log          # Output log file (%J is the LSF Job ID)


echo "Starting LSF Control Job on node: $HOSTNAME"

# 1. Activate your Conda environment

# 2. Navigate to your project folder
cd /scratch/jote9827/Github/Cylinder
source .venv/bin/activate

export VIV_NUM_WORKERS=0

# 3. Run the Python script 
python -u -m src.viv_analysis.residual
------------------------------------------------------------

Successfully completed.

Resource usage summary:

    CPU time :                                   1.08 sec.
    Max Memory :                                 28.63 MB
    Average Memory :                             28.63 MB
    Total Requested Memory :                     32000.00 MB
    Delta Memory :                               31971.37 MB
    Max Swap :                                   -
    Max Processes :                              4
    Max Threads :                                8
    Run time :                                   5 sec.
    Turnaround time :                            71620 sec.

The output (if any) is above this job summary.

