Starting LSF Control Job on node: makalu88
/scratch/jote9827/Github/Cylinder/.venv/lib/python3.12/site-packages/sklearn/base.py:463: InconsistentVersionWarning: Trying to unpickle estimator StandardScaler from version 1.7.2 when using version 1.8.0. This might lead to breaking code or invalid results. Use at your own risk. For more info please refer to:
https://scikit-learn.org/stable/model_persistence.html#security-maintainability-limitations
  warnings.warn(
Using device: cuda
Loaded scalers and UR stats: use_ur_context=Truemean=6.5000, std=2.5909
y_scaler: mean=0.000299  scale=0.269071
Ur=6.0  U=0.4800 m/s  fn=0.2000 Hz
m=0.251327 kg/m  k=0.396880  c=0.004422
Expected steady-state period: 5.000 s
t_release=66.6667s

Loading CFD trajectory at Ur=6.0 for warm-start...
Computing velocity and acceleration...
[compute_kinematics] m=2.513274e-01  c=4.421583e-03  k=3.968803e-01
  CFD trajectory has 139901 steps
  Warm-start window: CFD steps 15734]  (post-release)
  Handoff at t=79.1700s   (5.00s after release)
  Initial state at handoff: h=-0.097588  h_dot=0.048502  h_ddot=0.193730
  Warm-start raw stats:
    disp range: [-0.10359, 0.10242]
    vel  range: [-0.14488, 0.13852]
    acc  range: [-0.20032, 0.20577]
Model loaded: input_size=4  hidden_size=64
Model/input check: input_size=4, history_shape=(1000, 4)

Teacher-forcing vs coupled diagnostic
--------------------------------------
n_steps = 3840
RMSE TF CL vs CFD CL       = 0.001370
RMSE coupled CL vs TF CL   = 0.095205
RMSE coupled CL vs CFD CL  = 0.095296
Max |coupled CL - TF CL|   = 0.271020
Max |coupled h - CFD h|/D  = 0.147165

By horizon:
    10 steps (0.050s): TF-CFD CL RMSE=0.00241, CPL-TF CL RMSE=0.00014, max |h_err|/D=0.00006
    50 steps (0.250s): TF-CFD CL RMSE=0.00237, CPL-TF CL RMSE=0.00263, max |h_err|/D=0.00034
   100 steps (0.500s): TF-CFD CL RMSE=0.00236, CPL-TF CL RMSE=0.00412, max |h_err|/D=0.00082
   250 steps (1.250s): TF-CFD CL RMSE=0.00177, CPL-TF CL RMSE=0.00401, max |h_err|/D=0.00244
   500 steps (2.500s): TF-CFD CL RMSE=0.00176, CPL-TF CL RMSE=0.03031, max |h_err|/D=0.00867
Saved diagnostic plot to /scratch/jote9827/Github/Cylinder/results/diagnostic_tf_vs_coupled_Ur_6.0_gru_rollout_k10.pt_handoff_1500.png_gru_rollout_k10.pt

True-force Newmark replay [current]
-----------------------------------------
RMSE h       = 2.456487e-04 m
RMSE v       = 5.143090e-04 m/s
RMSE a       = 4.076340e-04 m/s²
Max |h err|/D= 0.000955

True-force Newmark replay [next]
-----------------------------------------
RMSE h       = 9.343438e-04 m
RMSE v       = 1.478053e-03 m/s
RMSE a       = 1.478780e-03 m/s²
Max |h err|/D= 0.004218
Saved Newmark replay diagnostic to /scratch/jote9827/Github/Cylinder/results/diagnostic_newmark_replay_Ur_6.0_gru_rollout_k10.pt_handoff_1500.png_gru_rollout_k10.pt

Running coupled inference for 500.0s (84166 steps)...
84166 steps) ...

Saved coupled VIV plot to /scratch/jote9827/Github/Cylinder/results/coupled_viv_Ur_6.0_gru_rollout_k10.pt_offset_1500.png

Steady-state A/D = 0.4137
Displacement range: -0.1507 to 0.2287 m
CL range: -0.9062 to 1.1333
/scratch/jote9827/Github/Cylinder/.venv/lib/python3.12/site-packages/sklearn/base.py:463: InconsistentVersionWarning: Trying to unpickle estimator StandardScaler from version 1.7.2 when using version 1.8.0. This might lead to breaking code or invalid results. Use at your own risk. For more info please refer to:
https://scikit-learn.org/stable/model_persistence.html#security-maintainability-limitations
  warnings.warn(
Using device: cuda
Loaded scalers and UR stats: use_ur_context=Truemean=6.5000, std=2.5909
y_scaler: mean=0.000299  scale=0.269071
Ur=6.0  U=0.4800 m/s  fn=0.2000 Hz
m=0.251327 kg/m  k=0.396880  c=0.004422
Expected steady-state period: 5.000 s
t_release=66.6667s

Loading CFD trajectory at Ur=6.0 for warm-start...
Computing velocity and acceleration...
[compute_kinematics] m=2.513274e-01  c=4.421583e-03  k=3.968803e-01
  CFD trajectory has 139901 steps
  Warm-start window: CFD steps 16234]  (post-release)
  Handoff at t=81.6700s   (5.00s after release)
  Initial state at handoff: h=0.081390  h_dot=-0.091608  h_ddot=-0.155058
  Warm-start raw stats:
    disp range: [-0.10359, 0.10512]
    vel  range: [-0.14488, 0.14591]
    acc  range: [-0.20161, 0.20577]
Model loaded: input_size=4  hidden_size=64
Model/input check: input_size=4, history_shape=(1000, 4)

Teacher-forcing vs coupled diagnostic
--------------------------------------
n_steps = 3840
RMSE TF CL vs CFD CL       = 0.001307
RMSE coupled CL vs TF CL   = 0.154867
RMSE coupled CL vs CFD CL  = 0.155089
Max |coupled CL - TF CL|   = 0.437761
Max |coupled h - CFD h|/D  = 0.233752

By horizon:
    10 steps (0.050s): TF-CFD CL RMSE=0.00235, CPL-TF CL RMSE=0.00007, max |h_err|/D=0.00004
    50 steps (0.250s): TF-CFD CL RMSE=0.00156, CPL-TF CL RMSE=0.00124, max |h_err|/D=0.00026
   100 steps (0.500s): TF-CFD CL RMSE=0.00112, CPL-TF CL RMSE=0.00357, max |h_err|/D=0.00064
   250 steps (1.250s): TF-CFD CL RMSE=0.00088, CPL-TF CL RMSE=0.00488, max |h_err|/D=0.00193
   500 steps (2.500s): TF-CFD CL RMSE=0.00121, CPL-TF CL RMSE=0.02789, max |h_err|/D=0.01011
Saved diagnostic plot to /scratch/jote9827/Github/Cylinder/results/diagnostic_tf_vs_coupled_Ur_6.0_gru_rollout_k10.pt_handoff_2000.png_gru_rollout_k10.pt

True-force Newmark replay [current]
-----------------------------------------
RMSE h       = 1.971715e-04 m
RMSE v       = 5.042145e-04 m/s
RMSE a       = 3.079358e-04 m/s²
Max |h err|/D= 0.000767

True-force Newmark replay [next]
-----------------------------------------
RMSE h       = 8.706329e-04 m
RMSE v       = 1.430449e-03 m/s
RMSE a       = 1.378247e-03 m/s²
Max |h err|/D= 0.003933
Saved Newmark replay diagnostic to /scratch/jote9827/Github/Cylinder/results/diagnostic_newmark_replay_Ur_6.0_gru_rollout_k10.pt_handoff_2000.png_gru_rollout_k10.pt

Running coupled inference for 500.0s (83666 steps)...
83666 steps) ...

Saved coupled VIV plot to /scratch/jote9827/Github/Cylinder/results/coupled_viv_Ur_6.0_gru_rollout_k10.pt_offset_2000.png

Steady-state A/D = 0.0016
Displacement range: -0.1096 to 0.0914 m
CL range: -0.8026 to 0.2978
/scratch/jote9827/Github/Cylinder/.venv/lib/python3.12/site-packages/sklearn/base.py:463: InconsistentVersionWarning: Trying to unpickle estimator StandardScaler from version 1.7.2 when using version 1.8.0. This might lead to breaking code or invalid results. Use at your own risk. For more info please refer to:
https://scikit-learn.org/stable/model_persistence.html#security-maintainability-limitations
  warnings.warn(
Using device: cuda
Loaded scalers and UR stats: use_ur_context=Truemean=6.5000, std=2.5909
y_scaler: mean=0.000299  scale=0.269071
Ur=6.0  U=0.4800 m/s  fn=0.2000 Hz
m=0.251327 kg/m  k=0.396880  c=0.004422
Expected steady-state period: 5.000 s
t_release=66.6667s

Loading CFD trajectory at Ur=6.0 for warm-start...
Computing velocity and acceleration...
[compute_kinematics] m=2.513274e-01  c=4.421583e-03  k=3.968803e-01
  CFD trajectory has 139901 steps
  Warm-start window: CFD steps 16734]  (post-release)
  Handoff at t=84.1700s   (5.00s after release)
  Initial state at handoff: h=-0.053591  h_dot=0.122469  h_ddot=0.103748
  Warm-start raw stats:
    disp range: [-0.10307, 0.10512]
    vel  range: [-0.14456, 0.14591]
    acc  range: [-0.20161, 0.20076]
Model loaded: input_size=4  hidden_size=64
Model/input check: input_size=4, history_shape=(1000, 4)

Teacher-forcing vs coupled diagnostic
--------------------------------------
n_steps = 3840
RMSE TF CL vs CFD CL       = 0.001321
RMSE coupled CL vs TF CL   = 0.127661
RMSE coupled CL vs CFD CL  = 0.127869
Max |coupled CL - TF CL|   = 0.307038
Max |coupled h - CFD h|/D  = 0.261642

By horizon:
    10 steps (0.050s): TF-CFD CL RMSE=0.00058, CPL-TF CL RMSE=0.00021, max |h_err|/D=0.00003
    50 steps (0.250s): TF-CFD CL RMSE=0.00093, CPL-TF CL RMSE=0.00268, max |h_err|/D=0.00022
   100 steps (0.500s): TF-CFD CL RMSE=0.00129, CPL-TF CL RMSE=0.00496, max |h_err|/D=0.00060
   250 steps (1.250s): TF-CFD CL RMSE=0.00150, CPL-TF CL RMSE=0.00673, max |h_err|/D=0.00200
   500 steps (2.500s): TF-CFD CL RMSE=0.00153, CPL-TF CL RMSE=0.04103, max |h_err|/D=0.01595
Saved diagnostic plot to /scratch/jote9827/Github/Cylinder/results/diagnostic_tf_vs_coupled_Ur_6.0_gru_rollout_k10.pt_handoff_2500.png_gru_rollout_k10.pt

True-force Newmark replay [current]
-----------------------------------------
RMSE h       = 1.325600e-04 m
RMSE v       = 4.637462e-04 m/s
RMSE a       = 2.023621e-04 m/s²
Max |h err|/D= 0.000515

True-force Newmark replay [next]
-----------------------------------------
RMSE h       = 7.892777e-04 m
RMSE v       = 1.346302e-03 m/s
RMSE a       = 1.249928e-03 m/s²
Max |h err|/D= 0.003595
Saved Newmark replay diagnostic to /scratch/jote9827/Github/Cylinder/results/diagnostic_newmark_replay_Ur_6.0_gru_rollout_k10.pt_handoff_2500.png_gru_rollout_k10.pt

Running coupled inference for 500.0s (83166 steps)...
83166 steps) ...

Saved coupled VIV plot to /scratch/jote9827/Github/Cylinder/results/coupled_viv_Ur_6.0_gru_rollout_k10.pt_offset_2500.png

Steady-state A/D = 0.4554
Displacement range: -0.1400 to 0.2286 m
CL range: -0.8560 to 1.1333

------------------------------------------------------------
Sender: LSF System <schwan@makalu88>
Subject: Job 1186302: <direct_k10> in cluster <wuerfel> Done

Job <direct_k10> was submitted from host <makalu49> by user <jote9827> in cluster <wuerfel> at Thu Jun 18 12:18:17 2026
Job was executed on host(s) <makalu88>, in queue <BatchGPU>, as user <jote9827> in cluster <wuerfel> at Thu Jun 18 12:19:04 2026
</home/jote9827> was used as the home directory.
</scratch/jote9827/Github/Cylinder> was used as the working directory.
Started at Thu Jun 18 12:19:04 2026
Terminated at Thu Jun 18 12:31:20 2026
Results reported at Thu Jun 18 12:31:20 2026

Your job looked like:

------------------------------------------------------------
# LSBATCH: User input
#!/bin/bash
#BSUB -J direct_k10                # Job name
#BSUB -q BatchGPU                  # Target the massive GPU queue you found!
#BSUB -gpu "num=1:mode=exclusive_process" # Request 1 GPU
#BSUB -R "rusage[mem=32000]"       # Request 32GB of RAM
#BSUB -W 12:00                     # Max run time (12 hours)
#BSUB -o k10_train_%J.log          # Output log file (%J is the LSF Job ID)

echo "Starting LSF Control Job on node: $HOSTNAME"

# 1. Activate your Conda environment

# 2. Navigate to your project folder
cd /scratch/jote9827/Github/Cylinder
source .venv/bin/activate

# 3. Run the Python script 
python -m src.viv_analysis.coupled_inference --checkpoint gru_rollout_k10.pt --model_subdir gru_rollout_cylinder_re_1000_directk10 --handoff_offset 1500 --cfd_dataset cylinder_re_1000
python -m src.viv_analysis.coupled_inference --checkpoint gru_rollout_k10.pt --model_subdir gru_rollout_cylinder_re_1000_directk10 --handoff_offset 2000 --cfd_dataset cylinder_re_1000
python -m src.viv_analysis.coupled_inference --checkpoint gru_rollout_k10.pt --model_subdir gru_rollout_cylinder_re_1000_directk10 --handoff_offset 2500 --cfd_dataset cylinder_re_1000
------------------------------------------------------------

Successfully completed.

Resource usage summary:

    CPU time :                                   620.39 sec.
    Max Memory :                                 647.40 MB
    Average Memory :                             517.02 MB
    Total Requested Memory :                     32000.00 MB
    Delta Memory :                               31352.60 MB
    Max Swap :                                   -
    Max Processes :                              4
    Max Threads :                                13
    Run time :                                   691 sec.
    Turnaround time :                            783 sec.

The output (if any) is above this job summary.

