Starting LSF Control Job on node: makalu93
Using device: cuda
Loaded scalers and UR stats: use_ur_context=Truemean=7.3045, std=1.4560
y_scaler: mean=0.097555  scale=0.265595
[bridge] Ur=6.7385  U=15.9999 m/s  fn=0.32  D(Ur,rel,h/D)=7.42  B(force)=25.9
  m=2.460400e+04  c=9.893855e+02  k=9.946388e+04  rho=1.225  t_release=9.2751s

Loading CFD trajectory at Ur=6.7385 for warm-start...
Computing velocity and acceleration...
[compute_kinematics] m=2.460400e+04  c=9.893855e+02  k=9.946388e+04
  CFD trajectory has 127609 steps
  [bridge] Newmark dt = 0.001999s  (1563 steps/cycle)
  Warm-start window: CFD steps 9133]  (post-release)
  Handoff at t=18.2760s   (5.00s after release)
  Initial state at handoff: h=0.017205  h_dot=-0.058792  h_ddot=-0.085019
  Warm-start raw stats:
    disp range: [-0.00054, 0.03977]
    vel  range: [-0.05861, 0.03751]
    acc  range: [-0.11765, 0.07807]
Model loaded: input_size=4  hidden_size=64
Model/input check: input_size=4, history_shape=(2500, 4)

TF-vs-coupled diagnostic over full post-release record: 118475 steps (236.8s)

Teacher-forcing vs coupled diagnostic
--------------------------------------
n_steps = 118475
RMSE TF CL vs CFD CL       = 0.011603
RMSE coupled CL vs TF CL   = 0.800425
RMSE coupled CL vs CFD CL  = 0.803797
Max |coupled CL - TF CL|   = 1.211921
Max |coupled h - CFD h|/D  = 0.045627

By horizon:
    10 steps (0.020s): TF-CFD CL RMSE=0.00523, CPL-TF CL RMSE=0.00023, max |h_err|/D=0.00000
    50 steps (0.100s): TF-CFD CL RMSE=0.01123, CPL-TF CL RMSE=0.00376, max |h_err|/D=0.00000
   100 steps (0.200s): TF-CFD CL RMSE=0.01057, CPL-TF CL RMSE=0.00926, max |h_err|/D=0.00000
   250 steps (0.500s): TF-CFD CL RMSE=0.01080, CPL-TF CL RMSE=0.01759, max |h_err|/D=0.00000
   500 steps (0.999s): TF-CFD CL RMSE=0.01589, CPL-TF CL RMSE=0.05201, max |h_err|/D=0.00015
Saved TF residual arrays to /scratch/jote9827/Github/Cylinder/results/tf_residual_Ur6.7385.npz
Saved diagnostic plot to /scratch/jote9827/Github/Cylinder/results/diagnostic_tf_vs_coupled_Ur_6.7385_gru_best.pt_handoff_2000_gru_bridge_noise0.05.png_gru_best.pt

True-force Newmark replay [current]
-----------------------------------------
RMSE h       = 7.841638e-04 m
RMSE v       = 1.243940e-03 m/s
RMSE a       = 3.272825e-03 m/s²
Max |h err|/D= 0.000272

True-force Newmark replay [next]
-----------------------------------------
RMSE h       = 7.129118e-04 m
RMSE v       = 1.075853e-03 m/s
RMSE a       = 2.890714e-03 m/s²
Max |h err|/D= 0.000248
Saved Newmark replay diagnostic to /scratch/jote9827/Github/Cylinder/results/diagnostic_newmark_replay_Ur_6.7385_gru_best.pt_handoff_2000_gru_bridge_noise0.05.png_gru_best.pt

Running coupled inference for 200.0s (90911 steps)...
90911 steps) ...
[stochastic] mode=surrogate scale=1.0 resid_std=0.0108 e_std=0.0108
Saved coupled trajectory -> /scratch/jote9827/Github/Cylinder/results/coupled_bridge_Ur6.7385_gru_bridge_noise0.05_surrogate_s1.0_seed0.npz

Saved coupled VIV plot to /scratch/jote9827/Github/Cylinder/results/coupled_viv_Ur_6.7385_gru_best.pt_offset_2000_gru_bridge_noise0.05_surrogate.png

Steady-state A/D = 0.0057
Displacement range: -0.0641 to 0.0632 m
CL range: -0.9527 to 1.1582

------------------------------------------------------------
Sender: LSF System <schwan@makalu93>
Subject: Job 1393298: <direct_k10> in cluster <wuerfel> Done

Job <direct_k10> was submitted from host <makalu49> by user <jote9827> in cluster <wuerfel> at Thu Jul  2 18:10:20 2026
Job was executed on host(s) <makalu93>, in queue <BatchGPU>, as user <jote9827> in cluster <wuerfel> at Thu Jul  2 18:30:23 2026
</home/jote9827> was used as the home directory.
</scratch/jote9827/Github/Cylinder> was used as the working directory.
Started at Thu Jul  2 18:30:23 2026
Terminated at Thu Jul  2 19:45:21 2026
Results reported at Thu Jul  2 19:45:21 2026

Your job looked like:

------------------------------------------------------------
# LSBATCH: User input
#!/bin/bash
#BSUB -J direct_k10                # Job name
#BSUB -q BatchGPU                  # Target the massive GPU queue you found!
#BSUB -gpu "num=1:mode=exclusive_process:mps=no:j_exclusive=yes"  # Request 1 GPU
#BSUB -R "rusage[mem=32000]"       # Request 32GB of RAM
#BSUB -W 12:00                     # Max run time (12 hours)
#BSUB -o k10_train_%J.log          # Output log file (%J is the LSF Job ID)


echo "Starting LSF Control Job on node: $HOSTNAME"

# 1. Activate your Conda environment

# 2. Navigate to your project folder
cd /scratch/jote9827/Github/Cylinder
source .venv/bin/activate

export VIV_NUM_WORKERS=0

# 3. Run the Python script 
# 3. SPECTRAL: GRU + white noise, same variance (shape control)
python -u -m src.viv_analysis.coupled_inference --Ur 6.7385 \
    --cfd_dataset bridge --model_subdir gru_bridge_noise0.05 \
    --total_time 200 --handoff_offset 2000 \
    --residual_npz results/tf_residual_Ur6.7385.npz \
    --noise_mode surrogate --noise_scale 1.0 --noise_seed 0
------------------------------------------------------------

Successfully completed.

Resource usage summary:

    CPU time :                                   4471.96 sec.
    Max Memory :                                 19202.69 MB
    Average Memory :                             11155.83 MB
    Total Requested Memory :                     32000.00 MB
    Delta Memory :                               12797.31 MB
    Max Swap :                                   -
    Max Processes :                              4
    Max Threads :                                13
    Run time :                                   4496 sec.
    Turnaround time :                            5701 sec.

The output (if any) is above this job summary.

