Starting LSF Control Job on node: makalu87
Using device: cuda
Loaded scalers and UR stats: use_ur_context=Truemean=7.3045, std=1.4560
y_scaler: mean=0.097555  scale=0.265595
[bridge] Ur=7.5809  U=18.0001 m/s  fn=0.32  D(Ur,rel,h/D)=7.42  B(force)=25.9
  m=2.460400e+04  c=9.893855e+02  k=9.946388e+04  rho=1.225  t_release=8.2444s

Loading CFD trajectory at Ur=7.5809 for warm-start...
Computing velocity and acceleration...
[compute_kinematics] m=2.460400e+04  c=9.893855e+02  k=9.946388e+04
  CFD trajectory has 117413 steps
  [bridge] Newmark dt = 0.001999s  (1563 steps/cycle)
  Warm-start window: CFD steps 8618]  (post-release)
  Handoff at t=17.2460s   (5.00s after release)
  Initial state at handoff: h=-0.039011  h_dot=-0.057633  h_ddot=0.131475
  Warm-start raw stats:
    disp range: [-0.03890, 0.07066]
    vel  range: [-0.08492, 0.06591]
    acc  range: [-0.14035, 0.14164]
Model loaded: input_size=4  hidden_size=64
Model/input check: input_size=4, history_shape=(2500, 4)

Teacher-forcing vs coupled diagnostic
--------------------------------------
n_steps = 3840
RMSE TF CL vs CFD CL       = 0.010388
RMSE coupled CL vs TF CL   = 0.758170
RMSE coupled CL vs CFD CL  = 0.762030
Max |coupled CL - TF CL|   = 1.503893
Max |coupled h - CFD h|/D  = 0.017206

By horizon:
    10 steps (0.020s): TF-CFD CL RMSE=0.00365, CPL-TF CL RMSE=0.00243, max |h_err|/D=0.00000
    50 steps (0.100s): TF-CFD CL RMSE=0.00661, CPL-TF CL RMSE=0.02943, max |h_err|/D=0.00000
   100 steps (0.200s): TF-CFD CL RMSE=0.00654, CPL-TF CL RMSE=0.06560, max |h_err|/D=0.00002
   250 steps (0.500s): TF-CFD CL RMSE=0.00638, CPL-TF CL RMSE=0.11938, max |h_err|/D=0.00025
   500 steps (0.999s): TF-CFD CL RMSE=0.00617, CPL-TF CL RMSE=0.19051, max |h_err|/D=0.00138
Saved diagnostic plot to /scratch/jote9827/Github/Cylinder/results/diagnostic_tf_vs_coupled_Ur_7.5809_gru_best.pt_handoff_2000.png_gru_best.pt

True-force Newmark replay [current]
-----------------------------------------
RMSE h       = 1.141261e-03 m
RMSE v       = 1.904352e-03 m/s
RMSE a       = 4.729773e-03 m/s²
Max |h err|/D= 0.000293

True-force Newmark replay [next]
-----------------------------------------
RMSE h       = 1.054002e-03 m
RMSE v       = 1.674057e-03 m/s
RMSE a       = 4.260764e-03 m/s²
Max |h err|/D= 0.000277
Saved Newmark replay diagnostic to /scratch/jote9827/Github/Cylinder/results/diagnostic_newmark_replay_Ur_7.5809_gru_best.pt_handoff_2000.png_gru_best.pt

Running coupled inference for 200.0s (91427 steps)...
91427 steps) ...

Saved coupled VIV plot to /scratch/jote9827/Github/Cylinder/results/coupled_viv_Ur_7.5809_gru_best.pt_offset_2000.png

Steady-state A/D = 0.0002
Displacement range: -0.0718 to 0.0075 m
CL range: -1.0534 to -0.1412

------------------------------------------------------------
Sender: LSF System <schwan@makalu87>
Subject: Job 1304509: <direct_k10> in cluster <wuerfel> Done

Job <direct_k10> was submitted from host <makalu49> by user <jote9827> in cluster <wuerfel> at Sat Jun 27 13:56:44 2026
Job was executed on host(s) <makalu87>, in queue <BatchGPU>, as user <jote9827> in cluster <wuerfel> at Sat Jun 27 13:57:04 2026
</home/jote9827> was used as the home directory.
</scratch/jote9827/Github/Cylinder> was used as the working directory.
Started at Sat Jun 27 13:57:04 2026
Terminated at Sat Jun 27 15:04:59 2026
Results reported at Sat Jun 27 15:04:59 2026

Your job looked like:

------------------------------------------------------------
# LSBATCH: User input
#!/bin/bash
#BSUB -J direct_k10                # Job name
#BSUB -q BatchGPU                  # Target the massive GPU queue you found!
#BSUB -gpu "num=1:mode=exclusive_process"
#BSUB -R "rusage[mem=32000]"       # Request 32GB of RAM
#BSUB -W 12:00                     # Max run time (12 hours)
#BSUB -o k10_train_%J.log          # Output log file (%J is the LSF Job ID)


echo "Starting LSF Control Job on node: $HOSTNAME"

# 1. Activate your Conda environment

# 2. Navigate to your project folder
cd /scratch/jote9827/Github/Cylinder
source .venv/bin/activate

export VIV_NUM_WORKERS=0

# 3. Run the Python script 
python -u -m src.viv_analysis.coupled_inference --Ur 7.5809\
    --cfd_dataset bridge --model_subdir gru_bridge_noise0.02 \
    --total_time 200 --handoff_offset 2000
------------------------------------------------------------

Successfully completed.

Resource usage summary:

    CPU time :                                   4043.82 sec.
    Max Memory :                                 18628.91 MB
    Average Memory :                             11675.14 MB
    Total Requested Memory :                     32000.00 MB
    Delta Memory :                               13371.09 MB
    Max Swap :                                   256 KB
    Max Processes :                              4
    Max Threads :                                13
    Run time :                                   4072 sec.
    Turnaround time :                            4095 sec.

The output (if any) is above this job summary.

