Starting LSF Control Job on node: makalu88
Device: cuda
[artifacts] hidden=64  layers=2  use_ur=True  ur_mean=6.5000  ur_std=2.5909
Computing velocity and acceleration...

── Ur=5.0 ──────────────────────────────────────────
WARNING OOD step=62: max|z|=6.00, h=5.0771e-01, v=4.9345e-02, a=-8.1068e-01, CL=-2.6834e-01
WARNING OOD step=63: max|z|=6.00, h=5.0794e-01, v=4.5308e-02, a=-8.0409e-01, CL=-2.6830e-01
WARNING OOD step=64: max|z|=6.01, h=5.0816e-01, v=4.1262e-02, a=-8.1411e-01, CL=-2.6791e-01
WARNING OOD step=65: max|z|=6.01, h=5.0836e-01, v=3.7201e-02, a=-8.1019e-01, CL=-2.6782e-01
WARNING OOD step=66: max|z|=6.01, h=5.0853e-01, v=3.3156e-02, a=-8.0801e-01, CL=-2.6759e-01
WARNING OOD step=67: max|z|=6.01, h=5.0869e-01, v=2.9095e-02, a=-8.1629e-01, CL=-2.6720e-01
WARNING OOD step=68: max|z|=6.01, h=5.0882e-01, v=2.5026e-02, a=-8.1144e-01, CL=-2.6713e-01
WARNING OOD step=69: max|z|=6.02, h=5.0894e-01, v=2.0965e-02, a=-8.1286e-01, CL=-2.6686e-01
WARNING OOD step=70: max|z|=6.02, h=5.0903e-01, v=1.6872e-02, a=-8.2441e-01, CL=-2.6662e-01
WARNING OOD step=71: max|z|=6.02, h=5.0911e-01, v=1.2787e-02, a=-8.0943e-01, CL=-2.6686e-01
  t_handoff = 120.00s   n_steps = 116000
  CFD A/D   = 2.5655
  GRU A/D   = 0.3120   ratio = 0.122

── Ur=5.25 ──────────────────────────────────────────
  FAILED: No CFD data for case 'Ur5.25'

── Ur=5.5 ──────────────────────────────────────────
  FAILED: No CFD data for case 'Ur5.5'

── Ur=5.75 ──────────────────────────────────────────
  FAILED: No CFD data for case 'Ur5.75'

── Ur=6.0 ──────────────────────────────────────────
  t_handoff = 106.68s   n_steps = 118663
  CFD A/D   = 2.2724
  GRU A/D   = 0.0042   ratio = 0.002

── Ur=6.25 ──────────────────────────────────────────
  FAILED: No CFD data for case 'Ur6.25'

── Ur=6.5 ──────────────────────────────────────────
  t_handoff = 101.54s   n_steps = 119691
  CFD A/D   = 2.0300
  GRU A/D   = 0.0006   ratio = 0.000

── Ur=7.0 ──────────────────────────────────────────
  t_handoff = 97.16s   n_steps = 120567
  CFD A/D   = 1.6889
  GRU A/D   = 0.0002   ratio = 0.000

Saved sweep results to /scratch/jote9827/Github/Cylinder/results/gru_cylinder_re_1000_noise0.05/coupled_amplitude_sweep.csv

── Summary ──────────────────────────────────────────────────
     Ur   CFD A/D   GRU A/D   ratio
  -----  --------  --------  ------
   5.00    2.5655    0.3120   0.122
   5.25       nan       nan     nan
   5.50       nan       nan     nan
   5.75       nan       nan     nan
   6.00    2.2724    0.0042   0.002
   6.25       nan       nan     nan
   6.50    2.0300    0.0006   0.000
   7.00    1.6889    0.0002   0.000
Saved plot to /scratch/jote9827/Github/Cylinder/results/plots_validation/cylinder_re_1000_noise0.05_coupled_amplitude_response.png

------------------------------------------------------------
Sender: LSF System <schwan@makalu88>
Subject: Job 1208722: <direct_k10> in cluster <wuerfel> Done

Job <direct_k10> was submitted from host <makalu49> by user <jote9827> in cluster <wuerfel> at Mon Jun 22 22:17:10 2026
Job was executed on host(s) <makalu88>, in queue <BatchGPU>, as user <jote9827> in cluster <wuerfel> at Mon Jun 22 22:18:01 2026
</home/jote9827> was used as the home directory.
</scratch/jote9827/Github/Cylinder> was used as the working directory.
Started at Mon Jun 22 22:18:01 2026
Terminated at Mon Jun 22 22:41:57 2026
Results reported at Mon Jun 22 22:41:57 2026

Your job looked like:

------------------------------------------------------------
# LSBATCH: User input
#!/bin/bash
#BSUB -J direct_k10                # Job name
#BSUB -q BatchGPU                  # Target the massive GPU queue you found!
#BSUB -gpu "num=1:mode=exclusive_process"
#BSUB -R "rusage[mem=32000]"       # Request 32GB of RAM
#BSUB -W 12:00                     # Max run time (12 hours)
#BSUB -o k10_train_%J.log          # Output log file (%J is the LSF Job ID)


echo "Starting LSF Control Job on node: $HOSTNAME"

# 1. Activate your Conda environment

# 2. Navigate to your project folder
cd /scratch/jote9827/Github/Cylinder
source .venv/bin/activate

# 3. Run the Python script 
python -m src.viv_analysis.run_lockin_sweep --dataset cylinder_re_1000_noise0.05 --total_time 700 --no_diagnostics
                                   
------------------------------------------------------------

Successfully completed.

Resource usage summary:

    CPU time :                                   1322.79 sec.
    Max Memory :                                 410.46 MB
    Average Memory :                             380.94 MB
    Total Requested Memory :                     32000.00 MB
    Delta Memory :                               31589.54 MB
    Max Swap :                                   -
    Max Processes :                              4
    Max Threads :                                13
    Run time :                                   1389 sec.
    Turnaround time :                            1487 sec.

The output (if any) is above this job summary.

