Starting LSF Control Job on node: makalu96
Using device: cuda
Loaded scalers and UR stats: use_ur_context=Truemean=7.1334, std=1.4790
y_scaler: mean=0.098566  scale=0.273170
[bridge] Ur=6.1068  U=14.5000 m/s  fn=0.32  D(Ur,rel,h/D)=7.42  B(force)=25.9
  m=2.460400e+04  c=9.893855e+02  k=9.946388e+04  rho=1.225  t_release=10.2345s

Loading CFD trajectory at Ur=6.1068 for warm-start...
Computing velocity and acceleration...
[compute_kinematics] m=2.460400e+04  c=9.893855e+02  k=9.946388e+04
  CFD trajectory has 149996 steps
  [bridge] Newmark dt = 0.001999s  (1563 steps/cycle)
  Warm-start window: CFD steps 9613]  (post-release)
  Handoff at t=19.2360s   (5.00s after release)
  Initial state at handoff: h=-0.010842  h_dot=0.022059  h_ddot=0.006770
  Warm-start raw stats:
    disp range: [-0.02064, -0.00071]
    vel  range: [-0.02101, 0.02205]
    acc  range: [-0.04174, 0.04603]
Model loaded: input_size=4  hidden_size=64
Model/input check: input_size=4, history_shape=(2500, 4)

TF-vs-coupled diagnostic over full post-release record: 140382 steps (280.6s)

Teacher-forcing vs coupled diagnostic
--------------------------------------
n_steps = 140382
RMSE TF CL vs CFD CL       = 0.021000
RMSE coupled CL vs TF CL   = 1.117739
RMSE coupled CL vs CFD CL  = 1.135753
Max |coupled CL - TF CL|   = 1.803278
Max |coupled h - CFD h|/D  = 0.012181

By horizon:
    10 steps (0.020s): TF-CFD CL RMSE=0.02331, CPL-TF CL RMSE=0.00170, max |h_err|/D=0.00000
    50 steps (0.100s): TF-CFD CL RMSE=0.01510, CPL-TF CL RMSE=0.00930, max |h_err|/D=0.00000
   100 steps (0.200s): TF-CFD CL RMSE=0.01701, CPL-TF CL RMSE=0.02541, max |h_err|/D=0.00001
   250 steps (0.500s): TF-CFD CL RMSE=0.01635, CPL-TF CL RMSE=0.11093, max |h_err|/D=0.00016
   500 steps (0.999s): TF-CFD CL RMSE=0.01662, CPL-TF CL RMSE=0.39307, max |h_err|/D=0.00142
Saved TF residual arrays to /scratch/jote9827/Github/Cylinder/results/tf_residual_Ur6.1068.npz
Saved diagnostic plot to /scratch/jote9827/Github/Cylinder/results/diagnostic_tf_vs_coupled_Ur_6.1068_gru_best.pt_handoff_2000_gru_bridge.png_gru_best.pt

True-force Newmark replay [current]
-----------------------------------------
RMSE h       = 5.633465e-04 m
RMSE v       = 6.628186e-04 m/s
RMSE a       = 2.299483e-03 m/s²
Max |h err|/D= 0.000132

True-force Newmark replay [next]
-----------------------------------------
RMSE h       = 5.623849e-04 m
RMSE v       = 6.476124e-04 m/s
RMSE a       = 2.273515e-03 m/s²
Max |h err|/D= 0.000130
Saved Newmark replay diagnostic to /scratch/jote9827/Github/Cylinder/results/diagnostic_newmark_replay_Ur_6.1068_gru_best.pt_handoff_2000_gru_bridge.png_gru_best.pt

Running coupled inference for 500.0s (240514 steps)...
240514 steps) ...
[stochastic] mode=surrogate scale=1.0 resid_std=0.0092 e_std=0.0091
Saved coupled trajectory -> /scratch/jote9827/Github/Cylinder/results/coupled_bridge_Ur6.1068_surrogate.npz

Saved coupled VIV plot to /scratch/jote9827/Github/Cylinder/results/coupled_viv_Ur_6.1068_gru_best.pt_offset_2000_gru_bridge.png

Steady-state A/D = 0.0003
Displacement range: -0.0108 to 0.0832 m
CL range: -0.2113 to 1.4005

------------------------------------------------------------
Sender: LSF System <schwan@makalu96>
Subject: Job 1386367: <direct_k10> in cluster <wuerfel> Done

Job <direct_k10> was submitted from host <makalu49> by user <jote9827> in cluster <wuerfel> at Wed Jul  1 22:48:28 2026
Job was executed on host(s) <makalu96>, in queue <BatchGPU>, as user <jote9827> in cluster <wuerfel> at Wed Jul  1 22:48:48 2026
</home/jote9827> was used as the home directory.
</scratch/jote9827/Github/Cylinder> was used as the working directory.
Started at Wed Jul  1 22:48:48 2026
Terminated at Thu Jul  2 00:24:46 2026
Results reported at Thu Jul  2 00:24:46 2026

Your job looked like:

------------------------------------------------------------
# LSBATCH: User input
#!/bin/bash
#BSUB -J direct_k10                # Job name
#BSUB -q BatchGPU                  # Target the massive GPU queue you found!
#BSUB -gpu "num=1:mode=shared"
#BSUB -R "rusage[mem=32000]"       # Request 32GB of RAM
#BSUB -W 12:00                     # Max run time (12 hours)
#BSUB -o k10_train_%J.log          # Output log file (%J is the LSF Job ID)


echo "Starting LSF Control Job on node: $HOSTNAME"

# 1. Activate your Conda environment

# 2. Navigate to your project folder
cd /scratch/jote9827/Github/Cylinder
source .venv/bin/activate

export VIV_NUM_WORKERS=0

# 3. Run the Python script 
python -u -m viv_analysis.coupled_inference --Ur 6.1068  --noise_mode surrogate \
    --residual_npz results/tf_residual_Ur6.1068.npz --noise_seed 0 --model_subdir gru_bridge --cfd_dataset bridge
------------------------------------------------------------

Successfully completed.

Resource usage summary:

    CPU time :                                   5735.73 sec.
    Max Memory :                                 19196.20 MB
    Average Memory :                             9268.87 MB
    Total Requested Memory :                     32000.00 MB
    Delta Memory :                               12803.80 MB
    Max Swap :                                   -
    Max Processes :                              4
    Max Threads :                                13
    Run time :                                   5758 sec.
    Turnaround time :                            5778 sec.

The output (if any) is above this job summary.

