Starting LSF Control Job on node: makalu87
Using device: cuda
Loaded scalers and UR stats: use_ur_context=Truemean=7.3045, std=1.4560
y_scaler: mean=0.097555  scale=0.265595
[bridge] Ur=6.528  U=15.5001 m/s  fn=0.32  D(Ur,rel,h/D)=7.42  B(force)=25.9
  m=2.460400e+04  c=9.893855e+02  k=9.946388e+04  rho=1.225  t_release=9.5741s

Loading CFD trajectory at Ur=6.528 for warm-start...
Computing velocity and acceleration...
[compute_kinematics] m=2.460400e+04  c=9.893855e+02  k=9.946388e+04
  CFD trajectory has 136703 steps
  [bridge] Newmark dt = 0.001999s  (1563 steps/cycle)
  Warm-start window: CFD steps 9283]  (post-release)
  Handoff at t=18.5760s   (5.00s after release)
  Initial state at handoff: h=0.020867  h_dot=0.005126  h_ddot=-0.052022
  Warm-start raw stats:
    disp range: [-0.01707, 0.02086]
    vel  range: [-0.03141, 0.03345]
    acc  range: [-0.05404, 0.06431]
Model loaded: input_size=4  hidden_size=64
Model/input check: input_size=4, history_shape=(2500, 4)

Teacher-forcing vs coupled diagnostic
--------------------------------------
n_steps = 3840
RMSE TF CL vs CFD CL       = 0.006350
RMSE coupled CL vs TF CL   = 0.881878
RMSE coupled CL vs CFD CL  = 0.883276
Max |coupled CL - TF CL|   = 1.224142
Max |coupled h - CFD h|/D  = 0.007247

By horizon:
    10 steps (0.020s): TF-CFD CL RMSE=0.00982, CPL-TF CL RMSE=0.00625, max |h_err|/D=0.00000
    50 steps (0.100s): TF-CFD CL RMSE=0.00516, CPL-TF CL RMSE=0.02727, max |h_err|/D=0.00000
   100 steps (0.200s): TF-CFD CL RMSE=0.00558, CPL-TF CL RMSE=0.04876, max |h_err|/D=0.00002
   250 steps (0.500s): TF-CFD CL RMSE=0.00553, CPL-TF CL RMSE=0.13064, max |h_err|/D=0.00023
   500 steps (0.999s): TF-CFD CL RMSE=0.00666, CPL-TF CL RMSE=0.27826, max |h_err|/D=0.00149
Saved diagnostic plot to /scratch/jote9827/Github/Cylinder/results/diagnostic_tf_vs_coupled_Ur_6.528_gru_best.pt_handoff_2000.png_gru_best.pt

True-force Newmark replay [current]
-----------------------------------------
RMSE h       = 7.206147e-04 m
RMSE v       = 9.709244e-04 m/s
RMSE a       = 2.930825e-03 m/s²
Max |h err|/D= 0.000184

True-force Newmark replay [next]
-----------------------------------------
RMSE h       = 6.970806e-04 m
RMSE v       = 9.095603e-04 m/s
RMSE a       = 2.817884e-03 m/s²
Max |h err|/D= 0.000173
Saved Newmark replay diagnostic to /scratch/jote9827/Github/Cylinder/results/diagnostic_newmark_replay_Ur_6.528_gru_best.pt_handoff_2000.png_gru_best.pt

Running coupled inference for 200.0s (90761 steps)...
90761 steps) ...

Saved coupled VIV plot to /scratch/jote9827/Github/Cylinder/results/coupled_viv_Ur_6.528_gru_best.pt_offset_2000.png

Steady-state A/D = 0.0003
Displacement range: 0.0121 to 0.0586 m
CL range: 0.2025 to 1.3482

------------------------------------------------------------
Sender: LSF System <schwan@makalu87>
Subject: Job 1304516: <direct_k10> in cluster <wuerfel> Done

Job <direct_k10> was submitted from host <makalu49> by user <jote9827> in cluster <wuerfel> at Sat Jun 27 13:57:12 2026
Job was executed on host(s) <makalu87>, in queue <BatchGPU>, as user <jote9827> in cluster <wuerfel> at Sat Jun 27 13:57:32 2026
</home/jote9827> was used as the home directory.
</scratch/jote9827/Github/Cylinder> was used as the working directory.
Started at Sat Jun 27 13:57:32 2026
Terminated at Sat Jun 27 15:06:03 2026
Results reported at Sat Jun 27 15:06:03 2026

Your job looked like:

------------------------------------------------------------
# LSBATCH: User input
#!/bin/bash
#BSUB -J direct_k10                # Job name
#BSUB -q BatchGPU                  # Target the massive GPU queue you found!
#BSUB -gpu "num=1:mode=exclusive_process"
#BSUB -R "rusage[mem=32000]"       # Request 32GB of RAM
#BSUB -W 12:00                     # Max run time (12 hours)
#BSUB -o k10_train_%J.log          # Output log file (%J is the LSF Job ID)


echo "Starting LSF Control Job on node: $HOSTNAME"

# 1. Activate your Conda environment

# 2. Navigate to your project folder
cd /scratch/jote9827/Github/Cylinder
source .venv/bin/activate

export VIV_NUM_WORKERS=0

# 3. Run the Python script 
python -u -m src.viv_analysis.coupled_inference --Ur 6.528 \
    --cfd_dataset bridge --model_subdir gru_bridge_noise0.01 \
    --total_time 200 --handoff_offset 2000
------------------------------------------------------------

Successfully completed.

Resource usage summary:

    CPU time :                                   4093.84 sec.
    Max Memory :                                 18351.18 MB
    Average Memory :                             11646.76 MB
    Total Requested Memory :                     32000.00 MB
    Delta Memory :                               13648.82 MB
    Max Swap :                                   256 KB
    Max Processes :                              4
    Max Threads :                                13
    Run time :                                   4111 sec.
    Turnaround time :                            4131 sec.

The output (if any) is above this job summary.

