Starting LSF Control Job on node: makalu88
================================================================================
COUPLED GRU-STRUCTURAL VIV SWEEP
Evaluating all rollout checkpoints across Ur values
================================================================================

Pre-computing CFD steady-state amplitudes...
Computing velocity and acceleration...
[compute_kinematics] m=2.513274e-01  c=4.421583e-03  k=3.968803e-01
  Ur=5.0: CFD A/D = 0.4157
Computing velocity and acceleration...
[compute_kinematics] m=2.513274e-01  c=4.421583e-03  k=3.968803e-01
  Ur=5.5: CFD A/D = 0.3510
Computing velocity and acceleration...
[compute_kinematics] m=2.513274e-01  c=4.421583e-03  k=3.968803e-01
  Ur=6.0: CFD A/D = 0.2613
Computing velocity and acceleration...
[compute_kinematics] m=2.513274e-01  c=4.421583e-03  k=3.968803e-01
  Ur=6.5: CFD A/D = 0.1273
Computing velocity and acceleration...
[compute_kinematics] m=2.513274e-01  c=4.421583e-03  k=3.968803e-01
  Ur=7.0: CFD A/D = 0.0966

Running 5 simulations (expect ~1 hours)...
--------------------------------------------------------------------------------
[1/5] noise0.05    Ur=5.0 ... A/D=0.3919
[2/5] noise0.05    Ur=5.5 ... A/D=0.3257
[3/5] noise0.05    Ur=6.0 ... A/D=0.2529
[4/5] noise0.05    Ur=6.5 ... A/D=0.1757
[5/5] noise0.05    Ur=7.0 ... A/D=0.1050

================================================================================
RESULTS SUMMARY
================================================================================

Ur     CFD        noise0.05 
--------------------------
5.0    0.4157     0.3919    
5.5    0.3510     0.3257    
6.0    0.2613     0.2529    
6.5    0.1273     0.1757    
7.0    0.0966     0.1050    

================================================================================
ERROR vs CFD (absolute)
================================================================================
Ur     noise0.05 
----------------
5.0    0.0238    
5.5    0.0253    
6.0    0.0084    
6.5    0.0484    
7.0    0.0084    

================================================================================
SUMMARY STATISTICS
================================================================================
noise0.05     Mean error: 0.0229  Max error: 0.0484

Results saved to /scratch/jote9827/Github/Cylinder/results/sweep_results.csv

------------------------------------------------------------
Sender: LSF System <schwan@makalu88>
Subject: Job 1227412: <direct_k10> in cluster <wuerfel> Done

Job <direct_k10> was submitted from host <makalu49> by user <jote9827> in cluster <wuerfel> at Tue Jun 23 10:20:42 2026
Job was executed on host(s) <makalu88>, in queue <BatchGPU>, as user <jote9827> in cluster <wuerfel> at Tue Jun 23 10:21:37 2026
</home/jote9827> was used as the home directory.
</scratch/jote9827/Github/Cylinder> was used as the working directory.
Started at Tue Jun 23 10:21:37 2026
Terminated at Tue Jun 23 10:35:37 2026
Results reported at Tue Jun 23 10:35:37 2026

Your job looked like:

------------------------------------------------------------
# LSBATCH: User input
#!/bin/bash
#BSUB -J direct_k10                # Job name
#BSUB -q BatchGPU                  # Target the massive GPU queue you found!
#BSUB -gpu "num=1:mode=exclusive_process"
#BSUB -R "rusage[mem=32000]"       # Request 32GB of RAM
#BSUB -W 12:00                     # Max run time (12 hours)
#BSUB -o k10_train_%J.log          # Output log file (%J is the LSF Job ID)


echo "Starting LSF Control Job on node: $HOSTNAME"

# 1. Activate your Conda environment

# 2. Navigate to your project folder
cd /scratch/jote9827/Github/Cylinder
source .venv/bin/activate

# 3. Run the Python script 
python -m src.viv_analysis.evaluate_all
------------------------------------------------------------

Successfully completed.

Resource usage summary:

    CPU time :                                   718.47 sec.
    Max Memory :                                 827.59 MB
    Average Memory :                             589.84 MB
    Total Requested Memory :                     32000.00 MB
    Delta Memory :                               31172.41 MB
    Max Swap :                                   -
    Max Processes :                              5
    Max Threads :                                20
    Run time :                                   797 sec.
    Turnaround time :                            895 sec.

The output (if any) is above this job summary.

