Using device: cuda
[coord] Using coordinate mode from artifact (run_config.json (coordinate_mode=nondimensional)): nondimensional
Loaded scalers and UR stats: use_ur_context=Falsemean=6.5000, std=2.5909
y_scaler: mean=0.000299  scale=0.269071
[cylinder1000] Ur=5.5  U=0.4400 m/s  fn=0.2  D(Ur,rel,h/D)=0.4  B(force)=0.4
  m=2.513274e-01  c=4.421583e-03  k=3.968803e-01  rho=1.0  t_release=72.7273s

Loading CFD trajectory at Ur=5.5 for warm-start...
Computing velocity and acceleration...
[compute_kinematics] m=2.513274e-01  c=4.421583e-03  k=3.968803e-01
  CFD trajectory has 139901 steps
  Warm-start window: CFD steps 17446]  (post-release)
  Handoff at t=87.7300s   (5.00s after release)
  Initial state at handoff: h=0.115623  h_dot=0.172561  h_ddot=-0.209144
  Warm-start raw stats (scaled by 1.26045862599):
    disp range: [-0.42180, 0.39604]
    vel  range: [-0.50525, 0.52635]
    acc  range: [-0.59541, 0.64500]
Model loaded: input_size=3  hidden_size=64
Model/input check: input_size=3, history_shape=(1000, 3)

TF-vs-coupled diagnostic over full post-release record: 122454 steps (612.3s)
[info] --make_tf_residual not set; skipping TF diagnostic (diag plot and residual generation)
[info] --run_replay_diag not set; skipping Newmark replay diagnostic

Running coupled inference for 787.730003357s (140000 steps)...
140000 steps) ...
[closure] CFD RMS A/D=0.2481  a_ref(peak)=0.1404 m
WARNING OOD step=61045: max|z|=6.00, h=5.0762e-01, v=6.2191e-02, a=-8.2631e-01, CL=-2.0728e-01
WARNING OOD step=61046: max|z|=6.00, h=5.0792e-01, v=5.8043e-02, a=-8.3290e-01, CL=-2.0722e-01
WARNING OOD step=61047: max|z|=6.01, h=5.0820e-01, v=5.3870e-02, a=-8.3622e-01, CL=-2.0713e-01
WARNING OOD step=61048: max|z|=6.01, h=5.0846e-01, v=4.9699e-02, a=-8.3252e-01, CL=-2.0701e-01
WARNING OOD step=61049: max|z|=6.01, h=5.0870e-01, v=4.5526e-02, a=-8.3661e-01, CL=-2.0690e-01
WARNING OOD step=61050: max|z|=6.02, h=5.0892e-01, v=4.1354e-02, a=-8.3213e-01, CL=-2.0677e-01
WARNING OOD step=61051: max|z|=6.02, h=5.0911e-01, v=3.7205e-02, a=-8.2745e-01, CL=-2.0667e-01
WARNING OOD step=61052: max|z|=6.02, h=5.0929e-01, v=3.3081e-02, a=-8.2222e-01, CL=-2.0659e-01
WARNING OOD step=61053: max|z|=6.02, h=5.0944e-01, v=2.8956e-02, a=-8.2783e-01, CL=-2.0655e-01
WARNING OOD step=61054: max|z|=6.02, h=5.0958e-01, v=2.4808e-02, a=-8.3137e-01, CL=-2.0646e-01
Saved coupled trajectory -> /scratch/jote9827/Github/Cylinder/results/coupled_cylinder1000_Ur5.5_generalization_Ur5.5_holdout_nd_nocontext_forc-v1_additive_noise-none_nd_scale1.26046_s1_seed4205_handoff_2000_muNone.npz

Saved coupled VIV plot to /scratch/jote9827/Github/Cylinder/results/coupled_viv_Ur5.5_generalization_Ur5.5_holdout_nd_nocontext_forc-v1_additive_noise-none_nd_scale1.26046_s1_seed4205_handoff_2000_muNone.png

Steady-state A/D = 2.5275
Displacement range: -1.0105 to 1.0116 m
CL range: -0.2212 to 0.3331
