Computing velocity and acceleration...
[compute_kinematics] m=2.513274e-01  c=4.421583e-03  k=3.968803e-01
Calibration receipt: 1.26045862599 87.7300033569 787.730003357 0.340515500588 0.318963161187 0.402039867893 0.738896889925 42.335673288 2.00555647892
============================================================
Gate:                    4
Stage:                   phase
Arm:                     nd_nocontext
Array index:             5
Requested ratio:         1.225 × CFD
Handoff offset:          2000 steps
Phase label:             quarter_0
Measured phase:          42.335673288 degrees
Unscaled local A/D:      0.340515500588
Unscaled window RMS A/D: 0.318963161187
Applied cfd_scale:       1.26045862599
Scaled window RMS A/D:   0.402039867893
Initial max |z|:         2.00555647892
Handoff time:            87.7300033569 s
Absolute total time:     787.730003357 s
Free-run duration:       700.0 s
Noise-seed filename tag: 4205
Git commit:              8f2239ed5e0e6a2c097ce31b67aef1a130896cbb
Dirty file count:        132
============================================================
Using device: cuda
[coord] Using coordinate mode from artifact (run_config.json (coordinate_mode=nondimensional)): nondimensional
Loaded scalers and UR stats: use_ur_context=Falsemean=6.5000, std=2.5909
y_scaler: mean=0.000299  scale=0.269071
[cylinder1000] Ur=5.5  U=0.4400 m/s  fn=0.2  D(Ur,rel,h/D)=0.4  B(force)=0.4
  m=2.513274e-01  c=4.421583e-03  k=3.968803e-01  rho=1.0  t_release=72.7273s

Loading CFD trajectory at Ur=5.5 for warm-start...
Computing velocity and acceleration...
[compute_kinematics] m=2.513274e-01  c=4.421583e-03  k=3.968803e-01
  CFD trajectory has 139901 steps
  Warm-start window: CFD steps 17446]  (post-release)
  Handoff at t=87.7300s   (5.00s after release)
  Initial state at handoff: h=0.115623  h_dot=0.172561  h_ddot=-0.209144
  Warm-start raw stats (scaled by 1.26045862599):
    disp range: [-0.42180, 0.39604]
    vel  range: [-0.50525, 0.52635]
    acc  range: [-0.59541, 0.64500]
Model loaded: input_size=3  hidden_size=64
Model/input check: input_size=3, history_shape=(1000, 3)

TF-vs-coupled diagnostic over full post-release record: 122454 steps (612.3s)
[info] --make_tf_residual not set; skipping TF diagnostic (diag plot and residual generation)
[info] --run_replay_diag not set; skipping Newmark replay diagnostic

Running coupled inference for 787.730003357s (140000 steps)...
140000 steps) ...
[closure] CFD RMS A/D=0.2481  a_ref(peak)=0.1404 m
WARNING OOD step=61045: max|z|=6.00, h=5.0762e-01, v=6.2191e-02, a=-8.2631e-01, CL=-2.0728e-01
WARNING OOD step=61046: max|z|=6.00, h=5.0792e-01, v=5.8043e-02, a=-8.3290e-01, CL=-2.0722e-01
WARNING OOD step=61047: max|z|=6.01, h=5.0820e-01, v=5.3870e-02, a=-8.3622e-01, CL=-2.0713e-01
WARNING OOD step=61048: max|z|=6.01, h=5.0846e-01, v=4.9699e-02, a=-8.3252e-01, CL=-2.0701e-01
WARNING OOD step=61049: max|z|=6.01, h=5.0870e-01, v=4.5526e-02, a=-8.3661e-01, CL=-2.0690e-01
WARNING OOD step=61050: max|z|=6.02, h=5.0892e-01, v=4.1354e-02, a=-8.3213e-01, CL=-2.0677e-01
WARNING OOD step=61051: max|z|=6.02, h=5.0911e-01, v=3.7205e-02, a=-8.2745e-01, CL=-2.0667e-01
WARNING OOD step=61052: max|z|=6.02, h=5.0929e-01, v=3.3081e-02, a=-8.2222e-01, CL=-2.0659e-01
WARNING OOD step=61053: max|z|=6.02, h=5.0944e-01, v=2.8956e-02, a=-8.2783e-01, CL=-2.0655e-01
WARNING OOD step=61054: max|z|=6.02, h=5.0958e-01, v=2.4808e-02, a=-8.3137e-01, CL=-2.0646e-01
Saved coupled trajectory -> /scratch/jote9827/Github/Cylinder/results/coupled_cylinder1000_Ur5.5_generalization_Ur5.5_holdout_nd_nocontext_forc-v1_additive_noise-none_nd_scale1.26046_s1_seed4205_handoff_2000_muNone.npz

Saved coupled VIV plot to /scratch/jote9827/Github/Cylinder/results/coupled_viv_Ur5.5_generalization_Ur5.5_holdout_nd_nocontext_forc-v1_additive_noise-none_nd_scale1.26046_s1_seed4205_handoff_2000_muNone.png

Steady-state A/D = 2.5275
Displacement range: -1.0105 to 1.0116 m
CL range: -0.2212 to 0.3331
Gate-4 NPZ receipt:  results/gate4_phase_Ur5.5_nd_nocontext_r1p2250_off2000.npz
Gate-4 JSON receipt: results/gate4_phase_Ur5.5_nd_nocontext_r1p2250_off2000.json
Gate-4 plot receipt: results/gate4_phase_Ur5.5_nd_nocontext_r1p2250_off2000.png

Gate-4 run complete:
  results/gate4_phase_Ur5.5_nd_nocontext_r1p2250_off2000.npz
  results/gate4_phase_Ur5.5_nd_nocontext_r1p2250_off2000.json

------------------------------------------------------------
Sender: LSF System <schwan@makalu93>
Subject: Job 1594275[5]: <gate4_phase[1-12]> in cluster <wuerfel> Done

Job <gate4_phase[1-12]> was submitted from host <makalu56> by user <jote9827> in cluster <wuerfel> at Mon Jul 13 21:41:03 2026
Job was executed on host(s) <makalu93>, in queue <BatchGPU>, as user <jote9827> in cluster <wuerfel> at Mon Jul 13 21:59:32 2026
</home/jote9827> was used as the home directory.
</scratch/jote9827/Github/Cylinder> was used as the working directory.
Started at Mon Jul 13 21:59:32 2026
Terminated at Mon Jul 13 22:04:00 2026
Results reported at Mon Jul 13 22:04:00 2026

Your job looked like:

------------------------------------------------------------
# LSBATCH: User input
#!/bin/bash
#BSUB -J "gate4_ur5p5"
#BSUB -q BatchGPU
#BSUB -gpu "num=1:mode=shared"
#BSUB -R "rusage[mem=24000]"
#BSUB -W 3:00
#BSUB -o logs/gate4_%J_%I.log

set -euo pipefail
shopt -s nullglob

cd /scratch/jote9827/Github/Cylinder
source .venv/bin/activate

mkdir -p logs results

export VIV_NUM_WORKERS=0
export OMP_NUM_THREADS=4

STAGE="${STAGE:-coarse}"
JOB_INDEX="${LSB_JOBINDEX:-1}"

UR=5.5
CFD_AD=0.350372
CFD_F=0.216406
DT=0.005
D=0.4
FN=0.2
SEQ_LEN=1000
FREE_RUN=700.0

MODEL_SUBDIR="generalization_Ur5.5_holdout_nd_nocontext"
CHECKPOINT="gru_best.pt"

GIT_COMMIT="$(git rev-parse HEAD)"
GIT_DIRTY_COUNT="$(git status --porcelain | wc -l | tr -d ' ')"

ratio_tag () {
    python - "$1" <<'PY'
import sys
print(f"{float(sys.argv[1]):.4f}".replace(".", "p"))
PY
}

annotate_normal_run () {
    local src_npz="$1"
    local dst_npz="$2"
    local dst_json="$3"

    export G4_SRC_NPZ="$src_npz"

(... more ...)
------------------------------------------------------------

Successfully completed.

Resource usage summary:

    CPU time :                                   261.34 sec.
    Max Memory :                                 806.75 MB
    Average Memory :                             674.52 MB
    Total Requested Memory :                     24000.00 MB
    Delta Memory :                               23193.25 MB
    Max Swap :                                   -
    Max Processes :                              5
    Max Threads :                                15
    Run time :                                   266 sec.
    Turnaround time :                            1377 sec.

The output (if any) is above this job summary.

