Using device: cuda
[coord] Using coordinate mode from artifact (run_config.json (coordinate_mode=nondimensional)): nondimensional
Loaded scalers and UR stats: use_ur_context=Falsemean=6.5000, std=2.5909
y_scaler: mean=0.000299  scale=0.269071
[cylinder1000] Ur=5.5  U=0.4400 m/s  fn=0.2  D(Ur,rel,h/D)=0.4  B(force)=0.4
  m=2.513274e-01  c=4.421583e-03  k=3.968803e-01  rho=1.0  t_release=72.7273s

Loading CFD trajectory at Ur=5.5 for warm-start...
Computing velocity and acceleration...
[compute_kinematics] m=2.513274e-01  c=4.421583e-03  k=3.968803e-01
  CFD trajectory has 139901 steps
  Warm-start window: CFD steps 17908]  (post-release)
  Handoff at t=90.0400s   (5.00s after release)
  Initial state at handoff: h=-0.114746  h_dot=-0.179995  h_ddot=0.208150
  Warm-start raw stats (scaled by 1.26525046483):
    disp range: [-0.42340, 0.43290]
    vel  range: [-0.53631, 0.52835]
    acc  range: [-0.64930, 0.64746]
Model loaded: input_size=3  hidden_size=64
Model/input check: input_size=3, history_shape=(1000, 3)

TF-vs-coupled diagnostic over full post-release record: 121992 steps (610.0s)
[info] --make_tf_residual not set; skipping TF diagnostic (diag plot and residual generation)
[info] --run_replay_diag not set; skipping Newmark replay diagnostic

Running coupled inference for 790.040000916s (140000 steps)...
140000 steps) ...
[closure] CFD RMS A/D=0.2484  a_ref(peak)=0.1405 m
WARNING OOD step=42640: max|z|=6.00, h=5.0765e-01, v=6.1391e-02, a=-8.2686e-01, CL=-2.0704e-01
WARNING OOD step=42641: max|z|=6.00, h=5.0794e-01, v=5.7246e-02, a=-8.3091e-01, CL=-2.0698e-01
WARNING OOD step=42642: max|z|=6.01, h=5.0822e-01, v=5.3094e-02, a=-8.3010e-01, CL=-2.0691e-01
WARNING OOD step=42643: max|z|=6.01, h=5.0847e-01, v=4.8949e-02, a=-8.2767e-01, CL=-2.0684e-01
WARNING OOD step=42644: max|z|=6.01, h=5.0871e-01, v=4.4797e-02, a=-8.3335e-01, CL=-2.0677e-01
WARNING OOD step=42645: max|z|=6.02, h=5.0892e-01, v=4.0652e-02, a=-8.2443e-01, CL=-2.0667e-01
WARNING OOD step=42646: max|z|=6.02, h=5.0911e-01, v=3.6524e-02, a=-8.2705e-01, CL=-2.0662e-01
WARNING OOD step=42647: max|z|=6.02, h=5.0929e-01, v=3.2403e-02, a=-8.2118e-01, CL=-2.0655e-01
WARNING OOD step=42648: max|z|=6.02, h=5.0944e-01, v=2.8274e-02, a=-8.3029e-01, CL=-2.0651e-01
WARNING OOD step=42649: max|z|=6.02, h=5.0957e-01, v=2.4130e-02, a=-8.2748e-01, CL=-2.0642e-01
Saved coupled trajectory -> /scratch/jote9827/Github/Cylinder/results/coupled_cylinder1000_Ur5.5_generalization_Ur5.5_holdout_nd_nocontext_forc-v1_additive_noise-none_nd_scale1.26525_s1_seed4211_handoff_2462_muNone.npz

Saved coupled VIV plot to /scratch/jote9827/Github/Cylinder/results/coupled_viv_Ur5.5_generalization_Ur5.5_holdout_nd_nocontext_forc-v1_additive_noise-none_nd_scale1.26525_s1_seed4211_handoff_2462_muNone.png

Steady-state A/D = 2.5682
Displacement range: -1.0270 to 1.0275 m
CL range: -0.2212 to 0.3333
