Using device: cuda
[coord] Using coordinate mode from artifact (run_config.json (coordinate_mode=nondimensional)): nondimensional
Loaded scalers and UR stats: use_ur_context=Falsemean=6.5000, std=2.5909
y_scaler: mean=0.000299  scale=0.269071
[cylinder1000] Ur=5.5  U=0.4400 m/s  fn=0.2  D(Ur,rel,h/D)=0.4  B(force)=0.4
  m=2.513274e-01  c=4.421583e-03  k=3.968803e-01  rho=1.0  t_release=72.7273s

Loading CFD trajectory at Ur=5.5 for warm-start...
Computing velocity and acceleration...
[compute_kinematics] m=2.513274e-01  c=4.421583e-03  k=3.968803e-01
  CFD trajectory has 139901 steps
  Warm-start window: CFD steps 17446]  (post-release)
  Handoff at t=87.7300s   (5.00s after release)
  Initial state at handoff: h=0.075509  h_dot=0.112693  h_ddot=-0.136584
  Warm-start raw stats (scaled by 0.823156653709):
    disp range: [-0.27546, 0.25864]
    vel  range: [-0.32996, 0.34374]
    acc  range: [-0.38884, 0.42123]
Model loaded: input_size=3  hidden_size=64
Model/input check: input_size=3, history_shape=(1000, 3)

TF-vs-coupled diagnostic over full post-release record: 122454 steps (612.3s)
[info] --make_tf_residual not set; skipping TF diagnostic (diag plot and residual generation)
[info] --run_replay_diag not set; skipping Newmark replay diagnostic

Running coupled inference for 787.730003357s (140000 steps)...
140000 steps) ...
[closure] CFD RMS A/D=0.2481  a_ref(peak)=0.1404 m
Saved coupled trajectory -> /scratch/jote9827/Github/Cylinder/results/coupled_cylinder1000_Ur5.5_generalization_Ur5.5_holdout_nd_nocontext_forc-v1_additive_noise-none_nd_scale0.823157_s1_seed4101_handoff_2000_muNone.npz

Saved coupled VIV plot to /scratch/jote9827/Github/Cylinder/results/coupled_viv_Ur5.5_generalization_Ur5.5_holdout_nd_nocontext_forc-v1_additive_noise-none_nd_scale0.823157_s1_seed4101_handoff_2000_muNone.png

Steady-state A/D = 0.3549
Displacement range: -0.1419 to 0.1421 m
CL range: -0.2088 to 0.2317
