Using device: cuda
[coord] Using coordinate mode from artifact (run_config.json (coordinate_mode=nondimensional)): nondimensional
Loaded scalers and UR stats: use_ur_context=Falsemean=6.5000, std=2.5909
y_scaler: mean=0.000299  scale=0.269071
[cylinder1000] Ur=5.5  U=0.4400 m/s  fn=0.2  D(Ur,rel,h/D)=0.4  B(force)=0.4
  m=2.513274e-01  c=4.421583e-03  k=3.968803e-01  rho=1.0  t_release=72.7273s

Loading CFD trajectory at Ur=5.5 for warm-start...
Computing velocity and acceleration...
[compute_kinematics] m=2.513274e-01  c=4.421583e-03  k=3.968803e-01
  CFD trajectory has 139901 steps
  Warm-start window: CFD steps 17677]  (post-release)
  Handoff at t=88.8850s   (5.00s after release)
  Initial state at handoff: h=0.132175  h_dot=-0.156338  h_ddot=-0.243695
  Warm-start raw stats (scaled by 1.28459393583):
    disp range: [-0.42988, 0.43952]
    vel  range: [-0.51492, 0.53643]
    acc  range: [-0.65923, 0.65735]
Model loaded: input_size=3  hidden_size=64
Model/input check: input_size=3, history_shape=(1000, 3)

TF-vs-coupled diagnostic over full post-release record: 122223 steps (611.1s)
[info] --make_tf_residual not set; skipping TF diagnostic (diag plot and residual generation)
[info] --run_replay_diag not set; skipping Newmark replay diagnostic

Running coupled inference for 788.885002136s (139999 steps)...
139999 steps) ...
[closure] CFD RMS A/D=0.2483  a_ref(peak)=0.1405 m
WARNING OOD step=40042: max|z|=6.00, h=5.0773e-01, v=3.5040e-02, a=-8.2215e-01, CL=-2.0649e-01
WARNING OOD step=40043: max|z|=6.00, h=5.0790e-01, v=3.0907e-02, a=-8.3118e-01, CL=-2.0643e-01
WARNING OOD step=40044: max|z|=6.01, h=5.0804e-01, v=2.6767e-02, a=-8.2473e-01, CL=-2.0633e-01
WARNING OOD step=40045: max|z|=6.01, h=5.0817e-01, v=2.2633e-02, a=-8.2861e-01, CL=-2.0625e-01
WARNING OOD step=40046: max|z|=6.01, h=5.0827e-01, v=1.8470e-02, a=-8.3684e-01, CL=-2.0615e-01
WARNING OOD step=40047: max|z|=6.01, h=5.0835e-01, v=1.4289e-02, a=-8.3557e-01, CL=-2.0598e-01
WARNING OOD step=40048: max|z|=6.01, h=5.0841e-01, v=1.0125e-02, a=-8.2988e-01, CL=-2.0582e-01
WARNING OOD step=40049: max|z|=6.01, h=5.0845e-01, v=5.9680e-03, a=-8.3300e-01, CL=-2.0569e-01
WARNING OOD step=40050: max|z|=6.01, h=5.0847e-01, v=1.8044e-03, a=-8.3245e-01, CL=-2.0554e-01
WARNING OOD step=40051: max|z|=6.01, h=5.0847e-01, v=-2.3528e-03, a=-8.3042e-01, CL=-2.0539e-01
Saved coupled trajectory -> /scratch/jote9827/Github/Cylinder/results/coupled_cylinder1000_Ur5.5_generalization_Ur5.5_holdout_nd_nocontext_forc-v1_additive_noise-none_nd_scale1.28459_s1_seed4210_handoff_2231_muNone.npz

Saved coupled VIV plot to /scratch/jote9827/Github/Cylinder/results/coupled_viv_Ur5.5_generalization_Ur5.5_holdout_nd_nocontext_forc-v1_additive_noise-none_nd_scale1.28459_s1_seed4210_handoff_2231_muNone.png

Steady-state A/D = 2.5696
Displacement range: -1.0273 to 1.0284 m
CL range: -0.2212 to 0.3332
