Computing velocity and acceleration...
[compute_kinematics] m=2.513274e-01  c=4.421583e-03  k=3.968803e-01
Calibration receipt: 1.28618227142 87.7300033569 787.730003357 0.340515500588 0.318963161187 0.410244763156 0.738896889925 42.335673288 2.04631570699
============================================================
Gate:                    4
Stage:                   phase
Arm:                     nd_nocontext
Array index:             9
Requested ratio:         1.25 × CFD
Handoff offset:          2000 steps
Phase label:             quarter_0
Measured phase:          42.335673288 degrees
Unscaled local A/D:      0.340515500588
Unscaled window RMS A/D: 0.318963161187
Applied cfd_scale:       1.28618227142
Scaled window RMS A/D:   0.410244763156
Initial max |z|:         2.04631570699
Handoff time:            87.7300033569 s
Absolute total time:     787.730003357 s
Free-run duration:       700.0 s
Noise-seed filename tag: 4209
Git commit:              8f2239ed5e0e6a2c097ce31b67aef1a130896cbb
Dirty file count:        152
============================================================
Using device: cuda
[coord] Using coordinate mode from artifact (run_config.json (coordinate_mode=nondimensional)): nondimensional
Loaded scalers and UR stats: use_ur_context=Falsemean=6.5000, std=2.5909
y_scaler: mean=0.000299  scale=0.269071
[cylinder1000] Ur=5.5  U=0.4400 m/s  fn=0.2  D(Ur,rel,h/D)=0.4  B(force)=0.4
  m=2.513274e-01  c=4.421583e-03  k=3.968803e-01  rho=1.0  t_release=72.7273s

Loading CFD trajectory at Ur=5.5 for warm-start...
Computing velocity and acceleration...
[compute_kinematics] m=2.513274e-01  c=4.421583e-03  k=3.968803e-01
  CFD trajectory has 139901 steps
  Warm-start window: CFD steps 17446]  (post-release)
  Handoff at t=87.7300s   (5.00s after release)
  Initial state at handoff: h=0.117983  h_dot=0.176083  h_ddot=-0.213412
  Warm-start raw stats (scaled by 1.28618227142):
    disp range: [-0.43041, 0.40412]
    vel  range: [-0.51556, 0.53709]
    acc  range: [-0.60756, 0.65817]
Model loaded: input_size=3  hidden_size=64
Model/input check: input_size=3, history_shape=(1000, 3)

TF-vs-coupled diagnostic over full post-release record: 122454 steps (612.3s)
[info] --make_tf_residual not set; skipping TF diagnostic (diag plot and residual generation)
[info] --run_replay_diag not set; skipping Newmark replay diagnostic

Running coupled inference for 787.730003357s (140000 steps)...
140000 steps) ...
[closure] CFD RMS A/D=0.2481  a_ref(peak)=0.1404 m
WARNING OOD step=40746: max|z|=6.00, h=-5.0629e-01, v=-5.0581e-02, a=8.2020e-01, CL=1.5473e-01
WARNING OOD step=40747: max|z|=6.00, h=-5.0653e-01, v=-4.6455e-02, a=8.3037e-01, CL=1.5536e-01
WARNING OOD step=40748: max|z|=6.01, h=-5.0676e-01, v=-4.2308e-02, a=8.2830e-01, CL=1.5594e-01
WARNING OOD step=40749: max|z|=6.01, h=-5.0696e-01, v=-3.8158e-02, a=8.3181e-01, CL=1.5646e-01
WARNING OOD step=40750: max|z|=6.01, h=-5.0714e-01, v=-3.4011e-02, a=8.2687e-01, CL=1.5698e-01
WARNING OOD step=40751: max|z|=6.01, h=-5.0730e-01, v=-2.9885e-02, a=8.2370e-01, CL=1.5752e-01
WARNING OOD step=40752: max|z|=6.02, h=-5.0744e-01, v=-2.5786e-02, a=8.1590e-01, CL=1.5812e-01
WARNING OOD step=40753: max|z|=6.02, h=-5.0755e-01, v=-2.1707e-02, a=8.1560e-01, CL=1.5879e-01
WARNING OOD step=40754: max|z|=6.02, h=-5.0765e-01, v=-1.7608e-02, a=8.2401e-01, CL=1.5947e-01
WARNING OOD step=40755: max|z|=6.02, h=-5.0773e-01, v=-1.3506e-02, a=8.1703e-01, CL=1.6009e-01
Saved coupled trajectory -> /scratch/jote9827/Github/Cylinder/results/coupled_cylinder1000_Ur5.5_generalization_Ur5.5_holdout_nd_nocontext_forc-v1_additive_noise-none_nd_scale1.28618_s1_seed4209_handoff_2000_muNone.npz

Saved coupled VIV plot to /scratch/jote9827/Github/Cylinder/results/coupled_viv_Ur5.5_generalization_Ur5.5_holdout_nd_nocontext_forc-v1_additive_noise-none_nd_scale1.28618_s1_seed4209_handoff_2000_muNone.png

Steady-state A/D = 2.5677
Displacement range: -1.0265 to 1.0276 m
CL range: -0.2212 to 0.3329
Gate-4 NPZ receipt:  results/gate4_phase_Ur5.5_nd_nocontext_r1p2500_off2000.npz
Gate-4 JSON receipt: results/gate4_phase_Ur5.5_nd_nocontext_r1p2500_off2000.json
Gate-4 plot receipt: results/gate4_phase_Ur5.5_nd_nocontext_r1p2500_off2000.png

Gate-4 run complete:
  results/gate4_phase_Ur5.5_nd_nocontext_r1p2500_off2000.npz
  results/gate4_phase_Ur5.5_nd_nocontext_r1p2500_off2000.json

------------------------------------------------------------
Sender: LSF System <schwan@makalu93>
Subject: Job 1594275[9]: <gate4_phase[1-12]> in cluster <wuerfel> Done

Job <gate4_phase[1-12]> was submitted from host <makalu56> by user <jote9827> in cluster <wuerfel> at Mon Jul 13 21:41:03 2026
Job was executed on host(s) <makalu93>, in queue <BatchGPU>, as user <jote9827> in cluster <wuerfel> at Mon Jul 13 22:17:23 2026
</home/jote9827> was used as the home directory.
</scratch/jote9827/Github/Cylinder> was used as the working directory.
Started at Mon Jul 13 22:17:23 2026
Terminated at Mon Jul 13 22:21:49 2026
Results reported at Mon Jul 13 22:21:49 2026

Your job looked like:

------------------------------------------------------------
# LSBATCH: User input
#!/bin/bash
#BSUB -J "gate4_ur5p5"
#BSUB -q BatchGPU
#BSUB -gpu "num=1:mode=shared"
#BSUB -R "rusage[mem=24000]"
#BSUB -W 3:00
#BSUB -o logs/gate4_%J_%I.log

set -euo pipefail
shopt -s nullglob

cd /scratch/jote9827/Github/Cylinder
source .venv/bin/activate

mkdir -p logs results

export VIV_NUM_WORKERS=0
export OMP_NUM_THREADS=4

STAGE="${STAGE:-coarse}"
JOB_INDEX="${LSB_JOBINDEX:-1}"

UR=5.5
CFD_AD=0.350372
CFD_F=0.216406
DT=0.005
D=0.4
FN=0.2
SEQ_LEN=1000
FREE_RUN=700.0

MODEL_SUBDIR="generalization_Ur5.5_holdout_nd_nocontext"
CHECKPOINT="gru_best.pt"

GIT_COMMIT="$(git rev-parse HEAD)"
GIT_DIRTY_COUNT="$(git status --porcelain | wc -l | tr -d ' ')"

ratio_tag () {
    python - "$1" <<'PY'
import sys
print(f"{float(sys.argv[1]):.4f}".replace(".", "p"))
PY
}

annotate_normal_run () {
    local src_npz="$1"
    local dst_npz="$2"
    local dst_json="$3"

    export G4_SRC_NPZ="$src_npz"

(... more ...)
------------------------------------------------------------

Successfully completed.

Resource usage summary:

    CPU time :                                   261.14 sec.
    Max Memory :                                 806.49 MB
    Average Memory :                             696.99 MB
    Total Requested Memory :                     24000.00 MB
    Delta Memory :                               23193.51 MB
    Max Swap :                                   -
    Max Processes :                              5
    Max Threads :                                15
    Run time :                                   266 sec.
    Turnaround time :                            2446 sec.

The output (if any) is above this job summary.

