Using device: cuda
[coord] Using coordinate mode from artifact (run_config.json (coordinate_mode=nondimensional)): nondimensional
Loaded scalers and UR stats: use_ur_context=Falsemean=6.5000, std=2.5909
y_scaler: mean=0.000299  scale=0.269071
[cylinder1000] Ur=5.5  U=0.4400 m/s  fn=0.2  D(Ur,rel,h/D)=0.4  B(force)=0.4
  m=2.513274e-01  c=4.421583e-03  k=3.968803e-01  rho=1.0  t_release=72.7273s

Loading CFD trajectory at Ur=5.5 for warm-start...
Computing velocity and acceleration...
[compute_kinematics] m=2.513274e-01  c=4.421583e-03  k=3.968803e-01
  CFD trajectory has 139901 steps
  Warm-start window: CFD steps 17446]  (post-release)
  Handoff at t=87.7300s   (5.00s after release)
  Initial state at handoff: h=0.122702  h_dot=0.183126  h_ddot=-0.221949
  Warm-start raw stats (scaled by 1.33762956228):
    disp range: [-0.44762, 0.42028]
    vel  range: [-0.53618, 0.55857]
    acc  range: [-0.63187, 0.68449]
Model loaded: input_size=3  hidden_size=64
Model/input check: input_size=3, history_shape=(1000, 3)

TF-vs-coupled diagnostic over full post-release record: 122454 steps (612.3s)
[info] --make_tf_residual not set; skipping TF diagnostic (diag plot and residual generation)
[info] --run_replay_diag not set; skipping Newmark replay diagnostic

Running coupled inference for 787.730003357s (140000 steps)...
140000 steps) ...
[closure] CFD RMS A/D=0.2481  a_ref(peak)=0.1404 m
WARNING OOD step=30353: max|z|=6.00, h=-5.0634e-01, v=-8.7161e-02, a=8.1266e-01, CL=1.4735e-01
WARNING OOD step=30354: max|z|=6.01, h=-5.0677e-01, v=-8.3069e-02, a=8.2418e-01, CL=1.4811e-01
WARNING OOD step=30355: max|z|=6.01, h=-5.0718e-01, v=-7.8960e-02, a=8.1962e-01, CL=1.4889e-01
WARNING OOD step=30356: max|z|=6.02, h=-5.0756e-01, v=-7.4868e-02, a=8.1723e-01, CL=1.4964e-01
WARNING OOD step=30357: max|z|=6.02, h=-5.0792e-01, v=-7.0758e-02, a=8.2657e-01, CL=1.5037e-01
WARNING OOD step=30358: max|z|=6.02, h=-5.0827e-01, v=-6.6642e-02, a=8.1980e-01, CL=1.5110e-01
WARNING OOD step=30359: max|z|=6.03, h=-5.0859e-01, v=-6.2557e-02, a=8.1446e-01, CL=1.5179e-01
WARNING OOD step=30360: max|z|=6.03, h=-5.0889e-01, v=-5.8465e-02, a=8.2238e-01, CL=1.5250e-01
WARNING OOD step=30361: max|z|=6.04, h=-5.0918e-01, v=-5.4355e-02, a=8.2142e-01, CL=1.5324e-01
WARNING OOD step=30362: max|z|=6.04, h=-5.0944e-01, v=-5.0239e-02, a=8.2496e-01, CL=1.5392e-01
Saved coupled trajectory -> /scratch/jote9827/Github/Cylinder/results/coupled_cylinder1000_Ur5.5_generalization_Ur5.5_holdout_nd_nocontext_forc-v1_additive_noise-none_nd_scale1.33763_s1_seed4108_handoff_2000_muNone.npz

Saved coupled VIV plot to /scratch/jote9827/Github/Cylinder/results/coupled_viv_Ur5.5_generalization_Ur5.5_holdout_nd_nocontext_forc-v1_additive_noise-none_nd_scale1.33763_s1_seed4108_handoff_2000_muNone.png

Steady-state A/D = 2.5821
Displacement range: -1.0325 to 1.0332 m
CL range: -0.2212 to 0.3328
