Using device: cuda
[coord] Using coordinate mode from artifact (run_config.json (coordinate_mode=nondimensional)): nondimensional
Loaded scalers and UR stats: use_ur_context=Falsemean=6.5000, std=2.5909
y_scaler: mean=0.000299  scale=0.269071
[cylinder1000] Ur=5.5  U=0.4400 m/s  fn=0.2  D(Ur,rel,h/D)=0.4  B(force)=0.4
  m=2.513274e-01  c=4.421583e-03  k=3.968803e-01  rho=1.0  t_release=72.7273s

Loading CFD trajectory at Ur=5.5 for warm-start...
Computing velocity and acceleration...
[compute_kinematics] m=2.513274e-01  c=4.421583e-03  k=3.968803e-01
  CFD trajectory has 139901 steps
  Warm-start window: CFD steps 17908]  (post-release)
  Handoff at t=90.0400s   (5.00s after release)
  Initial state at handoff: h=-0.112451  h_dot=-0.176395  h_ddot=0.203987
  Warm-start raw stats (scaled by 1.23994545553):
    disp range: [-0.41493, 0.42424]
    vel  range: [-0.52558, 0.51778]
    acc  range: [-0.63632, 0.63451]
Model loaded: input_size=3  hidden_size=64
Model/input check: input_size=3, history_shape=(1000, 3)

TF-vs-coupled diagnostic over full post-release record: 121992 steps (610.0s)
[info] --make_tf_residual not set; skipping TF diagnostic (diag plot and residual generation)
[info] --run_replay_diag not set; skipping Newmark replay diagnostic

Running coupled inference for 790.040000916s (140000 steps)...
140000 steps) ...
[closure] CFD RMS A/D=0.2484  a_ref(peak)=0.1405 m
WARNING OOD step=74249: max|z|=6.00, h=-5.0639e-01, v=-5.8161e-02, a=8.1514e-01, CL=1.5349e-01
WARNING OOD step=74250: max|z|=6.01, h=-5.0667e-01, v=-5.4063e-02, a=8.2384e-01, CL=1.5411e-01
WARNING OOD step=74251: max|z|=6.01, h=-5.0693e-01, v=-4.9959e-02, a=8.1781e-01, CL=1.5474e-01
WARNING OOD step=74252: max|z|=6.01, h=-5.0717e-01, v=-4.5861e-02, a=8.2117e-01, CL=1.5536e-01
WARNING OOD step=74253: max|z|=6.01, h=-5.0739e-01, v=-4.1734e-02, a=8.3002e-01, CL=1.5599e-01
WARNING OOD step=74254: max|z|=6.02, h=-5.0759e-01, v=-3.7588e-02, a=8.2804e-01, CL=1.5656e-01
WARNING OOD step=74255: max|z|=6.02, h=-5.0777e-01, v=-3.3460e-02, a=8.2315e-01, CL=1.5707e-01
WARNING OOD step=74256: max|z|=6.02, h=-5.0792e-01, v=-2.9339e-02, a=8.2537e-01, CL=1.5764e-01
WARNING OOD step=74257: max|z|=6.02, h=-5.0806e-01, v=-2.5211e-02, a=8.2582e-01, CL=1.5823e-01
WARNING OOD step=74258: max|z|=6.02, h=-5.0818e-01, v=-2.1090e-02, a=8.2270e-01, CL=1.5879e-01
Saved coupled trajectory -> /scratch/jote9827/Github/Cylinder/results/coupled_cylinder1000_Ur5.5_generalization_Ur5.5_holdout_nd_nocontext_forc-v1_additive_noise-none_nd_scale1.23995_s1_seed4207_handoff_2462_muNone.npz

Saved coupled VIV plot to /scratch/jote9827/Github/Cylinder/results/coupled_viv_Ur5.5_generalization_Ur5.5_holdout_nd_nocontext_forc-v1_additive_noise-none_nd_scale1.23995_s1_seed4207_handoff_2462_muNone.png

Steady-state A/D = 2.4810
Displacement range: -0.9926 to 0.9922 m
CL range: -0.2212 to 0.3331
