Computing velocity and acceleration...
[compute_kinematics] m=2.513274e-01  c=4.421583e-03  k=3.968803e-01
Calibration receipt: 1.18328768971 87.7300033569 787.730003357 0.340515500588 0.318963161187 0.377425182103 0.738896889925 42.335673288 1.88327879471
============================================================
Gate:                    4
Stage:                   coarse
Arm:                     nd_nocontext
Array index:             5
Requested ratio:         1.15 × CFD
Handoff offset:          2000 steps
Phase label:             reference
Measured phase:          42.335673288 degrees
Unscaled local A/D:      0.340515500588
Unscaled window RMS A/D: 0.318963161187
Applied cfd_scale:       1.18328768971
Scaled window RMS A/D:   0.377425182103
Initial max |z|:         1.88327879471
Handoff time:            87.7300033569 s
Absolute total time:     787.730003357 s
Free-run duration:       700.0 s
Noise-seed filename tag: 4105
Git commit:              8f2239ed5e0e6a2c097ce31b67aef1a130896cbb
Dirty file count:        89
============================================================
Using device: cuda
[coord] Using coordinate mode from artifact (run_config.json (coordinate_mode=nondimensional)): nondimensional
Loaded scalers and UR stats: use_ur_context=Falsemean=6.5000, std=2.5909
y_scaler: mean=0.000299  scale=0.269071
[cylinder1000] Ur=5.5  U=0.4400 m/s  fn=0.2  D(Ur,rel,h/D)=0.4  B(force)=0.4
  m=2.513274e-01  c=4.421583e-03  k=3.968803e-01  rho=1.0  t_release=72.7273s

Loading CFD trajectory at Ur=5.5 for warm-start...
Computing velocity and acceleration...
[compute_kinematics] m=2.513274e-01  c=4.421583e-03  k=3.968803e-01
  CFD trajectory has 139901 steps
  Warm-start window: CFD steps 17446]  (post-release)
  Handoff at t=87.7300s   (5.00s after release)
  Initial state at handoff: h=0.108544  h_dot=0.161996  h_ddot=-0.196339
  Warm-start raw stats (scaled by 1.18328768971):
    disp range: [-0.39597, 0.37179]
    vel  range: [-0.47432, 0.49412]
    acc  range: [-0.55896, 0.60551]
Model loaded: input_size=3  hidden_size=64
Model/input check: input_size=3, history_shape=(1000, 3)

TF-vs-coupled diagnostic over full post-release record: 122454 steps (612.3s)
[info] --make_tf_residual not set; skipping TF diagnostic (diag plot and residual generation)
[info] --run_replay_diag not set; skipping Newmark replay diagnostic

Running coupled inference for 787.730003357s (140000 steps)...
140000 steps) ...
[closure] CFD RMS A/D=0.2481  a_ref(peak)=0.1404 m
Saved coupled trajectory -> /scratch/jote9827/Github/Cylinder/results/coupled_cylinder1000_Ur5.5_generalization_Ur5.5_holdout_nd_nocontext_forc-v1_additive_noise-none_nd_scale1.18329_s1_seed4105_handoff_2000_muNone.npz

Saved coupled VIV plot to /scratch/jote9827/Github/Cylinder/results/coupled_viv_Ur5.5_generalization_Ur5.5_holdout_nd_nocontext_forc-v1_additive_noise-none_nd_scale1.18329_s1_seed4105_handoff_2000_muNone.png

Steady-state A/D = 0.3552
Displacement range: -0.1633 to 0.1633 m
CL range: -0.2029 to 0.2404
Gate-4 NPZ receipt:  results/gate4_coarse_Ur5.5_nd_nocontext_r1p1500_off2000.npz
Gate-4 JSON receipt: results/gate4_coarse_Ur5.5_nd_nocontext_r1p1500_off2000.json
Gate-4 plot receipt: results/gate4_coarse_Ur5.5_nd_nocontext_r1p1500_off2000.png

Gate-4 run complete:
  results/gate4_coarse_Ur5.5_nd_nocontext_r1p1500_off2000.npz
  results/gate4_coarse_Ur5.5_nd_nocontext_r1p1500_off2000.json

------------------------------------------------------------
Sender: LSF System <schwan@makalu82>
Subject: Job 1593858[5]: <gate4_coarse[2-8]> in cluster <wuerfel> Done

Job <gate4_coarse[2-8]> was submitted from host <makalu56> by user <jote9827> in cluster <wuerfel> at Mon Jul 13 15:36:43 2026
Job was executed on host(s) <makalu82>, in queue <BatchGPU>, as user <jote9827> in cluster <wuerfel> at Mon Jul 13 15:41:49 2026
</home/jote9827> was used as the home directory.
</scratch/jote9827/Github/Cylinder> was used as the working directory.
Started at Mon Jul 13 15:41:49 2026
Terminated at Mon Jul 13 15:46:38 2026
Results reported at Mon Jul 13 15:46:38 2026

Your job looked like:

------------------------------------------------------------
# LSBATCH: User input
#!/bin/bash
#BSUB -J "gate4_ur5p5"
#BSUB -q BatchGPU
#BSUB -gpu "num=1:mode=shared"
#BSUB -R "rusage[mem=24000]"
#BSUB -W 3:00
#BSUB -o logs/gate4_%J_%I.log

set -euo pipefail
shopt -s nullglob

cd /scratch/jote9827/Github/Cylinder
source .venv/bin/activate

mkdir -p logs results

export VIV_NUM_WORKERS=0
export OMP_NUM_THREADS=4

STAGE="${STAGE:-coarse}"
JOB_INDEX="${LSB_JOBINDEX:-1}"

UR=5.5
CFD_AD=0.350372
CFD_F=0.216406
DT=0.005
D=0.4
FN=0.2
SEQ_LEN=1000
FREE_RUN=700.0

MODEL_SUBDIR="generalization_Ur5.5_holdout_nd_nocontext"
CHECKPOINT="gru_best.pt"

GIT_COMMIT="$(git rev-parse HEAD)"
GIT_DIRTY_COUNT="$(git status --porcelain | wc -l | tr -d ' ')"

ratio_tag () {
    python - "$1" <<'PY'
import sys
print(f"{float(sys.argv[1]):.4f}".replace(".", "p"))
PY
}

annotate_normal_run () {
    local src_npz="$1"
    local dst_npz="$2"
    local dst_json="$3"

    export G4_SRC_NPZ="$src_npz"

(... more ...)
------------------------------------------------------------

Successfully completed.

Resource usage summary:

    CPU time :                                   259.10 sec.
    Max Memory :                                 787.41 MB
    Average Memory :                             626.02 MB
    Total Requested Memory :                     24000.00 MB
    Delta Memory :                               23212.59 MB
    Max Swap :                                   -
    Max Processes :                              5
    Max Threads :                                15
    Run time :                                   289 sec.
    Turnaround time :                            595 sec.

The output (if any) is above this job summary.

