Using device: cuda
[coord] Using coordinate mode from artifact (run_config.json (coordinate_mode=nondimensional)): nondimensional
Loaded scalers and UR stats: use_ur_context=Falsemean=6.5000, std=2.5909
y_scaler: mean=0.000299  scale=0.269071
[cylinder1000] Ur=5.5  U=0.4400 m/s  fn=0.2  D(Ur,rel,h/D)=0.4  B(force)=0.4
  m=2.513274e-01  c=4.421583e-03  k=3.968803e-01  rho=1.0  t_release=72.7273s

Loading CFD trajectory at Ur=5.5 for warm-start...
Computing velocity and acceleration...
[compute_kinematics] m=2.513274e-01  c=4.421583e-03  k=3.968803e-01
  CFD trajectory has 139901 steps
  Warm-start window: CFD steps 17446]  (post-release)
  Handoff at t=87.7300s   (5.00s after release)
  Initial state at handoff: h=0.091731  h_dot=0.136904  h_ddot=-0.165927
  Warm-start raw stats (scaled by 1.0):
    disp range: [-0.33464, 0.31420]
    vel  range: [-0.40085, 0.41759]
    acc  range: [-0.47238, 0.51172]
Model loaded: input_size=3  hidden_size=64

[ATTRACTOR TEST] Seeding loop with artificial A/D = 0.525558
  Measured CFD true frequency: 0.214 Hz
WARNING OOD step=19094: max|z|=6.00, h=-5.0619e-01, v=-5.5329e-02, a=8.1039e-01, CL=1.5375e-01
WARNING OOD step=19095: max|z|=6.00, h=-5.0646e-01, v=-5.1268e-02, a=8.1438e-01, CL=1.5445e-01
WARNING OOD step=19096: max|z|=6.01, h=-5.0671e-01, v=-4.7176e-02, a=8.2241e-01, CL=1.5516e-01
WARNING OOD step=19097: max|z|=6.01, h=-5.0693e-01, v=-4.3066e-02, a=8.2144e-01, CL=1.5581e-01
WARNING OOD step=19098: max|z|=6.01, h=-5.0714e-01, v=-3.8950e-02, a=8.2489e-01, CL=1.5637e-01
WARNING OOD step=19099: max|z|=6.01, h=-5.0732e-01, v=-3.4840e-02, a=8.1896e-01, CL=1.5694e-01
WARNING OOD step=19100: max|z|=6.02, h=-5.0749e-01, v=-3.0772e-02, a=8.0829e-01, CL=1.5750e-01
WARNING OOD step=19101: max|z|=6.02, h=-5.0763e-01, v=-2.6710e-02, a=8.1648e-01, CL=1.5815e-01
WARNING OOD step=19102: max|z|=6.02, h=-5.0775e-01, v=-2.2618e-02, a=8.2031e-01, CL=1.5883e-01
WARNING OOD step=19103: max|z|=6.02, h=-5.0786e-01, v=-1.8509e-02, a=8.2354e-01, CL=1.5941e-01
[ATTRACTOR] seed A/D=0.525558  final A/D=2.5659  target=0.350372  f_dom=0.200  converged=False
