Using device: cuda
[coord] Using coordinate mode from artifact (run_config.json (coordinate_mode=nondimensional)): nondimensional
Loaded scalers and UR stats: use_ur_context=Falsemean=6.5000, std=2.5909
y_scaler: mean=0.000299  scale=0.269071
[cylinder1000] Ur=5.5  U=0.4400 m/s  fn=0.2  D(Ur,rel,h/D)=0.4  B(force)=0.4
  m=2.513274e-01  c=4.421583e-03  k=3.968803e-01  rho=1.0  t_release=72.7273s

Loading CFD trajectory at Ur=5.5 for warm-start...
Computing velocity and acceleration...
[compute_kinematics] m=2.513274e-01  c=4.421583e-03  k=3.968803e-01
  CFD trajectory has 139901 steps
  Warm-start window: CFD steps 18139]  (post-release)
  Handoff at t=91.1950s   (5.00s after release)
  Initial state at handoff: h=-0.128218  h_dot=0.147979  h_ddot=0.236220
  Warm-start raw stats (scaled by 1.21435656215):
    disp range: [-0.42137, 0.41548]
    vel  range: [-0.51474, 0.50710]
    acc  range: [-0.62319, 0.64060]
Model loaded: input_size=3  hidden_size=64
Model/input check: input_size=3, history_shape=(1000, 3)

TF-vs-coupled diagnostic over full post-release record: 121761 steps (608.8s)
[info] --make_tf_residual not set; skipping TF diagnostic (diag plot and residual generation)
[info] --run_replay_diag not set; skipping Newmark replay diagnostic

Running coupled inference for 791.194999695s (140000 steps)...
140000 steps) ...
[closure] CFD RMS A/D=0.2482  a_ref(peak)=0.1404 m
Saved coupled trajectory -> /scratch/jote9827/Github/Cylinder/results/coupled_cylinder1000_Ur5.5_generalization_Ur5.5_holdout_nd_nocontext_forc-v1_additive_noise-none_nd_scale1.21436_s1_seed4204_handoff_2693_muNone.npz

Saved coupled VIV plot to /scratch/jote9827/Github/Cylinder/results/coupled_viv_Ur5.5_generalization_Ur5.5_holdout_nd_nocontext_forc-v1_additive_noise-none_nd_scale1.21436_s1_seed4204_handoff_2693_muNone.png

Steady-state A/D = 0.3550
Displacement range: -0.1687 to 0.1687 m
CL range: -0.2029 to 0.2428
