============================================================
Gate:        1 — trained Ur regression
Arm:         nd_nocontext
Artifact:    results/gru_cylinder_nd_nocontext_noise0.05
Ur:          5.0
Handoff:     2000 steps
Forcing:     deterministic GRU only
============================================================
Using device: cuda
[coord] Using coordinate mode from artifact (run_config.json (coordinate_mode=nondimensional)): nondimensional
[dataset] Verified: requested 'cylinder1000' matches artifact's recorded 'cylinder1000' (run_config.json)
Loaded scalers and UR stats: use_ur_context=Falsemean=6.5000, std=2.5909
y_scaler: mean=0.000299  scale=0.269071
[cylinder1000] Ur=5.0  U=0.4000 m/s  fn=0.2  D(Ur,rel,h/D)=0.4  B(force)=0.4
  m=2.513274e-01  c=4.421583e-03  k=3.968803e-01  rho=1.0  t_release=80.0000s

Loading CFD trajectory at Ur=5.0 for warm-start...
Computing velocity and acceleration...
[compute_kinematics] m=2.513274e-01  c=4.421583e-03  k=3.968803e-01
  CFD trajectory has 139901 steps
  Warm-start window: CFD steps 18900]  (post-release)
  Handoff at t=95.0000s   (5.00s after release)
  Initial state at handoff: h=-0.126662  h_dot=0.133368  h_ddot=0.224674
  Warm-start raw stats (scaled by 1.0):
    disp range: [-0.40487, 0.36961]
    vel  range: [-0.50935, 0.44986]
    acc  range: [-0.62484, 0.70111]
Model loaded: input_size=3  hidden_size=64
Model/input check: input_size=3, history_shape=(1000, 3)

TF-vs-coupled diagnostic over full post-release record: 121000 steps (605.0s)
[info] --make_tf_residual not set; skipping TF diagnostic (diag plot and residual generation)
[info] --run_replay_diag not set; skipping Newmark replay diagnostic

Running coupled inference for 700.0s (121000 steps)...
121000 steps) ...
[closure] CFD RMS A/D=0.2940  a_ref=0.1663 m  source=measured_from_target_cfd
[provenance] [WARNING] worktree is DIRTY (uncommitted changes present). For reproducible experiments, commit before running coupled inference. worktree_patch_hash=bdf88a1b312f
Saved coupled trajectory -> /scratch/jote9827/Github/Cylinder/results/coupled_cylinder1000_Ur5.0_gru_cylinder_nd_nocontext_noise0.05_forc-v1_additive_noise-none_nd_scale1_s1_seed0_handoff_2000_muNone.npz
Saved receipt -> /scratch/jote9827/Github/Cylinder/results/coupled_cylinder1000_Ur5.0_gru_cylinder_nd_nocontext_noise0.05_forc-v1_additive_noise-none_nd_scale1_s1_seed0_handoff_2000_muNone.receipt.json

Saved coupled VIV plot to /scratch/jote9827/Github/Cylinder/results/coupled_viv_Ur5.0_gru_cylinder_nd_nocontext_noise0.05_forc-v1_additive_noise-none_nd_scale1_s1_seed0_handoff_2000_muNone.png

Steady-state A/D = 0.4256
Displacement range: -0.1713 to 0.1694 m
CL range: -0.2172 to 0.2334

------------------------------------------------------------
Sender: LSF System <schwan@makalu96>
Subject: Job 1627294[3]: <gate1_ur5[1-4]> in cluster <wuerfel> Done

Job <gate1_ur5[1-4]> was submitted from host <makalu50> by user <jote9827> in cluster <wuerfel> at Mon Jul 20 15:12:14 2026
Job was executed on host(s) <makalu96>, in queue <BatchGPU>, as user <jote9827> in cluster <wuerfel> at Mon Jul 20 15:12:34 2026
</home/jote9827> was used as the home directory.
</scratch/jote9827/Github/Cylinder> was used as the working directory.
Started at Mon Jul 20 15:12:34 2026
Terminated at Mon Jul 20 15:16:09 2026
Results reported at Mon Jul 20 15:16:09 2026

Your job looked like:

------------------------------------------------------------
# LSBATCH: User input
#!/bin/bash
#BSUB -J "gate1_ur5[1-4]"
#BSUB -q BatchGPU
#BSUB -gpu "num=1:mode=shared"
#BSUB -R "rusage[mem=24000]"
#BSUB -W 2:00
#BSUB -o logs/gate1_ur5_%I.log

set -euo pipefail

mkdir -p logs
cd /scratch/jote9827/Github/Cylinder
source .venv/bin/activate

export VIV_NUM_WORKERS=0
export OMP_NUM_THREADS=4

: "${LSB_JOBINDEX:?LSB_JOBINDEX is not set}"

case "$LSB_JOBINDEX" in
  1) TAG="dim_nocontext" ;;
  2) TAG="dim_context" ;;
  3) TAG="nd_nocontext" ;;
  4) TAG="nd_context" ;;
  *)
    echo "Invalid LSB_JOBINDEX=$LSB_JOBINDEX" >&2
    exit 2
    ;;
esac

SUBDIR="gru_cylinder_${TAG}_noise0.05"

echo "============================================================"
echo "Gate:        1 — trained Ur regression"
echo "Arm:         $TAG"
echo "Artifact:    results/$SUBDIR"
echo "Ur:          5.0"
echo "Handoff:     2000 steps"
echo "Forcing:     deterministic GRU only"
echo "============================================================"

python -u -m src.viv_analysis.coupled_inference \
  --cfd_dataset cylinder1000 \
  --model_dataset cylinder1000 \
  --model_subdir "$SUBDIR" \
  --checkpoint gru_best.pt \
  --Ur 5.0 \
  --handoff_offset 2000 \
  --cfd_target_AD 0.4156 \
  --forcing_mode v1_additive \

(... more ...)
------------------------------------------------------------

Successfully completed.

Resource usage summary:

    CPU time :                                   206.08 sec.
    Max Memory :                                 787.67 MB
    Average Memory :                             721.43 MB
    Total Requested Memory :                     24000.00 MB
    Delta Memory :                               23212.33 MB
    Max Swap :                                   -
    Max Processes :                              4
    Max Threads :                                14
    Run time :                                   215 sec.
    Turnaround time :                            235 sec.

The output (if any) is above this job summary.

