Computing velocity and acceleration...
[compute_kinematics] m=2.513274e-01  c=4.421583e-03  k=3.968803e-01
Calibration receipt: 1.33762956228 87.7300033569 787.730003357 0.340515500588 0.318963161187 0.426654553682 0.738896889925 42.335673288 2.12783416313
============================================================
Gate:                    4
Stage:                   coarse
Arm:                     nd_nocontext
Array index:             8
Requested ratio:         1.30 × CFD
Handoff offset:          2000 steps
Phase label:             reference
Measured phase:          42.335673288 degrees
Unscaled local A/D:      0.340515500588
Unscaled window RMS A/D: 0.318963161187
Applied cfd_scale:       1.33762956228
Scaled window RMS A/D:   0.426654553682
Initial max |z|:         2.12783416313
Handoff time:            87.7300033569 s
Absolute total time:     787.730003357 s
Free-run duration:       700.0 s
Noise-seed filename tag: 4108
Git commit:              8f2239ed5e0e6a2c097ce31b67aef1a130896cbb
Dirty file count:        97
============================================================
Using device: cuda
[coord] Using coordinate mode from artifact (run_config.json (coordinate_mode=nondimensional)): nondimensional
Loaded scalers and UR stats: use_ur_context=Falsemean=6.5000, std=2.5909
y_scaler: mean=0.000299  scale=0.269071
[cylinder1000] Ur=5.5  U=0.4400 m/s  fn=0.2  D(Ur,rel,h/D)=0.4  B(force)=0.4
  m=2.513274e-01  c=4.421583e-03  k=3.968803e-01  rho=1.0  t_release=72.7273s

Loading CFD trajectory at Ur=5.5 for warm-start...
Computing velocity and acceleration...
[compute_kinematics] m=2.513274e-01  c=4.421583e-03  k=3.968803e-01
  CFD trajectory has 139901 steps
  Warm-start window: CFD steps 17446]  (post-release)
  Handoff at t=87.7300s   (5.00s after release)
  Initial state at handoff: h=0.122702  h_dot=0.183126  h_ddot=-0.221949
  Warm-start raw stats (scaled by 1.33762956228):
    disp range: [-0.44762, 0.42028]
    vel  range: [-0.53618, 0.55857]
    acc  range: [-0.63187, 0.68449]
Model loaded: input_size=3  hidden_size=64
Model/input check: input_size=3, history_shape=(1000, 3)

TF-vs-coupled diagnostic over full post-release record: 122454 steps (612.3s)
[info] --make_tf_residual not set; skipping TF diagnostic (diag plot and residual generation)
[info] --run_replay_diag not set; skipping Newmark replay diagnostic

Running coupled inference for 787.730003357s (140000 steps)...
140000 steps) ...
[closure] CFD RMS A/D=0.2481  a_ref(peak)=0.1404 m
WARNING OOD step=30353: max|z|=6.00, h=-5.0634e-01, v=-8.7161e-02, a=8.1266e-01, CL=1.4735e-01
WARNING OOD step=30354: max|z|=6.01, h=-5.0677e-01, v=-8.3069e-02, a=8.2418e-01, CL=1.4811e-01
WARNING OOD step=30355: max|z|=6.01, h=-5.0718e-01, v=-7.8960e-02, a=8.1962e-01, CL=1.4889e-01
WARNING OOD step=30356: max|z|=6.02, h=-5.0756e-01, v=-7.4868e-02, a=8.1723e-01, CL=1.4964e-01
WARNING OOD step=30357: max|z|=6.02, h=-5.0792e-01, v=-7.0758e-02, a=8.2657e-01, CL=1.5037e-01
WARNING OOD step=30358: max|z|=6.02, h=-5.0827e-01, v=-6.6642e-02, a=8.1980e-01, CL=1.5110e-01
WARNING OOD step=30359: max|z|=6.03, h=-5.0859e-01, v=-6.2557e-02, a=8.1446e-01, CL=1.5179e-01
WARNING OOD step=30360: max|z|=6.03, h=-5.0889e-01, v=-5.8465e-02, a=8.2238e-01, CL=1.5250e-01
WARNING OOD step=30361: max|z|=6.04, h=-5.0918e-01, v=-5.4355e-02, a=8.2142e-01, CL=1.5324e-01
WARNING OOD step=30362: max|z|=6.04, h=-5.0944e-01, v=-5.0239e-02, a=8.2496e-01, CL=1.5392e-01
Saved coupled trajectory -> /scratch/jote9827/Github/Cylinder/results/coupled_cylinder1000_Ur5.5_generalization_Ur5.5_holdout_nd_nocontext_forc-v1_additive_noise-none_nd_scale1.33763_s1_seed4108_handoff_2000_muNone.npz

Saved coupled VIV plot to /scratch/jote9827/Github/Cylinder/results/coupled_viv_Ur5.5_generalization_Ur5.5_holdout_nd_nocontext_forc-v1_additive_noise-none_nd_scale1.33763_s1_seed4108_handoff_2000_muNone.png

Steady-state A/D = 2.5821
Displacement range: -1.0325 to 1.0332 m
CL range: -0.2212 to 0.3328
Gate-4 NPZ receipt:  results/gate4_coarse_Ur5.5_nd_nocontext_r1p3000_off2000.npz
Gate-4 JSON receipt: results/gate4_coarse_Ur5.5_nd_nocontext_r1p3000_off2000.json
Gate-4 plot receipt: results/gate4_coarse_Ur5.5_nd_nocontext_r1p3000_off2000.png

Gate-4 run complete:
  results/gate4_coarse_Ur5.5_nd_nocontext_r1p3000_off2000.npz
  results/gate4_coarse_Ur5.5_nd_nocontext_r1p3000_off2000.json

------------------------------------------------------------
Sender: LSF System <schwan@makalu91>
Subject: Job 1593858[8]: <gate4_coarse[2-8]> in cluster <wuerfel> Done

Job <gate4_coarse[2-8]> was submitted from host <makalu56> by user <jote9827> in cluster <wuerfel> at Mon Jul 13 15:36:43 2026
Job was executed on host(s) <makalu91>, in queue <BatchGPU>, as user <jote9827> in cluster <wuerfel> at Mon Jul 13 15:43:19 2026
</home/jote9827> was used as the home directory.
</scratch/jote9827/Github/Cylinder> was used as the working directory.
Started at Mon Jul 13 15:43:19 2026
Terminated at Mon Jul 13 15:48:46 2026
Results reported at Mon Jul 13 15:48:46 2026

Your job looked like:

------------------------------------------------------------
# LSBATCH: User input
#!/bin/bash
#BSUB -J "gate4_ur5p5"
#BSUB -q BatchGPU
#BSUB -gpu "num=1:mode=shared"
#BSUB -R "rusage[mem=24000]"
#BSUB -W 3:00
#BSUB -o logs/gate4_%J_%I.log

set -euo pipefail
shopt -s nullglob

cd /scratch/jote9827/Github/Cylinder
source .venv/bin/activate

mkdir -p logs results

export VIV_NUM_WORKERS=0
export OMP_NUM_THREADS=4

STAGE="${STAGE:-coarse}"
JOB_INDEX="${LSB_JOBINDEX:-1}"

UR=5.5
CFD_AD=0.350372
CFD_F=0.216406
DT=0.005
D=0.4
FN=0.2
SEQ_LEN=1000
FREE_RUN=700.0

MODEL_SUBDIR="generalization_Ur5.5_holdout_nd_nocontext"
CHECKPOINT="gru_best.pt"

GIT_COMMIT="$(git rev-parse HEAD)"
GIT_DIRTY_COUNT="$(git status --porcelain | wc -l | tr -d ' ')"

ratio_tag () {
    python - "$1" <<'PY'
import sys
print(f"{float(sys.argv[1]):.4f}".replace(".", "p"))
PY
}

annotate_normal_run () {
    local src_npz="$1"
    local dst_npz="$2"
    local dst_json="$3"

    export G4_SRC_NPZ="$src_npz"

(... more ...)
------------------------------------------------------------

Successfully completed.

Resource usage summary:

    CPU time :                                   297.88 sec.
    Max Memory :                                 831.80 MB
    Average Memory :                             675.11 MB
    Total Requested Memory :                     24000.00 MB
    Delta Memory :                               23168.20 MB
    Max Swap :                                   -
    Max Processes :                              5
    Max Threads :                                15
    Run time :                                   326 sec.
    Turnaround time :                            723 sec.

The output (if any) is above this job summary.

