============================================================
Gate:             3 — two-sided held-out attractor test
Ur:               5.5
CFD target A/D:   0.350372
CFD target f:     0.216406 Hz
Analysis dt:      0.005 s
Free-run time:    700 s
Git commit:       8f2239ed5e0e6a2c097ce31b67aef1a130896cbb
Dirty file count: 37
Arms:             dim_context nd_nocontext nd_context
============================================================

============================================================
Arm:          dim_context
Artifact:     generalization_Ur5.5_holdout_dim_context
Seed label:   below_040
Seed ratio:   0.40 × CFD
Seed A/D:     0.1401488
Target A/D:   0.350372
Target f:     0.216406 Hz
Forcing:      deterministic GRU only
Coordinates:  resolved from artifact metadata
Output:       results/gate3_attractor_Ur5.5_dim_context_below_040.npz
============================================================
Using device: cuda
[coord] Using coordinate mode from artifact (run_config.json (coordinate_mode=dimensional)): dimensional
Loaded scalers and UR stats: use_ur_context=Truemean=6.5000, std=2.5909
y_scaler: mean=0.000299  scale=0.269071
[cylinder1000] Ur=5.5  U=0.4400 m/s  fn=0.2  D(Ur,rel,h/D)=0.4  B(force)=0.4
  m=2.513274e-01  c=4.421583e-03  k=3.968803e-01  rho=1.0  t_release=72.7273s

Loading CFD trajectory at Ur=5.5 for warm-start...
Computing velocity and acceleration...
[compute_kinematics] m=2.513274e-01  c=4.421583e-03  k=3.968803e-01
  CFD trajectory has 139901 steps
  Warm-start window: CFD steps 17446]  (post-release)
  Handoff at t=87.7300s   (5.00s after release)
  Initial state at handoff: h=0.091731  h_dot=0.136904  h_ddot=-0.165927
  Warm-start raw stats (scaled by 1.0):
    disp range: [-0.13386, 0.12568]
    vel  range: [-0.17637, 0.18374]
    acc  range: [-0.22863, 0.24767]
Model loaded: input_size=4  hidden_size=64

[ATTRACTOR TEST] Seeding loop with artificial A/D = 0.1401488
  Measured CFD true frequency: 0.214 Hz
[ATTRACTOR] seed A/D=0.1401488  final A/D=0.3501  target=0.350372  f_dom=0.214  converged=False
Annotated receipt: results/gate3_attractor_Ur5.5_dim_context_below_040.npz
Completed: results/gate3_attractor_Ur5.5_dim_context_below_040.npz

============================================================
Arm:          dim_context
Artifact:     generalization_Ur5.5_holdout_dim_context
Seed label:   below_055
Seed ratio:   0.55 × CFD
Seed A/D:     0.1927046
Target A/D:   0.350372
Target f:     0.216406 Hz
Forcing:      deterministic GRU only
Coordinates:  resolved from artifact metadata
Output:       results/gate3_attractor_Ur5.5_dim_context_below_055.npz
============================================================
Using device: cuda
[coord] Using coordinate mode from artifact (run_config.json (coordinate_mode=dimensional)): dimensional
Loaded scalers and UR stats: use_ur_context=Truemean=6.5000, std=2.5909
y_scaler: mean=0.000299  scale=0.269071
[cylinder1000] Ur=5.5  U=0.4400 m/s  fn=0.2  D(Ur,rel,h/D)=0.4  B(force)=0.4
  m=2.513274e-01  c=4.421583e-03  k=3.968803e-01  rho=1.0  t_release=72.7273s

Loading CFD trajectory at Ur=5.5 for warm-start...
Computing velocity and acceleration...
[compute_kinematics] m=2.513274e-01  c=4.421583e-03  k=3.968803e-01
  CFD trajectory has 139901 steps
  Warm-start window: CFD steps 17446]  (post-release)
  Handoff at t=87.7300s   (5.00s after release)
  Initial state at handoff: h=0.091731  h_dot=0.136904  h_ddot=-0.165927
  Warm-start raw stats (scaled by 1.0):
    disp range: [-0.13386, 0.12568]
    vel  range: [-0.17637, 0.18374]
    acc  range: [-0.22863, 0.24767]
Model loaded: input_size=4  hidden_size=64

[ATTRACTOR TEST] Seeding loop with artificial A/D = 0.1927046
  Measured CFD true frequency: 0.214 Hz
[ATTRACTOR] seed A/D=0.1927046  final A/D=0.3499  target=0.350372  f_dom=0.214  converged=False
Annotated receipt: results/gate3_attractor_Ur5.5_dim_context_below_055.npz
Completed: results/gate3_attractor_Ur5.5_dim_context_below_055.npz

============================================================
Arm:          dim_context
Artifact:     generalization_Ur5.5_holdout_dim_context
Seed label:   below_070
Seed ratio:   0.70 × CFD
Seed A/D:     0.2452604
Target A/D:   0.350372
Target f:     0.216406 Hz
Forcing:      deterministic GRU only
Coordinates:  resolved from artifact metadata
Output:       results/gate3_attractor_Ur5.5_dim_context_below_070.npz
============================================================
Using device: cuda
[coord] Using coordinate mode from artifact (run_config.json (coordinate_mode=dimensional)): dimensional
Loaded scalers and UR stats: use_ur_context=Truemean=6.5000, std=2.5909
y_scaler: mean=0.000299  scale=0.269071
[cylinder1000] Ur=5.5  U=0.4400 m/s  fn=0.2  D(Ur,rel,h/D)=0.4  B(force)=0.4
  m=2.513274e-01  c=4.421583e-03  k=3.968803e-01  rho=1.0  t_release=72.7273s

Loading CFD trajectory at Ur=5.5 for warm-start...
Computing velocity and acceleration...
[compute_kinematics] m=2.513274e-01  c=4.421583e-03  k=3.968803e-01
  CFD trajectory has 139901 steps
  Warm-start window: CFD steps 17446]  (post-release)
  Handoff at t=87.7300s   (5.00s after release)
  Initial state at handoff: h=0.091731  h_dot=0.136904  h_ddot=-0.165927
  Warm-start raw stats (scaled by 1.0):
    disp range: [-0.13386, 0.12568]
    vel  range: [-0.17637, 0.18374]
    acc  range: [-0.22863, 0.24767]
Model loaded: input_size=4  hidden_size=64

[ATTRACTOR TEST] Seeding loop with artificial A/D = 0.2452604
  Measured CFD true frequency: 0.214 Hz
[ATTRACTOR] seed A/D=0.2452604  final A/D=0.3497  target=0.350372  f_dom=0.214  converged=False
Annotated receipt: results/gate3_attractor_Ur5.5_dim_context_below_070.npz
Completed: results/gate3_attractor_Ur5.5_dim_context_below_070.npz

============================================================
Arm:          dim_context
Artifact:     generalization_Ur5.5_holdout_dim_context
Seed label:   above_130
Seed ratio:   1.30 × CFD
Seed A/D:     0.4554836
Target A/D:   0.350372
Target f:     0.216406 Hz
Forcing:      deterministic GRU only
Coordinates:  resolved from artifact metadata
Output:       results/gate3_attractor_Ur5.5_dim_context_above_130.npz
============================================================
Using device: cuda
[coord] Using coordinate mode from artifact (run_config.json (coordinate_mode=dimensional)): dimensional
Loaded scalers and UR stats: use_ur_context=Truemean=6.5000, std=2.5909
y_scaler: mean=0.000299  scale=0.269071
[cylinder1000] Ur=5.5  U=0.4400 m/s  fn=0.2  D(Ur,rel,h/D)=0.4  B(force)=0.4
  m=2.513274e-01  c=4.421583e-03  k=3.968803e-01  rho=1.0  t_release=72.7273s

Loading CFD trajectory at Ur=5.5 for warm-start...
Computing velocity and acceleration...
[compute_kinematics] m=2.513274e-01  c=4.421583e-03  k=3.968803e-01
  CFD trajectory has 139901 steps
  Warm-start window: CFD steps 17446]  (post-release)
  Handoff at t=87.7300s   (5.00s after release)
  Initial state at handoff: h=0.091731  h_dot=0.136904  h_ddot=-0.165927
  Warm-start raw stats (scaled by 1.0):
    disp range: [-0.13386, 0.12568]
    vel  range: [-0.17637, 0.18374]
    acc  range: [-0.22863, 0.24767]
Model loaded: input_size=4  hidden_size=64

[ATTRACTOR TEST] Seeding loop with artificial A/D = 0.4554836
  Measured CFD true frequency: 0.214 Hz
[ATTRACTOR] seed A/D=0.4554836  final A/D=0.3495  target=0.350372  f_dom=0.214  converged=False
Annotated receipt: results/gate3_attractor_Ur5.5_dim_context_above_130.npz
Completed: results/gate3_attractor_Ur5.5_dim_context_above_130.npz

============================================================
Arm:          dim_context
Artifact:     generalization_Ur5.5_holdout_dim_context
Seed label:   above_150
Seed ratio:   1.50 × CFD
Seed A/D:     0.5255580
Target A/D:   0.350372
Target f:     0.216406 Hz
Forcing:      deterministic GRU only
Coordinates:  resolved from artifact metadata
Output:       results/gate3_attractor_Ur5.5_dim_context_above_150.npz
============================================================
Using device: cuda
[coord] Using coordinate mode from artifact (run_config.json (coordinate_mode=dimensional)): dimensional
Loaded scalers and UR stats: use_ur_context=Truemean=6.5000, std=2.5909
y_scaler: mean=0.000299  scale=0.269071
[cylinder1000] Ur=5.5  U=0.4400 m/s  fn=0.2  D(Ur,rel,h/D)=0.4  B(force)=0.4
  m=2.513274e-01  c=4.421583e-03  k=3.968803e-01  rho=1.0  t_release=72.7273s

Loading CFD trajectory at Ur=5.5 for warm-start...
Computing velocity and acceleration...
[compute_kinematics] m=2.513274e-01  c=4.421583e-03  k=3.968803e-01
  CFD trajectory has 139901 steps
  Warm-start window: CFD steps 17446]  (post-release)
  Handoff at t=87.7300s   (5.00s after release)
  Initial state at handoff: h=0.091731  h_dot=0.136904  h_ddot=-0.165927
  Warm-start raw stats (scaled by 1.0):
    disp range: [-0.13386, 0.12568]
    vel  range: [-0.17637, 0.18374]
    acc  range: [-0.22863, 0.24767]
Model loaded: input_size=4  hidden_size=64

[ATTRACTOR TEST] Seeding loop with artificial A/D = 0.525558
  Measured CFD true frequency: 0.214 Hz
[ATTRACTOR] seed A/D=0.525558  final A/D=0.3495  target=0.350372  f_dom=0.214  converged=False
Annotated receipt: results/gate3_attractor_Ur5.5_dim_context_above_150.npz
Completed: results/gate3_attractor_Ur5.5_dim_context_above_150.npz

============================================================
Arm:          nd_nocontext
Artifact:     generalization_Ur5.5_holdout_nd_nocontext
Seed label:   below_040
Seed ratio:   0.40 × CFD
Seed A/D:     0.1401488
Target A/D:   0.350372
Target f:     0.216406 Hz
Forcing:      deterministic GRU only
Coordinates:  resolved from artifact metadata
Output:       results/gate3_attractor_Ur5.5_nd_nocontext_below_040.npz
============================================================
Using device: cuda
[coord] Using coordinate mode from artifact (run_config.json (coordinate_mode=nondimensional)): nondimensional
Loaded scalers and UR stats: use_ur_context=Falsemean=6.5000, std=2.5909
y_scaler: mean=0.000299  scale=0.269071
[cylinder1000] Ur=5.5  U=0.4400 m/s  fn=0.2  D(Ur,rel,h/D)=0.4  B(force)=0.4
  m=2.513274e-01  c=4.421583e-03  k=3.968803e-01  rho=1.0  t_release=72.7273s

Loading CFD trajectory at Ur=5.5 for warm-start...
Computing velocity and acceleration...
[compute_kinematics] m=2.513274e-01  c=4.421583e-03  k=3.968803e-01
  CFD trajectory has 139901 steps
  Warm-start window: CFD steps 17446]  (post-release)
  Handoff at t=87.7300s   (5.00s after release)
  Initial state at handoff: h=0.091731  h_dot=0.136904  h_ddot=-0.165927
  Warm-start raw stats (scaled by 1.0):
    disp range: [-0.33464, 0.31420]
    vel  range: [-0.40085, 0.41759]
    acc  range: [-0.47238, 0.51172]
Model loaded: input_size=3  hidden_size=64

[ATTRACTOR TEST] Seeding loop with artificial A/D = 0.1401488
  Measured CFD true frequency: 0.214 Hz
[ATTRACTOR] seed A/D=0.1401488  final A/D=0.3536  target=0.350372  f_dom=0.214  converged=False
Annotated receipt: results/gate3_attractor_Ur5.5_nd_nocontext_below_040.npz
Completed: results/gate3_attractor_Ur5.5_nd_nocontext_below_040.npz

============================================================
Arm:          nd_nocontext
Artifact:     generalization_Ur5.5_holdout_nd_nocontext
Seed label:   below_055
Seed ratio:   0.55 × CFD
Seed A/D:     0.1927046
Target A/D:   0.350372
Target f:     0.216406 Hz
Forcing:      deterministic GRU only
Coordinates:  resolved from artifact metadata
Output:       results/gate3_attractor_Ur5.5_nd_nocontext_below_055.npz
============================================================
Using device: cuda
[coord] Using coordinate mode from artifact (run_config.json (coordinate_mode=nondimensional)): nondimensional
Loaded scalers and UR stats: use_ur_context=Falsemean=6.5000, std=2.5909
y_scaler: mean=0.000299  scale=0.269071
[cylinder1000] Ur=5.5  U=0.4400 m/s  fn=0.2  D(Ur,rel,h/D)=0.4  B(force)=0.4
  m=2.513274e-01  c=4.421583e-03  k=3.968803e-01  rho=1.0  t_release=72.7273s

Loading CFD trajectory at Ur=5.5 for warm-start...
Computing velocity and acceleration...
[compute_kinematics] m=2.513274e-01  c=4.421583e-03  k=3.968803e-01
  CFD trajectory has 139901 steps
  Warm-start window: CFD steps 17446]  (post-release)
  Handoff at t=87.7300s   (5.00s after release)
  Initial state at handoff: h=0.091731  h_dot=0.136904  h_ddot=-0.165927
  Warm-start raw stats (scaled by 1.0):
    disp range: [-0.33464, 0.31420]
    vel  range: [-0.40085, 0.41759]
    acc  range: [-0.47238, 0.51172]
Model loaded: input_size=3  hidden_size=64

[ATTRACTOR TEST] Seeding loop with artificial A/D = 0.1927046
  Measured CFD true frequency: 0.214 Hz
[ATTRACTOR] seed A/D=0.1927046  final A/D=0.3535  target=0.350372  f_dom=0.214  converged=False
Annotated receipt: results/gate3_attractor_Ur5.5_nd_nocontext_below_055.npz
Completed: results/gate3_attractor_Ur5.5_nd_nocontext_below_055.npz

============================================================
Arm:          nd_nocontext
Artifact:     generalization_Ur5.5_holdout_nd_nocontext
Seed label:   below_070
Seed ratio:   0.70 × CFD
Seed A/D:     0.2452604
Target A/D:   0.350372
Target f:     0.216406 Hz
Forcing:      deterministic GRU only
Coordinates:  resolved from artifact metadata
Output:       results/gate3_attractor_Ur5.5_nd_nocontext_below_070.npz
============================================================
Using device: cuda
[coord] Using coordinate mode from artifact (run_config.json (coordinate_mode=nondimensional)): nondimensional
Loaded scalers and UR stats: use_ur_context=Falsemean=6.5000, std=2.5909
y_scaler: mean=0.000299  scale=0.269071
[cylinder1000] Ur=5.5  U=0.4400 m/s  fn=0.2  D(Ur,rel,h/D)=0.4  B(force)=0.4
  m=2.513274e-01  c=4.421583e-03  k=3.968803e-01  rho=1.0  t_release=72.7273s

Loading CFD trajectory at Ur=5.5 for warm-start...
Computing velocity and acceleration...
[compute_kinematics] m=2.513274e-01  c=4.421583e-03  k=3.968803e-01
  CFD trajectory has 139901 steps
  Warm-start window: CFD steps 17446]  (post-release)
  Handoff at t=87.7300s   (5.00s after release)
  Initial state at handoff: h=0.091731  h_dot=0.136904  h_ddot=-0.165927
  Warm-start raw stats (scaled by 1.0):
    disp range: [-0.33464, 0.31420]
    vel  range: [-0.40085, 0.41759]
    acc  range: [-0.47238, 0.51172]
Model loaded: input_size=3  hidden_size=64

[ATTRACTOR TEST] Seeding loop with artificial A/D = 0.2452604
  Measured CFD true frequency: 0.214 Hz
[ATTRACTOR] seed A/D=0.2452604  final A/D=0.3538  target=0.350372  f_dom=0.214  converged=False
Annotated receipt: results/gate3_attractor_Ur5.5_nd_nocontext_below_070.npz
Completed: results/gate3_attractor_Ur5.5_nd_nocontext_below_070.npz

============================================================
Arm:          nd_nocontext
Artifact:     generalization_Ur5.5_holdout_nd_nocontext
Seed label:   above_130
Seed ratio:   1.30 × CFD
Seed A/D:     0.4554836
Target A/D:   0.350372
Target f:     0.216406 Hz
Forcing:      deterministic GRU only
Coordinates:  resolved from artifact metadata
Output:       results/gate3_attractor_Ur5.5_nd_nocontext_above_130.npz
============================================================
Using device: cuda
[coord] Using coordinate mode from artifact (run_config.json (coordinate_mode=nondimensional)): nondimensional
Loaded scalers and UR stats: use_ur_context=Falsemean=6.5000, std=2.5909
y_scaler: mean=0.000299  scale=0.269071
[cylinder1000] Ur=5.5  U=0.4400 m/s  fn=0.2  D(Ur,rel,h/D)=0.4  B(force)=0.4
  m=2.513274e-01  c=4.421583e-03  k=3.968803e-01  rho=1.0  t_release=72.7273s

Loading CFD trajectory at Ur=5.5 for warm-start...
Computing velocity and acceleration...
[compute_kinematics] m=2.513274e-01  c=4.421583e-03  k=3.968803e-01
  CFD trajectory has 139901 steps
  Warm-start window: CFD steps 17446]  (post-release)
  Handoff at t=87.7300s   (5.00s after release)
  Initial state at handoff: h=0.091731  h_dot=0.136904  h_ddot=-0.165927
  Warm-start raw stats (scaled by 1.0):
    disp range: [-0.33464, 0.31420]
    vel  range: [-0.40085, 0.41759]
    acc  range: [-0.47238, 0.51172]
Model loaded: input_size=3  hidden_size=64

[ATTRACTOR TEST] Seeding loop with artificial A/D = 0.4554836
  Measured CFD true frequency: 0.214 Hz
WARNING OOD step=31891: max|z|=6.00, h=5.0761e-01, v=1.3179e-02, a=-8.2765e-01, CL=-2.0602e-01
WARNING OOD step=31892: max|z|=6.00, h=5.0766e-01, v=9.0412e-03, a=-8.2764e-01, CL=-2.0589e-01
WARNING OOD step=31893: max|z|=6.00, h=5.0770e-01, v=4.9063e-03, a=-8.2632e-01, CL=-2.0576e-01
WARNING OOD step=31894: max|z|=6.00, h=5.0771e-01, v=7.9191e-04, a=-8.1944e-01, CL=-2.0564e-01
WARNING OOD step=31895: max|z|=6.00, h=5.0770e-01, v=-3.3191e-03, a=-8.2498e-01, CL=-2.0556e-01
WARNING OOD step=31896: max|z|=6.00, h=5.0768e-01, v=-7.4574e-03, a=-8.3031e-01, CL=-2.0544e-01
WARNING OOD step=31897: max|z|=6.00, h=5.0763e-01, v=-1.1616e-02, a=-8.3318e-01, CL=-2.0526e-01
WARNING OOD step=32354: max|z|=6.00, h=-5.0643e-01, v=-1.4294e-01, a=8.2284e-01, CL=1.3387e-01
WARNING OOD step=32355: max|z|=6.01, h=-5.0713e-01, v=-1.3882e-01, a=8.2329e-01, CL=1.3471e-01
WARNING OOD step=32356: max|z|=6.02, h=-5.0781e-01, v=-1.3469e-01, a=8.3029e-01, CL=1.3553e-01
[ATTRACTOR] seed A/D=0.4554836  final A/D=2.5423  target=0.350372  f_dom=0.200  converged=False
Annotated receipt: results/gate3_attractor_Ur5.5_nd_nocontext_above_130.npz
Completed: results/gate3_attractor_Ur5.5_nd_nocontext_above_130.npz

============================================================
Arm:          nd_nocontext
Artifact:     generalization_Ur5.5_holdout_nd_nocontext
Seed label:   above_150
Seed ratio:   1.50 × CFD
Seed A/D:     0.5255580
Target A/D:   0.350372
Target f:     0.216406 Hz
Forcing:      deterministic GRU only
Coordinates:  resolved from artifact metadata
Output:       results/gate3_attractor_Ur5.5_nd_nocontext_above_150.npz
============================================================
Using device: cuda
[coord] Using coordinate mode from artifact (run_config.json (coordinate_mode=nondimensional)): nondimensional
Loaded scalers and UR stats: use_ur_context=Falsemean=6.5000, std=2.5909
y_scaler: mean=0.000299  scale=0.269071
[cylinder1000] Ur=5.5  U=0.4400 m/s  fn=0.2  D(Ur,rel,h/D)=0.4  B(force)=0.4
  m=2.513274e-01  c=4.421583e-03  k=3.968803e-01  rho=1.0  t_release=72.7273s

Loading CFD trajectory at Ur=5.5 for warm-start...
Computing velocity and acceleration...
[compute_kinematics] m=2.513274e-01  c=4.421583e-03  k=3.968803e-01
  CFD trajectory has 139901 steps
  Warm-start window: CFD steps 17446]  (post-release)
  Handoff at t=87.7300s   (5.00s after release)
  Initial state at handoff: h=0.091731  h_dot=0.136904  h_ddot=-0.165927
  Warm-start raw stats (scaled by 1.0):
    disp range: [-0.33464, 0.31420]
    vel  range: [-0.40085, 0.41759]
    acc  range: [-0.47238, 0.51172]
Model loaded: input_size=3  hidden_size=64

[ATTRACTOR TEST] Seeding loop with artificial A/D = 0.525558
  Measured CFD true frequency: 0.214 Hz
WARNING OOD step=19094: max|z|=6.00, h=-5.0619e-01, v=-5.5329e-02, a=8.1039e-01, CL=1.5375e-01
WARNING OOD step=19095: max|z|=6.00, h=-5.0646e-01, v=-5.1268e-02, a=8.1438e-01, CL=1.5445e-01
WARNING OOD step=19096: max|z|=6.01, h=-5.0671e-01, v=-4.7176e-02, a=8.2241e-01, CL=1.5516e-01
WARNING OOD step=19097: max|z|=6.01, h=-5.0693e-01, v=-4.3066e-02, a=8.2144e-01, CL=1.5581e-01
WARNING OOD step=19098: max|z|=6.01, h=-5.0714e-01, v=-3.8950e-02, a=8.2489e-01, CL=1.5637e-01
WARNING OOD step=19099: max|z|=6.01, h=-5.0732e-01, v=-3.4840e-02, a=8.1896e-01, CL=1.5694e-01
WARNING OOD step=19100: max|z|=6.02, h=-5.0749e-01, v=-3.0772e-02, a=8.0829e-01, CL=1.5750e-01
WARNING OOD step=19101: max|z|=6.02, h=-5.0763e-01, v=-2.6710e-02, a=8.1648e-01, CL=1.5815e-01
WARNING OOD step=19102: max|z|=6.02, h=-5.0775e-01, v=-2.2618e-02, a=8.2031e-01, CL=1.5883e-01
WARNING OOD step=19103: max|z|=6.02, h=-5.0786e-01, v=-1.8509e-02, a=8.2354e-01, CL=1.5941e-01
[ATTRACTOR] seed A/D=0.525558  final A/D=2.5659  target=0.350372  f_dom=0.200  converged=False
Annotated receipt: results/gate3_attractor_Ur5.5_nd_nocontext_above_150.npz
Completed: results/gate3_attractor_Ur5.5_nd_nocontext_above_150.npz

============================================================
Arm:          nd_context
Artifact:     generalization_Ur5.5_holdout_nd_context
Seed label:   below_040
Seed ratio:   0.40 × CFD
Seed A/D:     0.1401488
Target A/D:   0.350372
Target f:     0.216406 Hz
Forcing:      deterministic GRU only
Coordinates:  resolved from artifact metadata
Output:       results/gate3_attractor_Ur5.5_nd_context_below_040.npz
============================================================
Using device: cuda
[coord] Using coordinate mode from artifact (run_config.json (coordinate_mode=nondimensional)): nondimensional
Loaded scalers and UR stats: use_ur_context=Truemean=6.5000, std=2.5909
y_scaler: mean=0.000299  scale=0.269071
[cylinder1000] Ur=5.5  U=0.4400 m/s  fn=0.2  D(Ur,rel,h/D)=0.4  B(force)=0.4
  m=2.513274e-01  c=4.421583e-03  k=3.968803e-01  rho=1.0  t_release=72.7273s

Loading CFD trajectory at Ur=5.5 for warm-start...
Computing velocity and acceleration...
[compute_kinematics] m=2.513274e-01  c=4.421583e-03  k=3.968803e-01
  CFD trajectory has 139901 steps
  Warm-start window: CFD steps 17446]  (post-release)
  Handoff at t=87.7300s   (5.00s after release)
  Initial state at handoff: h=0.091731  h_dot=0.136904  h_ddot=-0.165927
  Warm-start raw stats (scaled by 1.0):
    disp range: [-0.33464, 0.31420]
    vel  range: [-0.40085, 0.41759]
    acc  range: [-0.47238, 0.51172]
Model loaded: input_size=4  hidden_size=64

[ATTRACTOR TEST] Seeding loop with artificial A/D = 0.1401488
  Measured CFD true frequency: 0.214 Hz
[ATTRACTOR] seed A/D=0.1401488  final A/D=0.3525  target=0.350372  f_dom=0.214  converged=False
Annotated receipt: results/gate3_attractor_Ur5.5_nd_context_below_040.npz
Completed: results/gate3_attractor_Ur5.5_nd_context_below_040.npz

============================================================
Arm:          nd_context
Artifact:     generalization_Ur5.5_holdout_nd_context
Seed label:   below_055
Seed ratio:   0.55 × CFD
Seed A/D:     0.1927046
Target A/D:   0.350372
Target f:     0.216406 Hz
Forcing:      deterministic GRU only
Coordinates:  resolved from artifact metadata
Output:       results/gate3_attractor_Ur5.5_nd_context_below_055.npz
============================================================
Using device: cuda
[coord] Using coordinate mode from artifact (run_config.json (coordinate_mode=nondimensional)): nondimensional
Loaded scalers and UR stats: use_ur_context=Truemean=6.5000, std=2.5909
y_scaler: mean=0.000299  scale=0.269071
[cylinder1000] Ur=5.5  U=0.4400 m/s  fn=0.2  D(Ur,rel,h/D)=0.4  B(force)=0.4
  m=2.513274e-01  c=4.421583e-03  k=3.968803e-01  rho=1.0  t_release=72.7273s

Loading CFD trajectory at Ur=5.5 for warm-start...
Computing velocity and acceleration...
[compute_kinematics] m=2.513274e-01  c=4.421583e-03  k=3.968803e-01
  CFD trajectory has 139901 steps
  Warm-start window: CFD steps 17446]  (post-release)
  Handoff at t=87.7300s   (5.00s after release)
  Initial state at handoff: h=0.091731  h_dot=0.136904  h_ddot=-0.165927
  Warm-start raw stats (scaled by 1.0):
    disp range: [-0.33464, 0.31420]
    vel  range: [-0.40085, 0.41759]
    acc  range: [-0.47238, 0.51172]
Model loaded: input_size=4  hidden_size=64

[ATTRACTOR TEST] Seeding loop with artificial A/D = 0.1927046
  Measured CFD true frequency: 0.214 Hz
[ATTRACTOR] seed A/D=0.1927046  final A/D=0.3524  target=0.350372  f_dom=0.214  converged=False
Annotated receipt: results/gate3_attractor_Ur5.5_nd_context_below_055.npz
Completed: results/gate3_attractor_Ur5.5_nd_context_below_055.npz

============================================================
Arm:          nd_context
Artifact:     generalization_Ur5.5_holdout_nd_context
Seed label:   below_070
Seed ratio:   0.70 × CFD
Seed A/D:     0.2452604
Target A/D:   0.350372
Target f:     0.216406 Hz
Forcing:      deterministic GRU only
Coordinates:  resolved from artifact metadata
Output:       results/gate3_attractor_Ur5.5_nd_context_below_070.npz
============================================================
Using device: cuda
[coord] Using coordinate mode from artifact (run_config.json (coordinate_mode=nondimensional)): nondimensional
Loaded scalers and UR stats: use_ur_context=Truemean=6.5000, std=2.5909
y_scaler: mean=0.000299  scale=0.269071
[cylinder1000] Ur=5.5  U=0.4400 m/s  fn=0.2  D(Ur,rel,h/D)=0.4  B(force)=0.4
  m=2.513274e-01  c=4.421583e-03  k=3.968803e-01  rho=1.0  t_release=72.7273s

Loading CFD trajectory at Ur=5.5 for warm-start...
Computing velocity and acceleration...
[compute_kinematics] m=2.513274e-01  c=4.421583e-03  k=3.968803e-01
  CFD trajectory has 139901 steps
  Warm-start window: CFD steps 17446]  (post-release)
  Handoff at t=87.7300s   (5.00s after release)
  Initial state at handoff: h=0.091731  h_dot=0.136904  h_ddot=-0.165927
  Warm-start raw stats (scaled by 1.0):
    disp range: [-0.33464, 0.31420]
    vel  range: [-0.40085, 0.41759]
    acc  range: [-0.47238, 0.51172]
Model loaded: input_size=4  hidden_size=64

[ATTRACTOR TEST] Seeding loop with artificial A/D = 0.2452604
  Measured CFD true frequency: 0.214 Hz
[ATTRACTOR] seed A/D=0.2452604  final A/D=0.3524  target=0.350372  f_dom=0.214  converged=False
Annotated receipt: results/gate3_attractor_Ur5.5_nd_context_below_070.npz
Completed: results/gate3_attractor_Ur5.5_nd_context_below_070.npz

============================================================
Arm:          nd_context
Artifact:     generalization_Ur5.5_holdout_nd_context
Seed label:   above_130
Seed ratio:   1.30 × CFD
Seed A/D:     0.4554836
Target A/D:   0.350372
Target f:     0.216406 Hz
Forcing:      deterministic GRU only
Coordinates:  resolved from artifact metadata
Output:       results/gate3_attractor_Ur5.5_nd_context_above_130.npz
============================================================
Using device: cuda
[coord] Using coordinate mode from artifact (run_config.json (coordinate_mode=nondimensional)): nondimensional
Loaded scalers and UR stats: use_ur_context=Truemean=6.5000, std=2.5909
y_scaler: mean=0.000299  scale=0.269071
[cylinder1000] Ur=5.5  U=0.4400 m/s  fn=0.2  D(Ur,rel,h/D)=0.4  B(force)=0.4
  m=2.513274e-01  c=4.421583e-03  k=3.968803e-01  rho=1.0  t_release=72.7273s

Loading CFD trajectory at Ur=5.5 for warm-start...
Computing velocity and acceleration...
[compute_kinematics] m=2.513274e-01  c=4.421583e-03  k=3.968803e-01
  CFD trajectory has 139901 steps
  Warm-start window: CFD steps 17446]  (post-release)
  Handoff at t=87.7300s   (5.00s after release)
  Initial state at handoff: h=0.091731  h_dot=0.136904  h_ddot=-0.165927
  Warm-start raw stats (scaled by 1.0):
    disp range: [-0.33464, 0.31420]
    vel  range: [-0.40085, 0.41759]
    acc  range: [-0.47238, 0.51172]
Model loaded: input_size=4  hidden_size=64

[ATTRACTOR TEST] Seeding loop with artificial A/D = 0.4554836
  Measured CFD true frequency: 0.214 Hz
[ATTRACTOR] seed A/D=0.4554836  final A/D=0.3524  target=0.350372  f_dom=0.214  converged=False
Annotated receipt: results/gate3_attractor_Ur5.5_nd_context_above_130.npz
Completed: results/gate3_attractor_Ur5.5_nd_context_above_130.npz

============================================================
Arm:          nd_context
Artifact:     generalization_Ur5.5_holdout_nd_context
Seed label:   above_150
Seed ratio:   1.50 × CFD
Seed A/D:     0.5255580
Target A/D:   0.350372
Target f:     0.216406 Hz
Forcing:      deterministic GRU only
Coordinates:  resolved from artifact metadata
Output:       results/gate3_attractor_Ur5.5_nd_context_above_150.npz
============================================================
Using device: cuda
[coord] Using coordinate mode from artifact (run_config.json (coordinate_mode=nondimensional)): nondimensional
Loaded scalers and UR stats: use_ur_context=Truemean=6.5000, std=2.5909
y_scaler: mean=0.000299  scale=0.269071
[cylinder1000] Ur=5.5  U=0.4400 m/s  fn=0.2  D(Ur,rel,h/D)=0.4  B(force)=0.4
  m=2.513274e-01  c=4.421583e-03  k=3.968803e-01  rho=1.0  t_release=72.7273s

Loading CFD trajectory at Ur=5.5 for warm-start...
Computing velocity and acceleration...
[compute_kinematics] m=2.513274e-01  c=4.421583e-03  k=3.968803e-01
  CFD trajectory has 139901 steps
  Warm-start window: CFD steps 17446]  (post-release)
  Handoff at t=87.7300s   (5.00s after release)
  Initial state at handoff: h=0.091731  h_dot=0.136904  h_ddot=-0.165927
  Warm-start raw stats (scaled by 1.0):
    disp range: [-0.33464, 0.31420]
    vel  range: [-0.40085, 0.41759]
    acc  range: [-0.47238, 0.51172]
Model loaded: input_size=4  hidden_size=64

[ATTRACTOR TEST] Seeding loop with artificial A/D = 0.525558
  Measured CFD true frequency: 0.214 Hz
[ATTRACTOR] seed A/D=0.525558  final A/D=0.3524  target=0.350372  f_dom=0.214  converged=False
Annotated receipt: results/gate3_attractor_Ur5.5_nd_context_above_150.npz
Completed: results/gate3_attractor_Ur5.5_nd_context_above_150.npz

============================================================
Gate 3 trajectory generation completed.
Generated outputs:
results/gate3_attractor_Ur5.5_dim_context_above_130.npz
results/gate3_attractor_Ur5.5_dim_context_above_150.npz
results/gate3_attractor_Ur5.5_dim_context_below_040.npz
results/gate3_attractor_Ur5.5_dim_context_below_055.npz
results/gate3_attractor_Ur5.5_dim_context_below_070.npz
results/gate3_attractor_Ur5.5_nd_context_above_130.npz
results/gate3_attractor_Ur5.5_nd_context_above_150.npz
results/gate3_attractor_Ur5.5_nd_context_below_040.npz
results/gate3_attractor_Ur5.5_nd_context_below_055.npz
results/gate3_attractor_Ur5.5_nd_context_below_070.npz
results/gate3_attractor_Ur5.5_nd_nocontext_above_130.npz
results/gate3_attractor_Ur5.5_nd_nocontext_above_150.npz
results/gate3_attractor_Ur5.5_nd_nocontext_below_040.npz
results/gate3_attractor_Ur5.5_nd_nocontext_below_055.npz
results/gate3_attractor_Ur5.5_nd_nocontext_below_070.npz
============================================================

------------------------------------------------------------
Sender: LSF System <schwan@makalu83>
Subject: Job 1591373: <gate3_ur5p5> in cluster <wuerfel> Done

Job <gate3_ur5p5> was submitted from host <makalu56> by user <jote9827> in cluster <wuerfel> at Sun Jul 12 18:55:29 2026
Job was executed on host(s) <makalu83>, in queue <BatchGPU>, as user <jote9827> in cluster <wuerfel> at Sun Jul 12 18:55:49 2026
</home/jote9827> was used as the home directory.
</scratch/jote9827/Github/Cylinder> was used as the working directory.
Started at Sun Jul 12 18:55:49 2026
Terminated at Sun Jul 12 19:59:00 2026
Results reported at Sun Jul 12 19:59:00 2026

Your job looked like:

------------------------------------------------------------
# LSBATCH: User input
#!/bin/bash
#BSUB -J "gate3_ur5p5"
#BSUB -q BatchGPU
#BSUB -gpu "num=1:mode=shared"
#BSUB -R "rusage[mem=24000]"
#BSUB -W 4:00
#BSUB -o logs/gate3_ur5p5.log

set -euo pipefail
shopt -s nullglob

mkdir -p logs
cd /scratch/jote9827/Github/Cylinder
source .venv/bin/activate

export VIV_NUM_WORKERS=0
export OMP_NUM_THREADS=4

UR=5.5
CFD_AD=0.350372
CFD_F=0.216406
ANALYSIS_DT=0.005
TOTAL_TIME=700

# Three Gate-2 survivors.
ARMS=(
  "dim_context"
  "nd_nocontext"
  "nd_context"
)

# Initial amplitudes relative to the CFD A/D target:
#   below: 0.40, 0.55, 0.70
#   above: 1.30, 1.50
SEED_AD=(
  "0.1401488"
  "0.1927046"
  "0.2452604"
  "0.4554836"
  "0.5255580"
)

SEED_RATIO=(
  "0.40"
  "0.55"
  "0.70"
  "1.30"
  "1.50"
)


(... more ...)
------------------------------------------------------------

Successfully completed.

Resource usage summary:

    CPU time :                                   3672.23 sec.
    Max Memory :                                 963.90 MB
    Average Memory :                             718.00 MB
    Total Requested Memory :                     24000.00 MB
    Delta Memory :                               23036.10 MB
    Max Swap :                                   -
    Max Processes :                              5
    Max Threads :                                15
    Run time :                                   3791 sec.
    Turnaround time :                            3811 sec.

The output (if any) is above this job summary.

