============================================================
Gate:        1 — trained Ur regression
Arm:         dim_context
Artifact:    results/generalization_Ur5.5_holdout_dim_context
Ur:          5.0
Handoff:     2000 steps
Forcing:     deterministic GRU only
============================================================
Using device: cuda
[coord] Using coordinate mode from artifact (run_config.json (coordinate_mode=dimensional)): dimensional
Loaded scalers and UR stats: use_ur_context=Truemean=6.5000, std=2.5909
y_scaler: mean=0.000299  scale=0.269071
[cylinder1000] Ur=5.0  U=0.4000 m/s  fn=0.2  D(Ur,rel,h/D)=0.4  B(force)=0.4
  m=2.513274e-01  c=4.421583e-03  k=3.968803e-01  rho=1.0  t_release=80.0000s

Loading CFD trajectory at Ur=5.0 for warm-start...
Computing velocity and acceleration...
[compute_kinematics] m=2.513274e-01  c=4.421583e-03  k=3.968803e-01
  CFD trajectory has 139901 steps
  Warm-start window: CFD steps 18900]  (post-release)
  Handoff at t=95.0000s   (5.00s after release)
  Initial state at handoff: h=-0.126662  h_dot=0.133368  h_ddot=0.224674
  Warm-start raw stats (scaled by 1.0):
    disp range: [-0.16195, 0.14784]
    vel  range: [-0.20374, 0.17995]
    acc  range: [-0.24994, 0.28044]
Model loaded: input_size=4  hidden_size=64
Model/input check: input_size=4, history_shape=(1000, 4)

TF-vs-coupled diagnostic over full post-release record: 121000 steps (605.0s)
[info] --make_tf_residual not set; skipping TF diagnostic (diag plot and residual generation)
[info] --run_replay_diag not set; skipping Newmark replay diagnostic

Running coupled inference for 700.0s (121000 steps)...
121000 steps) ...
[closure] CFD RMS A/D=0.2940  a_ref(peak)=0.1663 m
Saved coupled trajectory -> /scratch/jote9827/Github/Cylinder/results/coupled_cylinder1000_Ur5.0_generalization_Ur5.5_holdout_dim_context_forc-v1_additive_noise-none_scale1_s1_seed0_handoff_2000_muNone.npz

Saved coupled VIV plot to /scratch/jote9827/Github/Cylinder/results/coupled_viv_Ur5.0_generalization_Ur5.5_holdout_dim_context_forc-v1_additive_noise-none_scale1_s1_seed0_handoff_2000_muNone.png

Steady-state A/D = 0.4122
Displacement range: -0.1661 to 0.1642 m
CL range: -0.1846 to 0.2030

------------------------------------------------------------
Sender: LSF System <schwan@makalu84>
Subject: Job 1587746[2]: <gate1_ur5[1-4]> in cluster <wuerfel> Done

Job <gate1_ur5[1-4]> was submitted from host <makalu56> by user <jote9827> in cluster <wuerfel> at Sat Jul 11 12:36:01 2026
Job was executed on host(s) <makalu84>, in queue <BatchGPU>, as user <jote9827> in cluster <wuerfel> at Sat Jul 11 12:36:21 2026
</home/jote9827> was used as the home directory.
</scratch/jote9827/Github/Cylinder> was used as the working directory.
Started at Sat Jul 11 12:36:21 2026
Terminated at Sat Jul 11 12:40:17 2026
Results reported at Sat Jul 11 12:40:17 2026

Your job looked like:

------------------------------------------------------------
# LSBATCH: User input
#!/bin/bash
#BSUB -J "gate1_ur5[1-4]"
#BSUB -q BatchGPU
#BSUB -gpu "num=1:mode=shared"
#BSUB -R "rusage[mem=24000]"
#BSUB -W 2:00
#BSUB -o logs/gate1_ur5_%I.log

set -euo pipefail

mkdir -p logs
cd /scratch/jote9827/Github/Cylinder
source .venv/bin/activate

export VIV_NUM_WORKERS=0
export OMP_NUM_THREADS=4

: "${LSB_JOBINDEX:?LSB_JOBINDEX is not set}"

case "$LSB_JOBINDEX" in
  1) TAG="dim_nocontext" ;;
  2) TAG="dim_context" ;;
  3) TAG="nd_nocontext" ;;
  4) TAG="nd_context" ;;
  *)
    echo "Invalid LSB_JOBINDEX=$LSB_JOBINDEX" >&2
    exit 2
    ;;
esac

SUBDIR="generalization_Ur5.5_holdout_${TAG}"

echo "============================================================"
echo "Gate:        1 — trained Ur regression"
echo "Arm:         $TAG"
echo "Artifact:    results/$SUBDIR"
echo "Ur:          5.0"
echo "Handoff:     2000 steps"
echo "Forcing:     deterministic GRU only"
echo "============================================================"

python -u -m src.viv_analysis.coupled_inference \
  --cfd_dataset cylinder1000 \
  --model_dataset cylinder1000 \
  --model_subdir "$SUBDIR" \
  --checkpoint gru_best.pt \
  --Ur 5.0 \
  --handoff_offset 2000 \
  --cfd_target_AD 0.4156 \
  --forcing_mode v1_additive \

(... more ...)
------------------------------------------------------------

Successfully completed.

Resource usage summary:

    CPU time :                                   217.38 sec.
    Max Memory :                                 791.89 MB
    Average Memory :                             685.96 MB
    Total Requested Memory :                     24000.00 MB
    Delta Memory :                               23208.11 MB
    Max Swap :                                   -
    Max Processes :                              4
    Max Threads :                                14
    Run time :                                   236 sec.
    Turnaround time :                            256 sec.

The output (if any) is above this job summary.

