Computing velocity and acceleration...
[compute_kinematics] m=2.513274e-01  c=4.421583e-03  k=3.968803e-01
Calibration receipt: 1.21464044623 90.0400009155 790.040000916 0.346148855247 0.331578476858 0.402748629093 3.85576858149 220.919266499 1.95941069066
============================================================
Gate:                    4
Stage:                   phase
Arm:                     nd_nocontext
Array index:             3
Requested ratio:         1.20 × CFD
Handoff offset:          2462 steps
Phase label:             quarter_2
Measured phase:          220.919266499 degrees
Unscaled local A/D:      0.346148855247
Unscaled window RMS A/D: 0.331578476858
Applied cfd_scale:       1.21464044623
Scaled window RMS A/D:   0.402748629093
Initial max |z|:         1.95941069066
Handoff time:            90.0400009155 s
Absolute total time:     790.040000916 s
Free-run duration:       700.0 s
Noise-seed filename tag: 4203
Git commit:              8f2239ed5e0e6a2c097ce31b67aef1a130896cbb
Dirty file count:        122
============================================================
Using device: cuda
[coord] Using coordinate mode from artifact (run_config.json (coordinate_mode=nondimensional)): nondimensional
Loaded scalers and UR stats: use_ur_context=Falsemean=6.5000, std=2.5909
y_scaler: mean=0.000299  scale=0.269071
[cylinder1000] Ur=5.5  U=0.4400 m/s  fn=0.2  D(Ur,rel,h/D)=0.4  B(force)=0.4
  m=2.513274e-01  c=4.421583e-03  k=3.968803e-01  rho=1.0  t_release=72.7273s

Loading CFD trajectory at Ur=5.5 for warm-start...
Computing velocity and acceleration...
[compute_kinematics] m=2.513274e-01  c=4.421583e-03  k=3.968803e-01
  CFD trajectory has 139901 steps
  Warm-start window: CFD steps 17908]  (post-release)
  Handoff at t=90.0400s   (5.00s after release)
  Initial state at handoff: h=-0.110156  h_dot=-0.172795  h_ddot=0.199824
  Warm-start raw stats (scaled by 1.21464044623):
    disp range: [-0.40647, 0.41558]
    vel  range: [-0.51486, 0.50722]
    acc  range: [-0.62333, 0.62156]
Model loaded: input_size=3  hidden_size=64
Model/input check: input_size=3, history_shape=(1000, 3)

TF-vs-coupled diagnostic over full post-release record: 121992 steps (610.0s)
[info] --make_tf_residual not set; skipping TF diagnostic (diag plot and residual generation)
[info] --run_replay_diag not set; skipping Newmark replay diagnostic

Running coupled inference for 790.040000916s (140000 steps)...
140000 steps) ...
[closure] CFD RMS A/D=0.2484  a_ref(peak)=0.1405 m
Saved coupled trajectory -> /scratch/jote9827/Github/Cylinder/results/coupled_cylinder1000_Ur5.5_generalization_Ur5.5_holdout_nd_nocontext_forc-v1_additive_noise-none_nd_scale1.21464_s1_seed4203_handoff_2462_muNone.npz

Saved coupled VIV plot to /scratch/jote9827/Github/Cylinder/results/coupled_viv_Ur5.5_generalization_Ur5.5_holdout_nd_nocontext_forc-v1_additive_noise-none_nd_scale1.21464_s1_seed4203_handoff_2462_muNone.png

Steady-state A/D = 0.3550
Displacement range: -0.1701 to 0.1698 m
CL range: -0.2030 to 0.2433
Gate-4 NPZ receipt:  results/gate4_phase_Ur5.5_nd_nocontext_r1p2000_off2462.npz
Gate-4 JSON receipt: results/gate4_phase_Ur5.5_nd_nocontext_r1p2000_off2462.json
Gate-4 plot receipt: results/gate4_phase_Ur5.5_nd_nocontext_r1p2000_off2462.png

Gate-4 run complete:
  results/gate4_phase_Ur5.5_nd_nocontext_r1p2000_off2462.npz
  results/gate4_phase_Ur5.5_nd_nocontext_r1p2000_off2462.json

------------------------------------------------------------
Sender: LSF System <schwan@makalu93>
Subject: Job 1594275[3]: <gate4_phase[1-12]> in cluster <wuerfel> Done

Job <gate4_phase[1-12]> was submitted from host <makalu56> by user <jote9827> in cluster <wuerfel> at Mon Jul 13 21:41:03 2026
Job was executed on host(s) <makalu93>, in queue <BatchGPU>, as user <jote9827> in cluster <wuerfel> at Mon Jul 13 21:50:39 2026
</home/jote9827> was used as the home directory.
</scratch/jote9827/Github/Cylinder> was used as the working directory.
Started at Mon Jul 13 21:50:39 2026
Terminated at Mon Jul 13 21:55:06 2026
Results reported at Mon Jul 13 21:55:06 2026

Your job looked like:

------------------------------------------------------------
# LSBATCH: User input
#!/bin/bash
#BSUB -J "gate4_ur5p5"
#BSUB -q BatchGPU
#BSUB -gpu "num=1:mode=shared"
#BSUB -R "rusage[mem=24000]"
#BSUB -W 3:00
#BSUB -o logs/gate4_%J_%I.log

set -euo pipefail
shopt -s nullglob

cd /scratch/jote9827/Github/Cylinder
source .venv/bin/activate

mkdir -p logs results

export VIV_NUM_WORKERS=0
export OMP_NUM_THREADS=4

STAGE="${STAGE:-coarse}"
JOB_INDEX="${LSB_JOBINDEX:-1}"

UR=5.5
CFD_AD=0.350372
CFD_F=0.216406
DT=0.005
D=0.4
FN=0.2
SEQ_LEN=1000
FREE_RUN=700.0

MODEL_SUBDIR="generalization_Ur5.5_holdout_nd_nocontext"
CHECKPOINT="gru_best.pt"

GIT_COMMIT="$(git rev-parse HEAD)"
GIT_DIRTY_COUNT="$(git status --porcelain | wc -l | tr -d ' ')"

ratio_tag () {
    python - "$1" <<'PY'
import sys
print(f"{float(sys.argv[1]):.4f}".replace(".", "p"))
PY
}

annotate_normal_run () {
    local src_npz="$1"
    local dst_npz="$2"
    local dst_json="$3"

    export G4_SRC_NPZ="$src_npz"

(... more ...)
------------------------------------------------------------

Successfully completed.

Resource usage summary:

    CPU time :                                   260.50 sec.
    Max Memory :                                 788.05 MB
    Average Memory :                             668.41 MB
    Total Requested Memory :                     24000.00 MB
    Delta Memory :                               23211.95 MB
    Max Swap :                                   -
    Max Processes :                              5
    Max Threads :                                15
    Run time :                                   267 sec.
    Turnaround time :                            843 sec.

The output (if any) is above this job summary.

