============================================================
Gate:        2 — held-out Ur test
Arm:         nd_nocontext
Artifact:    results/generalization_Ur5.5_holdout_nd_nocontext
Ur:          5.5
Handoff:     2000 steps
Total time:  700 s absolute simulation time
Forcing:     deterministic GRU only
Coordinates: resolved from artifact metadata
Status:      eligible for Gate-2 assessment
============================================================
Using device: cuda
[coord] Using coordinate mode from artifact (run_config.json (coordinate_mode=nondimensional)): nondimensional
Loaded scalers and UR stats: use_ur_context=Falsemean=6.5000, std=2.5909
y_scaler: mean=0.000299  scale=0.269071
[cylinder1000] Ur=5.5  U=0.4400 m/s  fn=0.2  D(Ur,rel,h/D)=0.4  B(force)=0.4
  m=2.513274e-01  c=4.421583e-03  k=3.968803e-01  rho=1.0  t_release=72.7273s

Loading CFD trajectory at Ur=5.5 for warm-start...
Computing velocity and acceleration...
[compute_kinematics] m=2.513274e-01  c=4.421583e-03  k=3.968803e-01
  CFD trajectory has 139901 steps
  Warm-start window: CFD steps 17446]  (post-release)
  Handoff at t=87.7300s   (5.00s after release)
  Initial state at handoff: h=0.091731  h_dot=0.136904  h_ddot=-0.165927
  Warm-start raw stats (scaled by 1.0):
    disp range: [-0.33464, 0.31420]
    vel  range: [-0.40085, 0.41759]
    acc  range: [-0.47238, 0.51172]
Model loaded: input_size=3  hidden_size=64
Model/input check: input_size=3, history_shape=(1000, 3)

TF-vs-coupled diagnostic over full post-release record: 122454 steps (612.3s)
[info] --make_tf_residual not set; skipping TF diagnostic (diag plot and residual generation)
[info] --run_replay_diag not set; skipping Newmark replay diagnostic

Running coupled inference for 700.0s (122453 steps)...
122453 steps) ...
[closure] CFD RMS A/D=0.2481  a_ref(peak)=0.1404 m
Saved coupled trajectory -> /scratch/jote9827/Github/Cylinder/results/coupled_cylinder1000_Ur5.5_generalization_Ur5.5_holdout_nd_nocontext_forc-v1_additive_noise-none_nd_scale1_s1_seed0_handoff_2000_muNone.npz

Saved coupled VIV plot to /scratch/jote9827/Github/Cylinder/results/coupled_viv_Ur5.5_generalization_Ur5.5_holdout_nd_nocontext_forc-v1_additive_noise-none_nd_scale1_s1_seed0_handoff_2000_muNone.png

Steady-state A/D = 0.3549
Displacement range: -0.1419 to 0.1421 m
CL range: -0.2031 to 0.2317

------------------------------------------------------------
Sender: LSF System <schwan@makalu85>
Subject: Job 1588248[3]: <gate2_ur5p5[1-4]> in cluster <wuerfel> Done

Job <gate2_ur5p5[1-4]> was submitted from host <makalu56> by user <jote9827> in cluster <wuerfel> at Sat Jul 11 16:01:58 2026
Job was executed on host(s) <makalu85>, in queue <BatchGPU>, as user <jote9827> in cluster <wuerfel> at Sat Jul 11 16:02:18 2026
</home/jote9827> was used as the home directory.
</scratch/jote9827/Github/Cylinder> was used as the working directory.
Started at Sat Jul 11 16:02:18 2026
Terminated at Sat Jul 11 16:06:18 2026
Results reported at Sat Jul 11 16:06:18 2026

Your job looked like:

------------------------------------------------------------
# LSBATCH: User input
#!/bin/bash
#BSUB -J "gate2_ur5p5[1-4]"
#BSUB -q BatchGPU
#BSUB -gpu "num=1:mode=shared"
#BSUB -R "rusage[mem=24000]"
#BSUB -W 2:00
#BSUB -o logs/gate2_ur5p5_%I.log

set -euo pipefail
shopt -s nullglob

mkdir -p logs
cd /scratch/jote9827/Github/Cylinder
source .venv/bin/activate

export VIV_NUM_WORKERS=0
export OMP_NUM_THREADS=4

: "${LSB_JOBINDEX:?LSB_JOBINDEX is not set}"

case "$LSB_JOBINDEX" in
  1) TAG="dim_nocontext" ;;
  2) TAG="dim_context" ;;
  3) TAG="nd_nocontext" ;;
  4) TAG="nd_context" ;;
  *)
    echo "Invalid LSB_JOBINDEX=$LSB_JOBINDEX" >&2
    exit 2
    ;;
esac

SUBDIR="generalization_Ur5.5_holdout_${TAG}"

# Prevent accidental overwriting of a previous Gate-2 receipt.
existing=(
  results/coupled_cylinder1000_Ur5.5_${SUBDIR}_\
forc-v1_additive_noise-none*handoff_2000_muNone.npz
)

if (( ${#existing[@]} > 0 )); then
  echo "Refusing to overwrite existing Gate-2 output:" >&2
  printf '  %s\n' "${existing[@]}" >&2
  exit 3
fi

echo "============================================================"
echo "Gate:        2 — held-out Ur test"
echo "Arm:         $TAG"
echo "Artifact:    results/$SUBDIR"
echo "Ur:          5.5"

(... more ...)
------------------------------------------------------------

Successfully completed.

Resource usage summary:

    CPU time :                                   222.23 sec.
    Max Memory :                                 772.35 MB
    Average Memory :                             668.99 MB
    Total Requested Memory :                     24000.00 MB
    Delta Memory :                               23227.65 MB
    Max Swap :                                   -
    Max Processes :                              4
    Max Threads :                                14
    Run time :                                   240 sec.
    Turnaround time :                            260 sec.

The output (if any) is above this job summary.

