Using device: cuda
[coord] Using coordinate mode from artifact (run_config.json (coordinate_mode=nondimensional)): nondimensional
Loaded scalers and UR stats: use_ur_context=Falsemean=6.5000, std=2.5909
y_scaler: mean=0.000299  scale=0.269071
[cylinder1000] Ur=5.5  U=0.4400 m/s  fn=0.2  D(Ur,rel,h/D)=0.4  B(force)=0.4
  m=2.513274e-01  c=4.421583e-03  k=3.968803e-01  rho=1.0  t_release=72.7273s

Loading CFD trajectory at Ur=5.5 for warm-start...
Computing velocity and acceleration...
[compute_kinematics] m=2.513274e-01  c=4.421583e-03  k=3.968803e-01
  CFD trajectory has 139901 steps
  Warm-start window: CFD steps 17446]  (post-release)
  Handoff at t=87.7300s   (5.00s after release)
  Initial state at handoff: h=0.117983  h_dot=0.176083  h_ddot=-0.213412
  Warm-start raw stats (scaled by 1.28618227142):
    disp range: [-0.43041, 0.40412]
    vel  range: [-0.51556, 0.53709]
    acc  range: [-0.60756, 0.65817]
Model loaded: input_size=3  hidden_size=64
Model/input check: input_size=3, history_shape=(1000, 3)

TF-vs-coupled diagnostic over full post-release record: 122454 steps (612.3s)
[info] --make_tf_residual not set; skipping TF diagnostic (diag plot and residual generation)
[info] --run_replay_diag not set; skipping Newmark replay diagnostic

Running coupled inference for 787.730003357s (140000 steps)...
140000 steps) ...
[closure] CFD RMS A/D=0.2481  a_ref(peak)=0.1404 m
WARNING OOD step=40282: max|z|=6.00, h=5.0778e-01, v=4.0964e-02, a=-8.3689e-01, CL=-2.0677e-01
WARNING OOD step=40283: max|z|=6.00, h=5.0797e-01, v=3.6784e-02, a=-8.3499e-01, CL=-2.0664e-01
WARNING OOD step=40284: max|z|=6.01, h=5.0815e-01, v=3.2643e-02, a=-8.2144e-01, CL=-2.0649e-01
WARNING OOD step=40285: max|z|=6.01, h=5.0830e-01, v=2.8511e-02, a=-8.3137e-01, CL=-2.0645e-01
WARNING OOD step=40286: max|z|=6.01, h=5.0843e-01, v=2.4370e-02, a=-8.2507e-01, CL=-2.0633e-01
WARNING OOD step=40287: max|z|=6.01, h=5.0854e-01, v=2.0238e-02, a=-8.2775e-01, CL=-2.0626e-01
WARNING OOD step=40288: max|z|=6.01, h=5.0863e-01, v=1.6073e-02, a=-8.3823e-01, CL=-2.0615e-01
WARNING OOD step=40289: max|z|=6.01, h=5.0870e-01, v=1.1917e-02, a=-8.2412e-01, CL=-2.0597e-01
WARNING OOD step=40290: max|z|=6.01, h=5.0875e-01, v=7.8000e-03, a=-8.2278e-01, CL=-2.0588e-01
WARNING OOD step=40291: max|z|=6.01, h=5.0878e-01, v=3.6680e-03, a=-8.3003e-01, CL=-2.0580e-01
Saved coupled trajectory -> /scratch/jote9827/Github/Cylinder/results/coupled_cylinder1000_Ur5.5_generalization_Ur5.5_holdout_nd_nocontext_forc-v1_additive_noise-none_nd_scale1.28618_s1_seed4107_handoff_2000_muNone.npz

Saved coupled VIV plot to /scratch/jote9827/Github/Cylinder/results/coupled_viv_Ur5.5_generalization_Ur5.5_holdout_nd_nocontext_forc-v1_additive_noise-none_nd_scale1.28618_s1_seed4107_handoff_2000_muNone.png

Steady-state A/D = 2.5751
Displacement range: -1.0296 to 1.0305 m
CL range: -0.2212 to 0.3333
