Using device: cuda
[coord] Using coordinate mode from artifact (run_config.json (coordinate_mode=nondimensional)): nondimensional
Loaded scalers and UR stats: use_ur_context=Falsemean=6.5000, std=2.5909
y_scaler: mean=0.000299  scale=0.269071
[cylinder1000] Ur=5.5  U=0.4400 m/s  fn=0.2  D(Ur,rel,h/D)=0.4  B(force)=0.4
  m=2.513274e-01  c=4.421583e-03  k=3.968803e-01  rho=1.0  t_release=72.7273s

Loading CFD trajectory at Ur=5.5 for warm-start...
Computing velocity and acceleration...
[compute_kinematics] m=2.513274e-01  c=4.421583e-03  k=3.968803e-01
  CFD trajectory has 139901 steps
  Warm-start window: CFD steps 17677]  (post-release)
  Handoff at t=88.8850s   (5.00s after release)
  Initial state at handoff: h=0.126888  h_dot=-0.150084  h_ddot=-0.233948
  Warm-start raw stats (scaled by 1.2332101784):
    disp range: [-0.41268, 0.42194]
    vel  range: [-0.49433, 0.51497]
    acc  range: [-0.63286, 0.63106]
Model loaded: input_size=3  hidden_size=64
Model/input check: input_size=3, history_shape=(1000, 3)

TF-vs-coupled diagnostic over full post-release record: 122223 steps (611.1s)
[info] --make_tf_residual not set; skipping TF diagnostic (diag plot and residual generation)
[info] --run_replay_diag not set; skipping Newmark replay diagnostic

Running coupled inference for 788.885002136s (139999 steps)...
139999 steps) ...
[closure] CFD RMS A/D=0.2483  a_ref(peak)=0.1405 m
Saved coupled trajectory -> /scratch/jote9827/Github/Cylinder/results/coupled_cylinder1000_Ur5.5_generalization_Ur5.5_holdout_nd_nocontext_forc-v1_additive_noise-none_nd_scale1.23321_s1_seed4202_handoff_2231_muNone.npz

Saved coupled VIV plot to /scratch/jote9827/Github/Cylinder/results/coupled_viv_Ur5.5_generalization_Ur5.5_holdout_nd_nocontext_forc-v1_additive_noise-none_nd_scale1.23321_s1_seed4202_handoff_2231_muNone.png

Steady-state A/D = 0.3550
Displacement range: -0.1704 to 0.1700 m
CL range: -0.2030 to 0.2434
