Computing velocity and acceleration...
[compute_kinematics] m=2.513274e-01  c=4.421583e-03  k=3.968803e-01
Calibration receipt: 1.28618227142 87.7300033569 787.730003357 0.340515500588 0.318963161187 0.410244763156 0.738896889925 42.335673288 2.04631570699
============================================================
Gate:                    4
Stage:                   coarse
Arm:                     nd_nocontext
Array index:             7
Requested ratio:         1.25 × CFD
Handoff offset:          2000 steps
Phase label:             reference
Measured phase:          42.335673288 degrees
Unscaled local A/D:      0.340515500588
Unscaled window RMS A/D: 0.318963161187
Applied cfd_scale:       1.28618227142
Scaled window RMS A/D:   0.410244763156
Initial max |z|:         2.04631570699
Handoff time:            87.7300033569 s
Absolute total time:     787.730003357 s
Free-run duration:       700.0 s
Noise-seed filename tag: 4107
Git commit:              8f2239ed5e0e6a2c097ce31b67aef1a130896cbb
Dirty file count:        93
============================================================
Using device: cuda
[coord] Using coordinate mode from artifact (run_config.json (coordinate_mode=nondimensional)): nondimensional
Loaded scalers and UR stats: use_ur_context=Falsemean=6.5000, std=2.5909
y_scaler: mean=0.000299  scale=0.269071
[cylinder1000] Ur=5.5  U=0.4400 m/s  fn=0.2  D(Ur,rel,h/D)=0.4  B(force)=0.4
  m=2.513274e-01  c=4.421583e-03  k=3.968803e-01  rho=1.0  t_release=72.7273s

Loading CFD trajectory at Ur=5.5 for warm-start...
Computing velocity and acceleration...
[compute_kinematics] m=2.513274e-01  c=4.421583e-03  k=3.968803e-01
  CFD trajectory has 139901 steps
  Warm-start window: CFD steps 17446]  (post-release)
  Handoff at t=87.7300s   (5.00s after release)
  Initial state at handoff: h=0.117983  h_dot=0.176083  h_ddot=-0.213412
  Warm-start raw stats (scaled by 1.28618227142):
    disp range: [-0.43041, 0.40412]
    vel  range: [-0.51556, 0.53709]
    acc  range: [-0.60756, 0.65817]
Model loaded: input_size=3  hidden_size=64
Model/input check: input_size=3, history_shape=(1000, 3)

TF-vs-coupled diagnostic over full post-release record: 122454 steps (612.3s)
[info] --make_tf_residual not set; skipping TF diagnostic (diag plot and residual generation)
[info] --run_replay_diag not set; skipping Newmark replay diagnostic

Running coupled inference for 787.730003357s (140000 steps)...
140000 steps) ...
[closure] CFD RMS A/D=0.2481  a_ref(peak)=0.1404 m
WARNING OOD step=40282: max|z|=6.00, h=5.0778e-01, v=4.0964e-02, a=-8.3689e-01, CL=-2.0677e-01
WARNING OOD step=40283: max|z|=6.00, h=5.0797e-01, v=3.6784e-02, a=-8.3499e-01, CL=-2.0664e-01
WARNING OOD step=40284: max|z|=6.01, h=5.0815e-01, v=3.2643e-02, a=-8.2144e-01, CL=-2.0649e-01
WARNING OOD step=40285: max|z|=6.01, h=5.0830e-01, v=2.8511e-02, a=-8.3137e-01, CL=-2.0645e-01
WARNING OOD step=40286: max|z|=6.01, h=5.0843e-01, v=2.4370e-02, a=-8.2507e-01, CL=-2.0633e-01
WARNING OOD step=40287: max|z|=6.01, h=5.0854e-01, v=2.0238e-02, a=-8.2775e-01, CL=-2.0626e-01
WARNING OOD step=40288: max|z|=6.01, h=5.0863e-01, v=1.6073e-02, a=-8.3823e-01, CL=-2.0615e-01
WARNING OOD step=40289: max|z|=6.01, h=5.0870e-01, v=1.1917e-02, a=-8.2412e-01, CL=-2.0597e-01
WARNING OOD step=40290: max|z|=6.01, h=5.0875e-01, v=7.8000e-03, a=-8.2278e-01, CL=-2.0588e-01
WARNING OOD step=40291: max|z|=6.01, h=5.0878e-01, v=3.6680e-03, a=-8.3003e-01, CL=-2.0580e-01
Saved coupled trajectory -> /scratch/jote9827/Github/Cylinder/results/coupled_cylinder1000_Ur5.5_generalization_Ur5.5_holdout_nd_nocontext_forc-v1_additive_noise-none_nd_scale1.28618_s1_seed4107_handoff_2000_muNone.npz

Saved coupled VIV plot to /scratch/jote9827/Github/Cylinder/results/coupled_viv_Ur5.5_generalization_Ur5.5_holdout_nd_nocontext_forc-v1_additive_noise-none_nd_scale1.28618_s1_seed4107_handoff_2000_muNone.png

Steady-state A/D = 2.5751
Displacement range: -1.0296 to 1.0305 m
CL range: -0.2212 to 0.3333
Gate-4 NPZ receipt:  results/gate4_coarse_Ur5.5_nd_nocontext_r1p2500_off2000.npz
Gate-4 JSON receipt: results/gate4_coarse_Ur5.5_nd_nocontext_r1p2500_off2000.json
Gate-4 plot receipt: results/gate4_coarse_Ur5.5_nd_nocontext_r1p2500_off2000.png

Gate-4 run complete:
  results/gate4_coarse_Ur5.5_nd_nocontext_r1p2500_off2000.npz
  results/gate4_coarse_Ur5.5_nd_nocontext_r1p2500_off2000.json

------------------------------------------------------------
Sender: LSF System <schwan@makalu92>
Subject: Job 1593858[7]: <gate4_coarse[2-8]> in cluster <wuerfel> Done

Job <gate4_coarse[2-8]> was submitted from host <makalu56> by user <jote9827> in cluster <wuerfel> at Mon Jul 13 15:36:43 2026
Job was executed on host(s) <makalu92>, in queue <BatchGPU>, as user <jote9827> in cluster <wuerfel> at Mon Jul 13 15:42:10 2026
</home/jote9827> was used as the home directory.
</scratch/jote9827/Github/Cylinder> was used as the working directory.
Started at Mon Jul 13 15:42:10 2026
Terminated at Mon Jul 13 15:47:16 2026
Results reported at Mon Jul 13 15:47:16 2026

Your job looked like:

------------------------------------------------------------
# LSBATCH: User input
#!/bin/bash
#BSUB -J "gate4_ur5p5"
#BSUB -q BatchGPU
#BSUB -gpu "num=1:mode=shared"
#BSUB -R "rusage[mem=24000]"
#BSUB -W 3:00
#BSUB -o logs/gate4_%J_%I.log

set -euo pipefail
shopt -s nullglob

cd /scratch/jote9827/Github/Cylinder
source .venv/bin/activate

mkdir -p logs results

export VIV_NUM_WORKERS=0
export OMP_NUM_THREADS=4

STAGE="${STAGE:-coarse}"
JOB_INDEX="${LSB_JOBINDEX:-1}"

UR=5.5
CFD_AD=0.350372
CFD_F=0.216406
DT=0.005
D=0.4
FN=0.2
SEQ_LEN=1000
FREE_RUN=700.0

MODEL_SUBDIR="generalization_Ur5.5_holdout_nd_nocontext"
CHECKPOINT="gru_best.pt"

GIT_COMMIT="$(git rev-parse HEAD)"
GIT_DIRTY_COUNT="$(git status --porcelain | wc -l | tr -d ' ')"

ratio_tag () {
    python - "$1" <<'PY'
import sys
print(f"{float(sys.argv[1]):.4f}".replace(".", "p"))
PY
}

annotate_normal_run () {
    local src_npz="$1"
    local dst_npz="$2"
    local dst_json="$3"

    export G4_SRC_NPZ="$src_npz"

(... more ...)
------------------------------------------------------------

Successfully completed.

Resource usage summary:

    CPU time :                                   295.93 sec.
    Max Memory :                                 780.30 MB
    Average Memory :                             687.82 MB
    Total Requested Memory :                     24000.00 MB
    Delta Memory :                               23219.70 MB
    Max Swap :                                   -
    Max Processes :                              5
    Max Threads :                                15
    Run time :                                   306 sec.
    Turnaround time :                            633 sec.

The output (if any) is above this job summary.

