============================================================
Mode:        smoke
Array index: 3
Arm:         nd_nocontext
Epochs:      1
Output:      results/smoke_generalization_Ur5.5_holdout_nd_nocontext
Command:
 python -u -m src.viv_analysis.train_gru --cfd_dataset cylinder1000 --holdout_ur 5.5 --epochs 1 --batch_size 512 --seq_len 1000 --noise_std 0.05 --seed 123 --num_workers 0 --nd_inputs --no_ur_context --exp_subdir smoke_generalization_Ur5.5_holdout_nd_nocontext
============================================================
Dataset: cylinder1000
Device: cuda  |  seq_len=1000  coord_mode=nondimensional  use_ur_context=False
Computing velocity and acceleration...
[compute_kinematics] m=2.513274e-01  c=4.421583e-03  k=3.968803e-01
Cases loaded (before split): ['Ur10', 'Ur11', 'Ur12', 'Ur2', 'Ur2.5', 'Ur3', 'Ur3.5', 'Ur4', 'Ur4.25', 'Ur4.5', 'Ur4.75', 'Ur5', 'Ur5.25', 'Ur5.5', 'Ur5.75', 'Ur6', 'Ur6.25', 'Ur6.5', 'Ur7', 'Ur8', 'Ur9']
train (computed): ['Ur10', 'Ur12', 'Ur3.5', 'Ur4', 'Ur4.5', 'Ur5', 'Ur5.75', 'Ur6', 'Ur6.25', 'Ur8']
Holdout: ur=5.5  label=Ur5.5
Train: ['Ur10', 'Ur12', 'Ur3.5', 'Ur4', 'Ur4.5', 'Ur5', 'Ur5.75', 'Ur6', 'Ur6.25', 'Ur8']
Val:   ['Ur4.25', 'Ur5.25', 'Ur6.5', 'Ur9']
Test:  ['Ur11', 'Ur4.75', 'Ur5.5', 'Ur7']

Applying nondimensional transform (D=0.4, fn=0.2):
  Ur5: U=0.400, divisors=[0.400, 0.400, 0.400]
  Ur7: U=0.560, divisors=[0.400, 0.560, 0.784]

x_scaler: mean=[0.00176438 0.00019144 0.00041893] scale=[0.21119467 0.30072386 0.43832801]
y_scaler (cl): mean=0.000299 scale=0.269071

Run config saved to /scratch/jote9827/Github/Cylinder/results/smoke_generalization_Ur5.5_holdout_nd_nocontext/run_config.json

Scaler-fit cases:   ['Ur10', 'Ur12', 'Ur3.5', 'Ur4', 'Ur4.5', 'Ur5', 'Ur5.75', 'Ur6', 'Ur6.25', 'Ur8']
Ur-stats-fit cases: ['Ur10', 'Ur12', 'Ur3.5', 'Ur4', 'Ur4.5', 'Ur5', 'Ur5.75', 'Ur6', 'Ur6.25', 'Ur8']
Noise std: 0.05  (applied to standardized model inputs, after scaler transform)

Dataset sizes — train: 156088 val: 500744 test: 505913
GRU parameters: 40,321
Random seed: 123 (controlled reproducibility)

Training for up to 1 epochs (noise_std=0.05 in standardized space)...
Epoch   1/1  train=0.70483  val=0.35697  R²=-0.2463  lr=1.00e-03

Best model saved (val_loss=0.35697)

Validation: {
  "mae": 0.1038937121629715,
  "rmse": 0.16081610100795554,
  "r2": -0.24632108211517334
}
Test:       {
  "mae": 0.06161973252892494,
  "rmse": 0.07808507256651427,
  "r2": 0.7989985942840576
}

Teacher forcing rollout on test cases:
  Ur11: R²=0.7954  RMSE=0.1041
  Ur4.75: R²=0.6180  RMSE=0.0909
  Ur5.5: R²=0.9038  RMSE=0.0481
  Ur7: R²=0.8661  RMSE=0.0531
  Ur10: CFD=0.3070  GRU=0.1661  amp_err=45.88%  R²=0.8278  [train]
  Ur11: CFD=0.3277  GRU=0.1689  amp_err=48.46%  R²=0.7954  [test]
  Ur12: CFD=0.3379  GRU=0.1696  amp_err=49.79%  R²=0.7736  [train]
  Ur3.5: CFD=1.0767  GRU=0.4914  amp_err=54.36%  R²=0.6778  [train]
  Ur4: CFD=0.0853  GRU=0.4808  amp_err=463.35%  R²=-16.2591  [train]
  Ur4.25: CFD=0.1366  GRU=0.3782  amp_err=176.89%  R²=-10.6084  [val]
  Ur4.5: CFD=0.1844  GRU=0.3064  amp_err=66.16%  R²=0.1404  [train]
  Ur4.75: CFD=0.2110  GRU=0.2889  amp_err=36.93%  R²=0.6180  [test]
  Ur5: CFD=0.2228  GRU=0.2669  amp_err=19.81%  R²=0.8010  [train]
  Ur5.25: CFD=0.2230  GRU=0.2438  amp_err=9.31%  R²=0.8798  [val]
  Ur5.5: CFD=0.2194  GRU=0.2221  amp_err=1.23%  R²=0.9038  [test]
  Ur5.75: CFD=0.2089  GRU=0.2020  amp_err=3.33%  R²=0.8976  [train]
  Ur6: CFD=0.1902  GRU=0.1814  amp_err=4.60%  R²=0.8655  [train]
  Ur6.25: CFD=0.1724  GRU=0.1609  amp_err=6.67%  R²=0.8222  [train]
  Ur6.5: CFD=0.1785  GRU=0.1525  amp_err=14.59%  R²=0.8427  [val]
  Ur7: CFD=0.2058  GRU=0.1499  amp_err=27.14%  R²=0.8661  [test]
  Ur8: CFD=0.2366  GRU=0.1476  amp_err=37.60%  R²=0.8466  [train]
  Ur9: CFD=0.2551  GRU=0.1464  amp_err=42.64%  R²=0.8241  [val]

All outputs saved to /scratch/jote9827/Github/Cylinder/results/smoke_generalization_Ur5.5_holdout_nd_nocontext

------------------------------------------------------------
Sender: LSF System <schwan@makalu85>
Subject: Job 1584765[3]: <gen_smoke[3]> in cluster <wuerfel> Done

Job <gen_smoke[3]> was submitted from host <makalu56> by user <jote9827> in cluster <wuerfel> at Fri Jul 10 19:32:02 2026
Job was executed on host(s) <makalu85>, in queue <BatchGPU>, as user <jote9827> in cluster <wuerfel> at Fri Jul 10 19:54:51 2026
</home/jote9827> was used as the home directory.
</scratch/jote9827/Github/Cylinder> was used as the working directory.
Started at Fri Jul 10 19:54:51 2026
Terminated at Fri Jul 10 21:00:42 2026
Results reported at Fri Jul 10 21:00:42 2026

Your job looked like:

------------------------------------------------------------
# LSBATCH: User input
#!/bin/bash
#BSUB -J "gen_train[1-4]"
#BSUB -q BatchGPU
#BSUB -gpu "num=1:mode=shared"
#BSUB -R "rusage[mem=32000]"
#BSUB -W 6:00
#BSUB -o logs/gen_train_%I.log

set -euo pipefail

mkdir -p logs
cd /scratch/jote9827/Github/Cylinder
source .venv/bin/activate

export VIV_NUM_WORKERS=0
export OMP_NUM_THREADS=4

: "${LSB_JOBINDEX:?LSB_JOBINDEX is not set}"

MODE="${MODE:-production}"
SEED=123
NOISE=0.05
BATCH_SIZE=512
SEQ_LEN=1000

case "$MODE" in
  smoke)
    EPOCHS=1
    PREFIX="smoke_generalization_Ur5.5_holdout"
    ;;
  production)
    EPOCHS=100
    PREFIX="generalization_Ur5.5_holdout"
    ;;
  *)
    echo "Invalid MODE='$MODE'; expected smoke or production" >&2
    exit 2
    ;;
esac

ARGS=(
  --cfd_dataset cylinder1000
  --holdout_ur 5.5
  --epochs "$EPOCHS"
  --batch_size "$BATCH_SIZE"
  --seq_len "$SEQ_LEN"
  --noise_std "$NOISE"
  --seed "$SEED"
  --num_workers 0
)

(... more ...)
------------------------------------------------------------

Successfully completed.

Resource usage summary:

    CPU time :                                   3962.30 sec.
    Max Memory :                                 15025.02 MB
    Average Memory :                             14692.24 MB
    Total Requested Memory :                     32000.00 MB
    Delta Memory :                               16974.98 MB
    Max Swap :                                   -
    Max Processes :                              4
    Max Threads :                                18
    Run time :                                   3950 sec.
    Turnaround time :                            5320 sec.

The output (if any) is above this job summary.

