============================================================
Mode:        production
Array index: 3
Arm:         nd_nocontext
Epochs:      100
Output:      results/generalization_Ur5.5_holdout_nd_nocontext
Command:
 python -u -m src.viv_analysis.train_gru --cfd_dataset cylinder1000 --holdout_ur 5.5 --epochs 100 --batch_size 512 --seq_len 1000 --noise_std 0.05 --seed 123 --num_workers 0 --nd_inputs --no_ur_context --exp_subdir generalization_Ur5.5_holdout_nd_nocontext
============================================================
Dataset: cylinder1000
Device: cuda  |  seq_len=1000  coord_mode=nondimensional  use_ur_context=False
Computing velocity and acceleration...
[compute_kinematics] m=2.513274e-01  c=4.421583e-03  k=3.968803e-01
Cases loaded (before split): ['Ur10', 'Ur11', 'Ur12', 'Ur2', 'Ur2.5', 'Ur3', 'Ur3.5', 'Ur4', 'Ur4.25', 'Ur4.5', 'Ur4.75', 'Ur5', 'Ur5.25', 'Ur5.5', 'Ur5.75', 'Ur6', 'Ur6.25', 'Ur6.5', 'Ur7', 'Ur8', 'Ur9']
train (computed): ['Ur10', 'Ur12', 'Ur3.5', 'Ur4', 'Ur4.5', 'Ur5', 'Ur5.75', 'Ur6', 'Ur6.25', 'Ur8']
Holdout: ur=5.5  label=Ur5.5
Train: ['Ur10', 'Ur12', 'Ur3.5', 'Ur4', 'Ur4.5', 'Ur5', 'Ur5.75', 'Ur6', 'Ur6.25', 'Ur8']
Val:   ['Ur4.25', 'Ur5.25', 'Ur6.5', 'Ur9']
Test:  ['Ur11', 'Ur4.75', 'Ur5.5', 'Ur7']

Applying nondimensional transform (D=0.4, fn=0.2):
  Ur5: U=0.400, divisors=[0.400, 0.400, 0.400]
  Ur7: U=0.560, divisors=[0.400, 0.560, 0.784]

x_scaler: mean=[0.00176438 0.00019144 0.00041893] scale=[0.21119467 0.30072386 0.43832801]
y_scaler (cl): mean=0.000299 scale=0.269071

Run config saved to /scratch/jote9827/Github/Cylinder/results/generalization_Ur5.5_holdout_nd_nocontext/run_config.json

Scaler-fit cases:   ['Ur10', 'Ur12', 'Ur3.5', 'Ur4', 'Ur4.5', 'Ur5', 'Ur5.75', 'Ur6', 'Ur6.25', 'Ur8']
Ur-stats-fit cases: ['Ur10', 'Ur12', 'Ur3.5', 'Ur4', 'Ur4.5', 'Ur5', 'Ur5.75', 'Ur6', 'Ur6.25', 'Ur8']
Noise std: 0.05  (applied to standardized model inputs, after scaler transform)

Dataset sizes — train: 156088 val: 500744 test: 505913
GRU parameters: 40,321
Random seed: 123 (controlled reproducibility)

Training for up to 100 epochs (noise_std=0.05 in standardized space)...
Epoch   1/100  train=0.71319  val=0.23051  R²=0.1954  lr=1.00e-03
Epoch   2/100  train=0.34563  val=0.10713  R²=0.6259  lr=1.00e-03
Epoch   3/100  train=0.17756  val=0.02238  R²=0.9220  lr=1.00e-03
Epoch   4/100  train=0.01883  val=0.00730  R²=0.9745  lr=1.00e-03
Epoch   5/100  train=0.00806  val=0.00464  R²=0.9838  lr=1.00e-03
Epoch   6/100  train=0.02008  val=0.00620  R²=0.9784  lr=1.00e-03
Epoch   7/100  train=0.00570  val=0.00738  R²=0.9742  lr=1.00e-03
Epoch   8/100  train=0.01147  val=0.00256  R²=0.9910  lr=1.00e-03
Epoch   9/100  train=0.00369  val=0.00292  R²=0.9898  lr=1.00e-03
Epoch  10/100  train=0.00313  val=0.00281  R²=0.9902  lr=1.00e-03
Epoch  11/100  train=0.00277  val=0.00317  R²=0.9889  lr=1.00e-03
Epoch  12/100  train=0.08099  val=0.00569  R²=0.9801  lr=1.00e-03
Epoch  13/100  train=0.00282  val=0.00288  R²=0.9900  lr=1.00e-03
Epoch  14/100  train=0.00206  val=0.00208  R²=0.9927  lr=1.00e-03
Epoch  15/100  train=0.00249  val=0.00261  R²=0.9909  lr=1.00e-03
Epoch  16/100  train=0.00175  val=0.00270  R²=0.9906  lr=1.00e-03
Epoch  17/100  train=0.00164  val=0.00226  R²=0.9921  lr=1.00e-03
Epoch  18/100  train=0.01883  val=0.00477  R²=0.9833  lr=1.00e-03
Epoch  19/100  train=0.00163  val=0.00442  R²=0.9846  lr=1.00e-03
Epoch  20/100  train=0.05366  val=0.03289  R²=0.8851  lr=5.00e-04
Epoch  21/100  train=0.00654  val=0.00433  R²=0.9849  lr=5.00e-04
Epoch  22/100  train=0.00148  val=0.00429  R²=0.9850  lr=5.00e-04
Epoch  23/100  train=0.00138  val=0.00503  R²=0.9824  lr=5.00e-04
Epoch  24/100  train=0.00126  val=0.00452  R²=0.9842  lr=5.00e-04
Epoch  25/100  train=0.00122  val=0.00679  R²=0.9763  lr=5.00e-04
Epoch  26/100  train=0.00115  val=0.00517  R²=0.9820  lr=2.50e-04
Epoch  27/100  train=0.00101  val=0.00618  R²=0.9784  lr=2.50e-04
Epoch  28/100  train=0.00100  val=0.00489  R²=0.9829  lr=2.50e-04
Epoch  29/100  train=0.00099  val=0.00541  R²=0.9811  lr=2.50e-04
Early stopping at epoch 29

Best model saved (val_loss=0.00208)

Validation: {
  "mae": 0.008960161358118057,
  "rmse": 0.012271781496468454,
  "r2": 0.9927425384521484
}
Test:       {
  "mae": 0.007862037979066372,
  "rmse": 0.01090253025033459,
  "r2": 0.996081531047821
}

Teacher forcing rollout on test cases:
  Ur11: R²=0.9973  RMSE=0.0119
  Ur4.75: R²=0.9962  RMSE=0.0091
  Ur5.5: R²=0.9988  RMSE=0.0054
  Ur7: R²=0.9896  RMSE=0.0148
  Ur10: CFD=0.3070  GRU=0.3070  amp_err=0.01%  R²=0.9993  [train]
  Ur11: CFD=0.3277  GRU=0.3229  amp_err=1.45%  R²=0.9973  [test]
  Ur12: CFD=0.3379  GRU=0.3339  amp_err=1.16%  R²=0.9994  [train]
  Ur3.5: CFD=1.0767  GRU=1.0770  amp_err=0.03%  R²=0.9997  [train]
  Ur4: CFD=0.0853  GRU=0.0813  amp_err=4.79%  R²=0.9717  [train]
  Ur4.25: CFD=0.1366  GRU=0.1294  amp_err=5.28%  R²=0.9724  [val]
  Ur4.5: CFD=0.1844  GRU=0.1882  amp_err=2.05%  R²=0.9960  [train]
  Ur4.75: CFD=0.2110  GRU=0.2142  amp_err=1.53%  R²=0.9962  [test]
  Ur5: CFD=0.2228  GRU=0.2237  amp_err=0.42%  R²=0.9980  [train]
  Ur5.25: CFD=0.2230  GRU=0.2237  amp_err=0.30%  R²=0.9986  [val]
  Ur5.5: CFD=0.2194  GRU=0.2176  amp_err=0.83%  R²=0.9988  [test]
  Ur5.75: CFD=0.2089  GRU=0.2072  amp_err=0.80%  R²=0.9990  [train]
  Ur6: CFD=0.1902  GRU=0.1911  amp_err=0.48%  R²=0.9988  [train]
  Ur6.25: CFD=0.1724  GRU=0.1735  amp_err=0.61%  R²=0.9982  [train]
  Ur6.5: CFD=0.1785  GRU=0.1910  amp_err=6.98%  R²=0.9898  [val]
  Ur7: CFD=0.2058  GRU=0.2183  amp_err=6.09%  R²=0.9896  [test]
  Ur8: CFD=0.2366  GRU=0.2352  amp_err=0.59%  R²=0.9964  [train]
  Ur9: CFD=0.2551  GRU=0.2414  amp_err=5.38%  R²=0.9945  [val]

All outputs saved to /scratch/jote9827/Github/Cylinder/results/generalization_Ur5.5_holdout_nd_nocontext

------------------------------------------------------------
Sender: LSF System <schwan@makalu90>
Subject: Job 1585173[3]: <gen_train[1-4]> in cluster <wuerfel> Done

Job <gen_train[1-4]> was submitted from host <makalu56> by user <jote9827> in cluster <wuerfel> at Fri Jul 10 21:57:09 2026
Job was executed on host(s) <makalu90>, in queue <BatchGPU>, as user <jote9827> in cluster <wuerfel> at Fri Jul 10 21:57:29 2026
</home/jote9827> was used as the home directory.
</scratch/jote9827/Github/Cylinder> was used as the working directory.
Started at Fri Jul 10 21:57:29 2026
Terminated at Fri Jul 10 23:08:53 2026
Results reported at Fri Jul 10 23:08:53 2026

Your job looked like:

------------------------------------------------------------
# LSBATCH: User input
#!/bin/bash
#BSUB -J "gen_train[1-4]"
#BSUB -q BatchGPU
#BSUB -gpu "num=1:mode=shared"
#BSUB -R "rusage[mem=32000]"
#BSUB -W 48:00
#BSUB -o logs/gen_train_%I.log

set -euo pipefail

mkdir -p logs
cd /scratch/jote9827/Github/Cylinder
source .venv/bin/activate

export VIV_NUM_WORKERS=0
export OMP_NUM_THREADS=4

: "${LSB_JOBINDEX:?LSB_JOBINDEX is not set}"

MODE="${MODE:-production}"
SEED=123
NOISE=0.05
BATCH_SIZE=512
SEQ_LEN=1000

case "$MODE" in
  smoke)
    EPOCHS=1
    PREFIX="smoke_generalization_Ur5.5_holdout"
    ;;
  production)
    EPOCHS=100
    PREFIX="generalization_Ur5.5_holdout"
    ;;
  *)
    echo "Invalid MODE='$MODE'; expected smoke or production" >&2
    exit 2
    ;;
esac

ARGS=(
  --cfd_dataset cylinder1000
  --holdout_ur 5.5
  --epochs "$EPOCHS"
  --batch_size "$BATCH_SIZE"
  --seq_len "$SEQ_LEN"
  --noise_std "$NOISE"
  --seed "$SEED"
  --num_workers 0
)

(... more ...)
------------------------------------------------------------

Successfully completed.

Resource usage summary:

    CPU time :                                   5056.49 sec.
    Max Memory :                                 20132.73 MB
    Average Memory :                             18446.10 MB
    Total Requested Memory :                     32000.00 MB
    Delta Memory :                               11867.27 MB
    Max Swap :                                   -
    Max Processes :                              4
    Max Threads :                                18
    Run time :                                   4284 sec.
    Turnaround time :                            4304 sec.

The output (if any) is above this job summary.

