============================================================
Mode:        production
Array index: 4
Arm:         nd_context
Epochs:      100
Output:      results/generalization_Ur5.5_holdout_nd_context
Command:
 python -u -m src.viv_analysis.train_gru --cfd_dataset cylinder1000 --holdout_ur 5.5 --epochs 100 --batch_size 512 --seq_len 1000 --noise_std 0.05 --seed 123 --num_workers 0 --nd_inputs --use_ur_context --exp_subdir generalization_Ur5.5_holdout_nd_context
============================================================
Dataset: cylinder1000
Device: cuda  |  seq_len=1000  coord_mode=nondimensional  use_ur_context=True
Computing velocity and acceleration...
[compute_kinematics] m=2.513274e-01  c=4.421583e-03  k=3.968803e-01
Cases loaded (before split): ['Ur10', 'Ur11', 'Ur12', 'Ur2', 'Ur2.5', 'Ur3', 'Ur3.5', 'Ur4', 'Ur4.25', 'Ur4.5', 'Ur4.75', 'Ur5', 'Ur5.25', 'Ur5.5', 'Ur5.75', 'Ur6', 'Ur6.25', 'Ur6.5', 'Ur7', 'Ur8', 'Ur9']
train (computed): ['Ur10', 'Ur12', 'Ur3.5', 'Ur4', 'Ur4.5', 'Ur5', 'Ur5.75', 'Ur6', 'Ur6.25', 'Ur8']
Holdout: ur=5.5  label=Ur5.5
Train: ['Ur10', 'Ur12', 'Ur3.5', 'Ur4', 'Ur4.5', 'Ur5', 'Ur5.75', 'Ur6', 'Ur6.25', 'Ur8']
Val:   ['Ur4.25', 'Ur5.25', 'Ur6.5', 'Ur9']
Test:  ['Ur11', 'Ur4.75', 'Ur5.5', 'Ur7']

Applying nondimensional transform (D=0.4, fn=0.2):
  Ur5: U=0.400, divisors=[0.400, 0.400, 0.400]
  Ur7: U=0.560, divisors=[0.400, 0.560, 0.784]

x_scaler: mean=[0.00176438 0.00019144 0.00041893] scale=[0.21119467 0.30072386 0.43832801]
y_scaler (cl): mean=0.000299 scale=0.269071
Using Ur context feature: mean=6.5000, std=2.5909 (fitted from 10 training cases)

Run config saved to /scratch/jote9827/Github/Cylinder/results/generalization_Ur5.5_holdout_nd_context/run_config.json

Scaler-fit cases:   ['Ur10', 'Ur12', 'Ur3.5', 'Ur4', 'Ur4.5', 'Ur5', 'Ur5.75', 'Ur6', 'Ur6.25', 'Ur8']
Ur-stats-fit cases: ['Ur10', 'Ur12', 'Ur3.5', 'Ur4', 'Ur4.5', 'Ur5', 'Ur5.75', 'Ur6', 'Ur6.25', 'Ur8']
Noise std: 0.05  (applied to standardized model inputs, after scaler transform)

Dataset sizes — train: 156088 val: 500744 test: 505913
GRU parameters: 40,513
Random seed: 123 (controlled reproducibility)

Training for up to 100 epochs (noise_std=0.05 in standardized space)...
Epoch   1/100  train=0.30149  val=0.01218  R²=0.9575  lr=1.00e-03
Epoch   2/100  train=0.01211  val=0.01434  R²=0.9500  lr=1.00e-03
Epoch   3/100  train=0.00708  val=0.01160  R²=0.9596  lr=1.00e-03
Epoch   4/100  train=0.00442  val=0.00922  R²=0.9679  lr=1.00e-03
Epoch   5/100  train=0.00375  val=0.01032  R²=0.9640  lr=1.00e-03
Epoch   6/100  train=0.00307  val=0.00890  R²=0.9690  lr=1.00e-03
Epoch   7/100  train=0.00254  val=0.00915  R²=0.9681  lr=1.00e-03
Epoch   8/100  train=0.00226  val=0.00907  R²=0.9684  lr=1.00e-03
Epoch   9/100  train=0.00237  val=0.00817  R²=0.9715  lr=1.00e-03
Epoch  10/100  train=0.00214  val=0.00808  R²=0.9718  lr=1.00e-03
Epoch  11/100  train=0.00200  val=0.00819  R²=0.9715  lr=1.00e-03
Epoch  12/100  train=0.00170  val=0.00813  R²=0.9716  lr=1.00e-03
Epoch  13/100  train=0.00167  val=0.00829  R²=0.9711  lr=1.00e-03
Epoch  14/100  train=0.00164  val=0.00808  R²=0.9718  lr=1.00e-03
Epoch  15/100  train=0.00161  val=0.00761  R²=0.9735  lr=1.00e-03
Epoch  16/100  train=0.00151  val=0.00852  R²=0.9703  lr=1.00e-03
Epoch  17/100  train=0.00128  val=0.00918  R²=0.9680  lr=1.00e-03
Epoch  18/100  train=0.00133  val=0.00903  R²=0.9685  lr=1.00e-03
Epoch  19/100  train=0.00132  val=0.00798  R²=0.9722  lr=1.00e-03
Epoch  20/100  train=0.00123  val=0.00826  R²=0.9712  lr=1.00e-03
Epoch  21/100  train=0.00118  val=0.00841  R²=0.9706  lr=5.00e-04
Epoch  22/100  train=0.00079  val=0.00897  R²=0.9687  lr=5.00e-04
Epoch  23/100  train=0.00077  val=0.00882  R²=0.9692  lr=5.00e-04
Epoch  24/100  train=0.00077  val=0.00857  R²=0.9701  lr=5.00e-04
Epoch  25/100  train=0.00075  val=0.00909  R²=0.9683  lr=5.00e-04
Epoch  26/100  train=0.00077  val=0.00982  R²=0.9657  lr=5.00e-04
Epoch  27/100  train=0.00078  val=0.00936  R²=0.9673  lr=2.50e-04
Epoch  28/100  train=0.00060  val=0.00913  R²=0.9682  lr=2.50e-04
Epoch  29/100  train=0.00062  val=0.00949  R²=0.9669  lr=2.50e-04
Epoch  30/100  train=0.00061  val=0.00990  R²=0.9654  lr=2.50e-04
Early stopping at epoch 30

Best model saved (val_loss=0.00761)

Validation: {
  "mae": 0.015832118690013885,
  "rmse": 0.023469812004626833,
  "r2": 0.9734545350074768
}
Test:       {
  "mae": 0.00980402622371912,
  "rmse": 0.015363762735201346,
  "r2": 0.9922186136245728
}

Teacher forcing rollout on test cases:
  Ur11: R²=0.9988  RMSE=0.0079
  Ur4.75: R²=0.9971  RMSE=0.0080
  Ur5.5: R²=0.9988  RMSE=0.0053
  Ur7: R²=0.9628  RMSE=0.0280
  Ur10: CFD=0.3070  GRU=0.2962  amp_err=3.51%  R²=0.9978  [train]
  Ur11: CFD=0.3277  GRU=0.3209  amp_err=2.06%  R²=0.9988  [test]
  Ur12: CFD=0.3379  GRU=0.3313  amp_err=1.94%  R²=0.9982  [train]
  Ur3.5: CFD=1.0767  GRU=1.0781  amp_err=0.13%  R²=0.9998  [train]
  Ur4: CFD=0.0853  GRU=0.0766  amp_err=10.26%  R²=0.9588  [train]
  Ur4.25: CFD=0.1366  GRU=0.1388  amp_err=1.64%  R²=0.9753  [val]
  Ur4.5: CFD=0.1844  GRU=0.1877  amp_err=1.80%  R²=0.9940  [train]
  Ur4.75: CFD=0.2110  GRU=0.2141  amp_err=1.48%  R²=0.9971  [test]
  Ur5: CFD=0.2228  GRU=0.2244  amp_err=0.74%  R²=0.9986  [train]
  Ur5.25: CFD=0.2230  GRU=0.2247  amp_err=0.74%  R²=0.9987  [val]
  Ur5.5: CFD=0.2194  GRU=0.2195  amp_err=0.03%  R²=0.9988  [test]
  Ur5.75: CFD=0.2089  GRU=0.2098  amp_err=0.40%  R²=0.9989  [train]
  Ur6: CFD=0.1902  GRU=0.1945  amp_err=2.28%  R²=0.9983  [train]
  Ur6.25: CFD=0.1724  GRU=0.1704  amp_err=1.16%  R²=0.9986  [train]
  Ur6.5: CFD=0.1785  GRU=0.1534  amp_err=14.04%  R²=0.9763  [val]
  Ur7: CFD=0.2058  GRU=0.1709  amp_err=16.97%  R²=0.9628  [test]
  Ur8: CFD=0.2366  GRU=0.2344  amp_err=0.90%  R²=0.9979  [train]
  Ur9: CFD=0.2551  GRU=0.2820  amp_err=10.54%  R²=0.9526  [val]

All outputs saved to /scratch/jote9827/Github/Cylinder/results/generalization_Ur5.5_holdout_nd_context

------------------------------------------------------------
Sender: LSF System <schwan@makalu80>
Subject: Job 1585173[4]: <gen_train[1-4]> in cluster <wuerfel> Done

Job <gen_train[1-4]> was submitted from host <makalu56> by user <jote9827> in cluster <wuerfel> at Fri Jul 10 21:57:09 2026
Job was executed on host(s) <makalu80>, in queue <BatchGPU>, as user <jote9827> in cluster <wuerfel> at Fri Jul 10 21:57:29 2026
</home/jote9827> was used as the home directory.
</scratch/jote9827/Github/Cylinder> was used as the working directory.
Started at Fri Jul 10 21:57:29 2026
Terminated at Fri Jul 10 23:17:53 2026
Results reported at Fri Jul 10 23:17:53 2026

Your job looked like:

------------------------------------------------------------
# LSBATCH: User input
#!/bin/bash
#BSUB -J "gen_train[1-4]"
#BSUB -q BatchGPU
#BSUB -gpu "num=1:mode=shared"
#BSUB -R "rusage[mem=32000]"
#BSUB -W 48:00
#BSUB -o logs/gen_train_%I.log

set -euo pipefail

mkdir -p logs
cd /scratch/jote9827/Github/Cylinder
source .venv/bin/activate

export VIV_NUM_WORKERS=0
export OMP_NUM_THREADS=4

: "${LSB_JOBINDEX:?LSB_JOBINDEX is not set}"

MODE="${MODE:-production}"
SEED=123
NOISE=0.05
BATCH_SIZE=512
SEQ_LEN=1000

case "$MODE" in
  smoke)
    EPOCHS=1
    PREFIX="smoke_generalization_Ur5.5_holdout"
    ;;
  production)
    EPOCHS=100
    PREFIX="generalization_Ur5.5_holdout"
    ;;
  *)
    echo "Invalid MODE='$MODE'; expected smoke or production" >&2
    exit 2
    ;;
esac

ARGS=(
  --cfd_dataset cylinder1000
  --holdout_ur 5.5
  --epochs "$EPOCHS"
  --batch_size "$BATCH_SIZE"
  --seq_len "$SEQ_LEN"
  --noise_std "$NOISE"
  --seed "$SEED"
  --num_workers 0
)

(... more ...)
------------------------------------------------------------

Successfully completed.

Resource usage summary:

    CPU time :                                   5676.23 sec.
    Max Memory :                                 26250.02 MB
    Average Memory :                             24616.81 MB
    Total Requested Memory :                     32000.00 MB
    Delta Memory :                               5749.98 MB
    Max Swap :                                   1 MB
    Max Processes :                              4
    Max Threads :                                18
    Run time :                                   4824 sec.
    Turnaround time :                            4844 sec.

The output (if any) is above this job summary.

