============================================================
Mode:        production
Array index: 1
Arm:         dim_nocontext
Epochs:      100
Output:      results/generalization_Ur5.5_holdout_dim_nocontext
Command:
 python -u -m src.viv_analysis.train_gru --cfd_dataset cylinder1000 --holdout_ur 5.5 --epochs 100 --batch_size 512 --seq_len 1000 --noise_std 0.05 --seed 123 --num_workers 0 --no_ur_context --exp_subdir generalization_Ur5.5_holdout_dim_nocontext
============================================================
Dataset: cylinder1000
Device: cuda  |  seq_len=1000  coord_mode=dimensional  use_ur_context=False
Computing velocity and acceleration...
[compute_kinematics] m=2.513274e-01  c=4.421583e-03  k=3.968803e-01
Cases loaded (before split): ['Ur10', 'Ur11', 'Ur12', 'Ur2', 'Ur2.5', 'Ur3', 'Ur3.5', 'Ur4', 'Ur4.25', 'Ur4.5', 'Ur4.75', 'Ur5', 'Ur5.25', 'Ur5.5', 'Ur5.75', 'Ur6', 'Ur6.25', 'Ur6.5', 'Ur7', 'Ur8', 'Ur9']
train (computed): ['Ur10', 'Ur12', 'Ur3.5', 'Ur4', 'Ur4.5', 'Ur5', 'Ur5.75', 'Ur6', 'Ur6.25', 'Ur8']
Holdout: ur=5.5  label=Ur5.5
Train: ['Ur10', 'Ur12', 'Ur3.5', 'Ur4', 'Ur4.5', 'Ur5', 'Ur5.75', 'Ur6', 'Ur6.25', 'Ur8']
Val:   ['Ur4.25', 'Ur5.25', 'Ur6.5', 'Ur9']
Test:  ['Ur11', 'Ur4.75', 'Ur5.5', 'Ur7']

x_scaler: mean=[7.05753791e-04 6.60902091e-05 2.28440592e-04] scale=[0.08447787 0.10889112 0.15732116]
y_scaler (cl): mean=0.000299 scale=0.269071

Run config saved to /scratch/jote9827/Github/Cylinder/results/generalization_Ur5.5_holdout_dim_nocontext/run_config.json

Scaler-fit cases:   ['Ur10', 'Ur12', 'Ur3.5', 'Ur4', 'Ur4.5', 'Ur5', 'Ur5.75', 'Ur6', 'Ur6.25', 'Ur8']
Ur-stats-fit cases: ['Ur10', 'Ur12', 'Ur3.5', 'Ur4', 'Ur4.5', 'Ur5', 'Ur5.75', 'Ur6', 'Ur6.25', 'Ur8']
Noise std: 0.05  (applied to standardized model inputs, after scaler transform)

Dataset sizes — train: 156088 val: 500744 test: 505913
GRU parameters: 40,321
Random seed: 123 (controlled reproducibility)

Training for up to 100 epochs (noise_std=0.05 in standardized space)...
Epoch   1/100  train=0.18474  val=0.01342  R²=0.9532  lr=1.00e-03
Epoch   2/100  train=0.01410  val=0.00522  R²=0.9818  lr=1.00e-03
Epoch   3/100  train=0.00740  val=0.00461  R²=0.9839  lr=1.00e-03
Epoch   4/100  train=0.00502  val=0.00379  R²=0.9868  lr=1.00e-03
Epoch   5/100  train=0.00346  val=0.00219  R²=0.9924  lr=1.00e-03
Epoch   6/100  train=0.00274  val=0.00375  R²=0.9869  lr=1.00e-03
Epoch   7/100  train=0.00209  val=0.00256  R²=0.9911  lr=1.00e-03
Epoch   8/100  train=0.00172  val=0.00162  R²=0.9943  lr=1.00e-03
Epoch   9/100  train=0.00144  val=0.00184  R²=0.9936  lr=1.00e-03
Epoch  10/100  train=0.00129  val=0.00182  R²=0.9936  lr=1.00e-03
Epoch  11/100  train=0.00125  val=0.00390  R²=0.9864  lr=1.00e-03
Epoch  12/100  train=0.00125  val=0.00158  R²=0.9945  lr=1.00e-03
Epoch  13/100  train=0.00115  val=0.00189  R²=0.9934  lr=1.00e-03
Epoch  14/100  train=0.00093  val=0.00197  R²=0.9931  lr=1.00e-03
Epoch  15/100  train=0.00094  val=0.00138  R²=0.9952  lr=1.00e-03
Epoch  16/100  train=0.00097  val=0.00140  R²=0.9951  lr=1.00e-03
Epoch  17/100  train=0.00088  val=0.00255  R²=0.9911  lr=1.00e-03
Epoch  18/100  train=0.00095  val=0.00136  R²=0.9953  lr=1.00e-03
Epoch  19/100  train=0.00082  val=0.00153  R²=0.9947  lr=1.00e-03
Epoch  20/100  train=0.00082  val=0.00170  R²=0.9941  lr=1.00e-03
Epoch  21/100  train=0.00078  val=0.00222  R²=0.9923  lr=1.00e-03
Epoch  22/100  train=0.00083  val=0.00171  R²=0.9941  lr=1.00e-03
Epoch  23/100  train=0.00076  val=0.00159  R²=0.9945  lr=1.00e-03
Epoch  24/100  train=0.00072  val=0.00172  R²=0.9940  lr=5.00e-04
Epoch  25/100  train=0.00047  val=0.00150  R²=0.9948  lr=5.00e-04
Epoch  26/100  train=0.00046  val=0.00154  R²=0.9947  lr=5.00e-04
Epoch  27/100  train=0.00048  val=0.00149  R²=0.9948  lr=5.00e-04
Epoch  28/100  train=0.00047  val=0.00147  R²=0.9949  lr=5.00e-04
Epoch  29/100  train=0.00051  val=0.00149  R²=0.9948  lr=5.00e-04
Epoch  30/100  train=0.00051  val=0.00134  R²=0.9953  lr=5.00e-04
Epoch  31/100  train=0.00048  val=0.00150  R²=0.9948  lr=5.00e-04
Epoch  32/100  train=0.00045  val=0.00149  R²=0.9948  lr=5.00e-04
Epoch  33/100  train=0.00048  val=0.00152  R²=0.9947  lr=5.00e-04
Epoch  34/100  train=0.00048  val=0.00168  R²=0.9941  lr=5.00e-04
Epoch  35/100  train=0.00045  val=0.00141  R²=0.9951  lr=5.00e-04
Epoch  36/100  train=0.00044  val=0.00169  R²=0.9941  lr=2.50e-04
Epoch  37/100  train=0.00035  val=0.00150  R²=0.9948  lr=2.50e-04
Epoch  38/100  train=0.00036  val=0.00164  R²=0.9943  lr=2.50e-04
Epoch  39/100  train=0.00034  val=0.00171  R²=0.9941  lr=2.50e-04
Epoch  40/100  train=0.00036  val=0.00166  R²=0.9942  lr=2.50e-04
Epoch  41/100  train=0.00035  val=0.00154  R²=0.9946  lr=2.50e-04
Epoch  42/100  train=0.00036  val=0.00180  R²=0.9937  lr=1.25e-04
Epoch  43/100  train=0.00031  val=0.00160  R²=0.9944  lr=1.25e-04
Epoch  44/100  train=0.00031  val=0.00162  R²=0.9943  lr=1.25e-04
Epoch  45/100  train=0.00031  val=0.00165  R²=0.9943  lr=1.25e-04
Early stopping at epoch 45

Best model saved (val_loss=0.00134)

Validation: {
  "mae": 0.00685297604650259,
  "rmse": 0.009827631552882458,
  "r2": 0.9953455328941345
}
Test:       {
  "mae": 0.004711010027676821,
  "rmse": 0.006273936812919355,
  "r2": 0.9987024068832397
}

Teacher forcing rollout on test cases:
  Ur11: R²=0.9995  RMSE=0.0052
  Ur4.75: R²=0.9989  RMSE=0.0049
  Ur5.5: R²=0.9996  RMSE=0.0032
  Ur7: R²=0.9955  RMSE=0.0098
  Ur10: CFD=0.3070  GRU=0.3096  amp_err=0.86%  R²=0.9997  [train]
  Ur11: CFD=0.3277  GRU=0.3271  amp_err=0.19%  R²=0.9995  [test]
  Ur12: CFD=0.3379  GRU=0.3406  amp_err=0.82%  R²=0.9999  [train]
  Ur3.5: CFD=1.0767  GRU=1.0819  amp_err=0.49%  R²=0.9999  [train]
  Ur4: CFD=0.0853  GRU=0.0810  amp_err=5.06%  R²=0.9944  [train]
  Ur4.25: CFD=0.1366  GRU=0.1332  amp_err=2.51%  R²=0.9976  [val]
  Ur4.5: CFD=0.1844  GRU=0.1887  amp_err=2.32%  R²=0.9981  [train]
  Ur4.75: CFD=0.2110  GRU=0.2137  amp_err=1.32%  R²=0.9989  [test]
  Ur5: CFD=0.2228  GRU=0.2258  amp_err=1.36%  R²=0.9993  [train]
  Ur5.25: CFD=0.2230  GRU=0.2269  amp_err=1.73%  R²=0.9993  [val]
  Ur5.5: CFD=0.2194  GRU=0.2206  amp_err=0.53%  R²=0.9996  [test]
  Ur5.75: CFD=0.2089  GRU=0.2096  amp_err=0.32%  R²=0.9997  [train]
  Ur6: CFD=0.1902  GRU=0.1943  amp_err=2.15%  R²=0.9990  [train]
  Ur6.25: CFD=0.1724  GRU=0.1744  amp_err=1.16%  R²=0.9993  [train]
  Ur6.5: CFD=0.1785  GRU=0.1710  amp_err=4.20%  R²=0.9967  [val]
  Ur7: CFD=0.2058  GRU=0.1950  amp_err=5.22%  R²=0.9955  [test]
  Ur8: CFD=0.2366  GRU=0.2383  amp_err=0.71%  R²=0.9996  [train]
  Ur9: CFD=0.2551  GRU=0.2737  amp_err=7.27%  R²=0.9911  [val]

All outputs saved to /scratch/jote9827/Github/Cylinder/results/generalization_Ur5.5_holdout_dim_nocontext

------------------------------------------------------------
Sender: LSF System <schwan@makalu88>
Subject: Job 1585173[1]: <gen_train[1-4]> in cluster <wuerfel> Done

Job <gen_train[1-4]> was submitted from host <makalu56> by user <jote9827> in cluster <wuerfel> at Fri Jul 10 21:57:09 2026
Job was executed on host(s) <makalu88>, in queue <BatchGPU>, as user <jote9827> in cluster <wuerfel> at Fri Jul 10 21:57:37 2026
</home/jote9827> was used as the home directory.
</scratch/jote9827/Github/Cylinder> was used as the working directory.
Started at Fri Jul 10 21:57:37 2026
Terminated at Fri Jul 10 23:26:03 2026
Results reported at Fri Jul 10 23:26:03 2026

Your job looked like:

------------------------------------------------------------
# LSBATCH: User input
#!/bin/bash
#BSUB -J "gen_train[1-4]"
#BSUB -q BatchGPU
#BSUB -gpu "num=1:mode=shared"
#BSUB -R "rusage[mem=32000]"
#BSUB -W 48:00
#BSUB -o logs/gen_train_%I.log

set -euo pipefail

mkdir -p logs
cd /scratch/jote9827/Github/Cylinder
source .venv/bin/activate

export VIV_NUM_WORKERS=0
export OMP_NUM_THREADS=4

: "${LSB_JOBINDEX:?LSB_JOBINDEX is not set}"

MODE="${MODE:-production}"
SEED=123
NOISE=0.05
BATCH_SIZE=512
SEQ_LEN=1000

case "$MODE" in
  smoke)
    EPOCHS=1
    PREFIX="smoke_generalization_Ur5.5_holdout"
    ;;
  production)
    EPOCHS=100
    PREFIX="generalization_Ur5.5_holdout"
    ;;
  *)
    echo "Invalid MODE='$MODE'; expected smoke or production" >&2
    exit 2
    ;;
esac

ARGS=(
  --cfd_dataset cylinder1000
  --holdout_ur 5.5
  --epochs "$EPOCHS"
  --batch_size "$BATCH_SIZE"
  --seq_len "$SEQ_LEN"
  --noise_std "$NOISE"
  --seed "$SEED"
  --num_workers 0
)

(... more ...)
------------------------------------------------------------

Successfully completed.

Resource usage summary:

    CPU time :                                   6337.55 sec.
    Max Memory :                                 15156.93 MB
    Average Memory :                             14677.43 MB
    Total Requested Memory :                     32000.00 MB
    Delta Memory :                               16843.07 MB
    Max Swap :                                   -
    Max Processes :                              4
    Max Threads :                                18
    Run time :                                   5266 sec.
    Turnaround time :                            5334 sec.

The output (if any) is above this job summary.

